Archive member included to satisfy reference by file (symbol)

/usr/local/mcuxpressoide-10.2.1_795/ide/tools/bin/../lib/gcc/arm-none-eabi/7.2.1/thumb/v6-m/libgcc.a(_udivsi3.o)
                              ./utilities/fsl_debug_console.o (__aeabi_uidiv)
/usr/local/mcuxpressoide-10.2.1_795/ide/tools/bin/../lib/gcc/arm-none-eabi/7.2.1/thumb/v6-m/libgcc.a(_divsi3.o)
                              ./utilities/fsl_debug_console.o (__aeabi_idiv)
/usr/local/mcuxpressoide-10.2.1_795/ide/tools/bin/../lib/gcc/arm-none-eabi/7.2.1/thumb/v6-m/libgcc.a(_dvmd_tls.o)
                              /usr/local/mcuxpressoide-10.2.1_795/ide/tools/bin/../lib/gcc/arm-none-eabi/7.2.1/thumb/v6-m/libgcc.a(_udivsi3.o) (__aeabi_idiv0)
/usr/local/mcuxpressoide-10.2.1_795/ide/tools/bin/../lib/gcc/arm-none-eabi/7.2.1/thumb/v6-m/libgcc.a(divsf3.o)
                              ./source/MMA8451Q.o (__aeabi_fdiv)
/usr/local/mcuxpressoide-10.2.1_795/ide/tools/bin/../lib/gcc/arm-none-eabi/7.2.1/thumb/v6-m/libgcc.a(floatsisf.o)
                              ./source/MMA8451Q.o (__aeabi_i2f)
/usr/local/mcuxpressoide-10.2.1_795/ide/tools/bin/../lib/gcc/arm-none-eabi/7.2.1/thumb/v6-m/libgcc.a(unwind-arm.o)
                              ./startup/startup_mkl25z4.o (__aeabi_unwind_cpp_pr0)
/usr/local/mcuxpressoide-10.2.1_795/ide/tools/bin/../lib/gcc/arm-none-eabi/7.2.1/thumb/v6-m/libgcc.a(libunwind.o)
                              /usr/local/mcuxpressoide-10.2.1_795/ide/tools/bin/../lib/gcc/arm-none-eabi/7.2.1/thumb/v6-m/libgcc.a(unwind-arm.o) (restore_core_regs)
/usr/local/mcuxpressoide-10.2.1_795/ide/tools/bin/../lib/gcc/arm-none-eabi/7.2.1/thumb/v6-m/libgcc.a(pr-support.o)
                              /usr/local/mcuxpressoide-10.2.1_795/ide/tools/bin/../lib/gcc/arm-none-eabi/7.2.1/thumb/v6-m/libgcc.a(unwind-arm.o) (__gnu_unwind_execute)
/usr/local/mcuxpressoide-10.2.1_795/ide/tools/bin/../lib/gcc/arm-none-eabi/7.2.1/thumb/v6-m/libgcc.a(_clzsi2.o)
                              /usr/local/mcuxpressoide-10.2.1_795/ide/tools/bin/../lib/gcc/arm-none-eabi/7.2.1/thumb/v6-m/libgcc.a(divsf3.o) (__clzsi2)
/usr/local/mcuxpressoide-10.2.1_795/ide/tools/bin/../lib/gcc/arm-none-eabi/7.2.1/../../../../arm-none-eabi/lib/thumb/v6-m/libc_nano.a(lib_a-abort.o)
                              /usr/local/mcuxpressoide-10.2.1_795/ide/tools/bin/../lib/gcc/arm-none-eabi/7.2.1/thumb/v6-m/libgcc.a(unwind-arm.o) (abort)
/usr/local/mcuxpressoide-10.2.1_795/ide/tools/bin/../lib/gcc/arm-none-eabi/7.2.1/../../../../arm-none-eabi/lib/thumb/v6-m/libc_nano.a(lib_a-init.o)
                              ./startup/startup_mkl25z4.o (__libc_init_array)
/usr/local/mcuxpressoide-10.2.1_795/ide/tools/bin/../lib/gcc/arm-none-eabi/7.2.1/../../../../arm-none-eabi/lib/thumb/v6-m/libc_nano.a(lib_a-memcpy-stub.o)
                              ./drivers/fsl_flash.o (memcpy)
/usr/local/mcuxpressoide-10.2.1_795/ide/tools/bin/../lib/gcc/arm-none-eabi/7.2.1/../../../../arm-none-eabi/lib/thumb/v6-m/libc_nano.a(lib_a-memset.o)
                              ./drivers/fsl_dma.o (memset)
/usr/local/mcuxpressoide-10.2.1_795/ide/tools/bin/../lib/gcc/arm-none-eabi/7.2.1/../../../../arm-none-eabi/lib/thumb/v6-m/libc_nano.a(lib_a-signal.o)
                              /usr/local/mcuxpressoide-10.2.1_795/ide/tools/bin/../lib/gcc/arm-none-eabi/7.2.1/../../../../arm-none-eabi/lib/thumb/v6-m/libc_nano.a(lib_a-abort.o) (raise)
/usr/local/mcuxpressoide-10.2.1_795/ide/tools/bin/../lib/gcc/arm-none-eabi/7.2.1/../../../../arm-none-eabi/lib/thumb/v6-m/libc_nano.a(lib_a-signalr.o)
                              /usr/local/mcuxpressoide-10.2.1_795/ide/tools/bin/../lib/gcc/arm-none-eabi/7.2.1/../../../../arm-none-eabi/lib/thumb/v6-m/libc_nano.a(lib_a-signal.o) (_kill_r)
/usr/local/mcuxpressoide-10.2.1_795/ide/tools/bin/../lib/gcc/arm-none-eabi/7.2.1/../../../../arm-none-eabi/lib/thumb/v6-m/libc_nano.a(lib_a-strlen.o)
                              ./utilities/fsl_debug_console.o (strlen)
/usr/local/mcuxpressoide-10.2.1_795/ide/tools/bin/../lib/gcc/arm-none-eabi/7.2.1/../../../../arm-none-eabi/lib/thumb/v6-m/libc_nano.a(lib_a-impure.o)
                              /usr/local/mcuxpressoide-10.2.1_795/ide/tools/bin/../lib/gcc/arm-none-eabi/7.2.1/../../../../arm-none-eabi/lib/thumb/v6-m/libc_nano.a(lib_a-signal.o) (_impure_ptr)
/usr/local/mcuxpressoide-10.2.1_795/ide/tools/bin/../lib/gcc/arm-none-eabi/7.2.1/../../../../arm-none-eabi/lib/thumb/v6-m/libc_nano.a(lib_a-nano-mallocr.o)
                              /usr/local/mcuxpressoide-10.2.1_795/ide/tools/bin/../lib/gcc/arm-none-eabi/7.2.1/../../../../arm-none-eabi/lib/thumb/v6-m/libc_nano.a(lib_a-signal.o) (_malloc_r)
/usr/local/mcuxpressoide-10.2.1_795/ide/tools/bin/../lib/gcc/arm-none-eabi/7.2.1/../../../../arm-none-eabi/lib/thumb/v6-m/libc_nano.a(lib_a-reent.o)
                              /usr/local/mcuxpressoide-10.2.1_795/ide/tools/bin/../lib/gcc/arm-none-eabi/7.2.1/../../../../arm-none-eabi/lib/thumb/v6-m/libc_nano.a(lib_a-signalr.o) (errno)
[...]
Memory Configuration

Name             Origin             Length             Attributes
PROGRAM_FLASH    0x0000000000000000 0x0000000000020000 xr
SRAM             0x000000001ffff000 0x0000000000004000 xrw
*default*        0x0000000000000000 0xffffffffffffffff

Linker script and memory map

LOAD ./utilities/fsl_debug_console.o
LOAD ./startup/startup_mkl25z4.o
LOAD ./source/I2C.o
LOAD ./source/MMA8451Q.o
LOAD ./source/main_Akcelerometer.o
LOAD ./source/mtb.o
LOAD ./source/semihost_hardfault.o
LOAD ./drivers/fsl_adc16.o
LOAD ./drivers/fsl_clock.o
LOAD ./drivers/fsl_cmp.o
LOAD ./drivers/fsl_common.o
LOAD ./drivers/fsl_cop.o
LOAD ./drivers/fsl_dac.o
LOAD ./drivers/fsl_dma.o
LOAD ./drivers/fsl_dmamux.o
LOAD ./drivers/fsl_flash.o
LOAD ./drivers/fsl_gpio.o
LOAD ./drivers/fsl_i2c.o
LOAD ./drivers/fsl_i2c_dma.o
LOAD ./drivers/fsl_llwu.o
LOAD ./drivers/fsl_lpsci.o
LOAD ./drivers/fsl_lpsci_dma.o
LOAD ./drivers/fsl_lptmr.o
LOAD ./drivers/fsl_pit.o
LOAD ./drivers/fsl_pmc.o
LOAD ./drivers/fsl_rcm.o
LOAD ./drivers/fsl_rtc.o
LOAD ./drivers/fsl_sim.o
LOAD ./drivers/fsl_smc.o
LOAD ./drivers/fsl_spi.o
LOAD ./drivers/fsl_spi_dma.o
LOAD ./drivers/fsl_tpm.o
LOAD ./drivers/fsl_tsi_v4.o
LOAD ./drivers/fsl_uart.o
LOAD ./drivers/fsl_uart_dma.o
LOAD ./board/board.o
LOAD ./board/clock_config.o
LOAD ./board/peripherals.o
LOAD ./board/pin_mux.o
LOAD ./CMSIS/system_MKL25Z4.o
START GROUP
LOAD /usr/local/mcuxpressoide-10.2.1_795/ide/tools/bin/../lib/gcc/arm-none-eabi/7.2.1/thumb/v6-m/libgcc.a
LOAD /usr/local/mcuxpressoide-10.2.1_795/ide/tools/bin/../lib/gcc/arm-none-eabi/7.2.1/../../../../arm-none-eabi/lib/thumb/v6-m/libc_nano.a
LOAD /usr/local/mcuxpressoide-10.2.1_795/ide/tools/bin/../lib/gcc/arm-none-eabi/7.2.1/../../../../arm-none-eabi/lib/thumb/v6-m/libstdc++_nano.a
LOAD /usr/local/mcuxpressoide-10.2.1_795/ide/tools/bin/../lib/gcc/arm-none-eabi/7.2.1/../../../../arm-none-eabi/lib/thumb/v6-m/libm.a
LOAD /usr/local/mcuxpressoide-10.2.1_795/ide/tools/bin/../lib/gcc/arm-none-eabi/7.2.1/../../../../arm-none-eabi/lib/thumb/v6-m/libcr_newlib_nohost.a
LOAD /usr/local/mcuxpressoide-10.2.1_795/ide/tools/bin/../lib/gcc/arm-none-eabi/7.2.1/thumb/v6-m/crti.o
LOAD /usr/local/mcuxpressoide-10.2.1_795/ide/tools/bin/../lib/gcc/arm-none-eabi/7.2.1/thumb/v6-m/crtn.o
LOAD /usr/local/mcuxpressoide-10.2.1_795/ide/tools/bin/../lib/gcc/arm-none-eabi/7.2.1/thumb/v6-m/crtbegin.o
LOAD /usr/local/mcuxpressoide-10.2.1_795/ide/tools/bin/../lib/gcc/arm-none-eabi/7.2.1/thumb/v6-m/crtend.o
END GROUP
                0x0000000000000000                __base_PROGRAM_FLASH = 0x0
                0x0000000000000000                __base_Flash = 0x0
                0x0000000000020000                __top_PROGRAM_FLASH = 0x20000
                0x0000000000020000                __top_Flash = 0x20000
                0x000000001ffff000                __base_SRAM = 0x1ffff000
                0x000000001ffff000                __base_RAM = 0x1ffff000
                0x0000000020003000                __top_SRAM = 0x20003000
                0x0000000020003000                __top_RAM = 0x20003000

.text           0x0000000000000000     0x410c
 FILL mask 0xff
                0x0000000000000000                __vectors_start__ = ABSOLUTE (.)
 *(.isr_vector)
 .isr_vector    0x0000000000000000       0xc0 ./startup/startup_mkl25z4.o
                0x0000000000000000                __Vectors
                0x0000000000000000                g_pfnVectors
                0x00000000000000c0                . = ALIGN (0x4)
                0x00000000000000c0                __section_table_start = .
                0x00000000000000c0                __data_section_table = .
                0x00000000000000c0        0x4 LONG 0x4234 LOADADDR (.data)
                0x00000000000000c4        0x4 LONG 0x1ffff080 ADDR (.data)
                0x00000000000000c8        0x4 LONG 0x74 SIZEOF (.data)
                0x00000000000000cc                __data_section_table_end = .
                0x00000000000000cc                __bss_section_table = .
                0x00000000000000cc        0x4 LONG 0x1ffff0f4 ADDR (.bss)
                0x00000000000000d0        0x4 LONG 0x90 SIZEOF (.bss)
                0x00000000000000d4                __bss_section_table_end = .
                0x00000000000000d4                __section_table_end = .
 *(.after_vectors*)
 .after_vectors.init_data
                0x00000000000000d4       0x16 ./startup/startup_mkl25z4.o
                0x00000000000000d4                data_init(unsigned int, unsigned int, unsigned int)
 .after_vectors.init_bss
                0x00000000000000ea       0x12 ./startup/startup_mkl25z4.o
                0x00000000000000ea                bss_init(unsigned int, unsigned int)
 .after_vectors.reset
                0x00000000000000fc       0x50 ./startup/startup_mkl25z4.o
                0x00000000000000fc                ResetISR
 .after_vectors
                0x000000000000014c      0x10c ./startup/startup_mkl25z4.o
                0x000000000000014c                NMI_Handler
                0x0000000000000150                SVC_Handler
                0x0000000000000152                PendSV_Handler
                0x0000000000000154                SysTick_Handler
                0x0000000000000156                PIT_DriverIRQHandler
                0x0000000000000156                Reserved39_DriverIRQHandler
                0x0000000000000156                LPTMR0_DriverIRQHandler
                0x0000000000000156                TPM2_DriverIRQHandler
                0x0000000000000156                TSI0_DriverIRQHandler
                0x0000000000000156                RTC_Seconds_DriverIRQHandler
                0x0000000000000156                LLWU_DriverIRQHandler
                0x0000000000000156                MCG_DriverIRQHandler
                0x0000000000000156                FTFA_DriverIRQHandler
                0x0000000000000156                IntDefaultHandler
                0x0000000000000156                USB0_DriverIRQHandler
                0x0000000000000156                DAC0_DriverIRQHandler
                0x0000000000000156                LVD_LVW_DriverIRQHandler
                0x0000000000000156                TPM0_DriverIRQHandler
                0x0000000000000156                Reserved20_DriverIRQHandler
                0x0000000000000156                Reserved45_DriverIRQHandler
                0x0000000000000156                PORTA_DriverIRQHandler
                0x0000000000000156                TPM1_DriverIRQHandler
                0x0000000000000156                RTC_DriverIRQHandler
                0x0000000000000156                ADC0_DriverIRQHandler
                0x0000000000000156                CMP0_DriverIRQHandler
                0x0000000000000156                PORTD_DriverIRQHandler
                0x0000000000000158                DMA0_IRQHandler
                0x0000000000000160                DMA1_IRQHandler
                0x0000000000000168                DMA2_IRQHandler
                0x0000000000000170                DMA3_IRQHandler
                0x0000000000000178                Reserved20_IRQHandler
                0x0000000000000180                FTFA_IRQHandler
                0x0000000000000188                LVD_LVW_IRQHandler
                0x0000000000000190                LLWU_IRQHandler
                0x0000000000000198                I2C0_IRQHandler
                0x00000000000001a0                I2C1_IRQHandler
                0x00000000000001a8                SPI0_IRQHandler
                0x00000000000001b0                SPI1_IRQHandler
                0x00000000000001b8                UART0_IRQHandler
                0x00000000000001c0                UART1_IRQHandler
                0x00000000000001c8                UART2_IRQHandler
                0x00000000000001d0                ADC0_IRQHandler
                0x00000000000001d8                CMP0_IRQHandler
                0x00000000000001e0                TPM0_IRQHandler
                0x00000000000001e8                TPM1_IRQHandler
                0x00000000000001f0                TPM2_IRQHandler
                0x00000000000001f8                RTC_IRQHandler
                0x0000000000000200                RTC_Seconds_IRQHandler
                0x0000000000000208                PIT_IRQHandler
                0x0000000000000210                Reserved39_IRQHandler
                0x0000000000000218                USB0_IRQHandler
                0x0000000000000220                DAC0_IRQHandler
                0x0000000000000228                TSI0_IRQHandler
                0x0000000000000230                MCG_IRQHandler
                0x0000000000000238                LPTMR0_IRQHandler
                0x0000000000000240                Reserved45_IRQHandler
                0x0000000000000248                PORTA_IRQHandler
                0x0000000000000250                PORTD_IRQHandler
                0x0000000000000400                . = 0x400
 *fill*         0x0000000000000258      0x1a8 ff
                0x0000000000000400                PROVIDE (__FLASH_CONFIG_START__, .)
 *(.FlashConfig)
 .FlashConfig   0x0000000000000400       0x10 ./startup/startup_mkl25z4.o
                0x0000000000000410                PROVIDE (__FLASH_CONFIG_END__, .)
                0x0000000000000001                ASSERT (! ((__FLASH_CONFIG_START__ == __FLASH_CONFIG_END__)), Linker Flash Config Support Enabled, but no .FlashConfig section provided within application)
 *(.text*)
 .text.UART_EnableTx
                0x0000000000000410       0x40 ./utilities/fsl_debug_console.o
 .text.UART_EnableRx
                0x0000000000000450       0x40 ./utilities/fsl_debug_console.o
 .text.LPSCI_EnableTx
                0x0000000000000490       0x40 ./utilities/fsl_debug_console.o
 .text.LPSCI_EnableRx
                0x00000000000004d0       0x40 ./utilities/fsl_debug_console.o
 .text.DbgConsole_Init
                0x0000000000000510       0xf4 ./utilities/fsl_debug_console.o
                0x0000000000000510                DbgConsole_Init
 .text.DbgConsole_Printf
                0x0000000000000604       0x44 ./utilities/fsl_debug_console.o
                0x0000000000000604                DbgConsole_Printf
 .text.DbgConsole_Putchar
                0x0000000000000648       0x34 ./utilities/fsl_debug_console.o
                0x0000000000000648                DbgConsole_Putchar
 .text.DbgConsole_PrintfPaddingCharacter
                0x000000000000067c       0x46 ./utilities/fsl_debug_console.o
 .text.DbgConsole_ConvertRadixNumToString
                0x00000000000006c2      0x114 ./utilities/fsl_debug_console.o
 .text.DbgConsole_PrintfFormattedData
                0x00000000000007d6      0x32c ./utilities/fsl_debug_console.o
 *fill*         0x0000000000000b02        0x2 ff
 .text          0x0000000000000b04       0x30 ./source/main_Akcelerometer.o
                0x0000000000000b04                main
 .text.HardFault_Handler
                0x0000000000000b34       0x30 ./source/semihost_hardfault.o
                0x0000000000000b34                HardFault_Handler
 .text.CLOCK_SetEr32kClock
                0x0000000000000b64       0x34 ./drivers/fsl_clock.o
 .text.CLOCK_SetPllFllSelClock
                0x0000000000000b98       0x38 ./drivers/fsl_clock.o
 .text.OSC_SetExtRefClkConfig
                0x0000000000000bd0       0x3e ./drivers/fsl_clock.o
 .text.OSC_SetCapLoad
                0x0000000000000c0e       0x42 ./drivers/fsl_clock.o
 .text.CLOCK_GetMcgExtClkFreq
                0x0000000000000c50       0x34 ./drivers/fsl_clock.o
 .text.CLOCK_GetFllExtRefClkFreq
                0x0000000000000c84       0xa4 ./drivers/fsl_clock.o
 .text.CLOCK_GetFllRefClkFreq
                0x0000000000000d28       0x2c ./drivers/fsl_clock.o
 .text.CLOCK_GetPll0RefFreq
                0x0000000000000d54       0x10 ./drivers/fsl_clock.o
 .text.CLOCK_GetOscRangeFromFreq
                0x0000000000000d64       0x4c ./drivers/fsl_clock.o
 .text.CLOCK_GetPllFllSelClkFreq
                0x0000000000000db0       0x4c ./drivers/fsl_clock.o
                0x0000000000000db0                CLOCK_GetPllFllSelClkFreq
 .text.CLOCK_SetSimConfig
                0x0000000000000dfc       0x38 ./drivers/fsl_clock.o
                0x0000000000000dfc                CLOCK_SetSimConfig
 .text.CLOCK_GetFllFreq
                0x0000000000000e34       0x84 ./drivers/fsl_clock.o
                0x0000000000000e34                CLOCK_GetFllFreq
 .text.CLOCK_GetPll0Freq
                0x0000000000000eb8       0x80 ./drivers/fsl_clock.o
                0x0000000000000eb8                CLOCK_GetPll0Freq
 .text.CLOCK_SetExternalRefClkConfig
                0x0000000000000f38       0x16 ./drivers/fsl_clock.o
                0x0000000000000f38                CLOCK_SetExternalRefClkConfig
 *fill*         0x0000000000000f4e        0x2 ff
 .text.CLOCK_SetInternalRefClkConfig
                0x0000000000000f50      0x128 ./drivers/fsl_clock.o
                0x0000000000000f50                CLOCK_SetInternalRefClkConfig
 .text.CLOCK_EnablePll0
                0x0000000000001078       0xa0 ./drivers/fsl_clock.o
                0x0000000000001078                CLOCK_EnablePll0
 .text.CLOCK_InitOsc0
                0x0000000000001118       0x94 ./drivers/fsl_clock.o
                0x0000000000001118                CLOCK_InitOsc0
 .text.CLOCK_SetPbeMode
                0x00000000000011ac       0xc0 ./drivers/fsl_clock.o
                0x00000000000011ac                CLOCK_SetPbeMode
 .text.CLOCK_BootToPeeMode
                0x000000000000126c       0x80 ./drivers/fsl_clock.o
                0x000000000000126c                CLOCK_BootToPeeMode
 .text.__assert_func
                0x00000000000012ec       0x28 ./drivers/fsl_common.o
                0x00000000000012ec                __assert_func
 .text.DMA_ClearChannelStatusFlags
                0x0000000000001314       0x64 ./drivers/fsl_dma.o
 .text.DMA_HandleIRQ
                0x0000000000001378       0x60 ./drivers/fsl_dma.o
                0x0000000000001378                DMA_HandleIRQ
 .text.DMA0_DriverIRQHandler
                0x00000000000013d8       0x18 ./drivers/fsl_dma.o
                0x00000000000013d8                DMA0_DriverIRQHandler
 .text.DMA1_DriverIRQHandler
                0x00000000000013f0       0x18 ./drivers/fsl_dma.o
                0x00000000000013f0                DMA1_DriverIRQHandler
 .text.DMA2_DriverIRQHandler
                0x0000000000001408       0x18 ./drivers/fsl_dma.o
                0x0000000000001408                DMA2_DriverIRQHandler
 .text.DMA3_DriverIRQHandler
                0x0000000000001420       0x18 ./drivers/fsl_dma.o
                0x0000000000001420                DMA3_DriverIRQHandler
 .text.I2C_TransferCommonIRQHandler
                0x0000000000001438       0x54 ./drivers/fsl_i2c.o
 .text.I2C0_DriverIRQHandler
                0x000000000000148c       0x20 ./drivers/fsl_i2c.o
                0x000000000000148c                I2C0_DriverIRQHandler
 .text.I2C1_DriverIRQHandler
                0x00000000000014ac       0x20 ./drivers/fsl_i2c.o
                0x00000000000014ac                I2C1_DriverIRQHandler
 .text.CLOCK_EnableClock
                0x00000000000014cc       0x34 ./drivers/fsl_lpsci.o
 .text.LPSCI_GetInstance
                0x0000000000001500       0x54 ./drivers/fsl_lpsci.o
                0x0000000000001500                LPSCI_GetInstance
 .text.LPSCI_Init
                0x0000000000001554      0x270 ./drivers/fsl_lpsci.o
                0x0000000000001554                LPSCI_Init
 .text.LPSCI_GetDefaultConfig
                0x00000000000017c4       0x54 ./drivers/fsl_lpsci.o
                0x00000000000017c4                LPSCI_GetDefaultConfig
 .text.LPSCI_GetStatusFlags
                0x0000000000001818       0x26 ./drivers/fsl_lpsci.o
                0x0000000000001818                LPSCI_GetStatusFlags
 *fill*         0x000000000000183e        0x2 ff
 .text.LPSCI_ClearStatusFlags
                0x0000000000001840       0x94 ./drivers/fsl_lpsci.o
                0x0000000000001840                LPSCI_ClearStatusFlags
 .text.LPSCI_WriteBlocking
                0x00000000000018d4       0x5c ./drivers/fsl_lpsci.o
                0x00000000000018d4                LPSCI_WriteBlocking
 .text.LPSCI_ReadBlocking
                0x0000000000001930       0xd0 ./drivers/fsl_lpsci.o
                0x0000000000001930                LPSCI_ReadBlocking
 .text.UART0_DriverIRQHandler
                0x0000000000001a00       0x24 ./drivers/fsl_lpsci.o
                0x0000000000001a00                UART0_DriverIRQHandler
 .text.SPI_CommonIRQHandler
                0x0000000000001a24       0x54 ./drivers/fsl_spi.o
 .text.SPI0_DriverIRQHandler
                0x0000000000001a78       0x40 ./drivers/fsl_spi.o
                0x0000000000001a78                SPI0_DriverIRQHandler
 .text.SPI1_DriverIRQHandler
                0x0000000000001ab8       0x40 ./drivers/fsl_spi.o
                0x0000000000001ab8                SPI1_DriverIRQHandler
 .text.CLOCK_EnableClock
                0x0000000000001af8       0x34 ./drivers/fsl_uart.o
 .text.UART_GetInstance
                0x0000000000001b2c       0x60 ./drivers/fsl_uart.o
                0x0000000000001b2c                UART_GetInstance
 .text.UART_Init
                0x0000000000001b8c      0x1f8 ./drivers/fsl_uart.o
                0x0000000000001b8c                UART_Init
 .text.UART_GetDefaultConfig
                0x0000000000001d84       0x54 ./drivers/fsl_uart.o
                0x0000000000001d84                UART_GetDefaultConfig
 .text.UART_GetStatusFlags
                0x0000000000001dd8       0x26 ./drivers/fsl_uart.o
                0x0000000000001dd8                UART_GetStatusFlags
 .text.UART_WriteBlocking
                0x0000000000001dfe       0x3a ./drivers/fsl_uart.o
                0x0000000000001dfe                UART_WriteBlocking
 .text.UART_ReadBlocking
                0x0000000000001e38       0xa8 ./drivers/fsl_uart.o
                0x0000000000001e38                UART_ReadBlocking
 .text.UART1_DriverIRQHandler
                0x0000000000001ee0       0x24 ./drivers/fsl_uart.o
                0x0000000000001ee0                UART1_DriverIRQHandler
 .text.UART2_DriverIRQHandler
                0x0000000000001f04       0x24 ./drivers/fsl_uart.o
                0x0000000000001f04                UART2_DriverIRQHandler
 .text.CLOCK_SetLpsci0Clock
                0x0000000000001f28       0x38 ./board/board.o
 .text.BOARD_InitDebugConsole
                0x0000000000001f60       0x30 ./board/board.o
                0x0000000000001f60                BOARD_InitDebugConsole
 .text.CLOCK_SetSimSafeDivs
                0x0000000000001f90       0x20 ./board/clock_config.o
 .text.CLOCK_SetXtal0Freq
                0x0000000000001fb0       0x1c ./board/clock_config.o
 .text.BOARD_InitBootClocks
                0x0000000000001fcc        0xe ./board/clock_config.o
                0x0000000000001fcc                BOARD_InitBootClocks
 *fill*         0x0000000000001fda        0x2 ff
 .text.CLOCK_CONFIG_SetFllExtRefDiv
                0x0000000000001fdc       0x3c ./board/clock_config.o
 .text.BOARD_BootClockRUN
                0x0000000000002018       0x64 ./board/clock_config.o
                0x0000000000002018                BOARD_BootClockRUN
 .text.BOARD_InitBootPeripherals
                0x000000000000207c        0xa ./board/peripherals.o
                0x000000000000207c                BOARD_InitBootPeripherals
 *fill*         0x0000000000002086        0x2 ff
 .text.CLOCK_EnableClock
                0x0000000000002088       0x34 ./board/pin_mux.o
 .text.PORT_SetPinMux
                0x00000000000020bc       0x40 ./board/pin_mux.o
 .text.BOARD_InitBootPins
                0x00000000000020fc        0xe ./board/pin_mux.o
                0x00000000000020fc                BOARD_InitBootPins
 *fill*         0x000000000000210a        0x2 ff
 .text.BOARD_InitPins
                0x000000000000210c       0x4c ./board/pin_mux.o
                0x000000000000210c                BOARD_InitPins
 .text.SystemInit
                0x0000000000002158       0x18 ./CMSIS/system_MKL25Z4.o
                0x0000000000002158                SystemInit
 .text          0x0000000000002170      0x114 /usr/local/mcuxpressoide-10.2.1_795/ide/tools/bin/../lib/gcc/arm-none-eabi/7.2.1/thumb/v6-m/libgcc.a(_udivsi3.o)
                0x0000000000002170                __udivsi3
                0x0000000000002170                __aeabi_uidiv
                0x000000000000227c                __aeabi_uidivmod
 .text          0x0000000000002284      0x1d4 /usr/local/mcuxpressoide-10.2.1_795/ide/tools/bin/../lib/gcc/arm-none-eabi/7.2.1/thumb/v6-m/libgcc.a(_divsi3.o)
                0x0000000000002284                __aeabi_idiv
                0x0000000000002284                __divsi3
                0x0000000000002450                __aeabi_idivmod
 .text          0x0000000000002458        0x4 /usr/local/mcuxpressoide-10.2.1_795/ide/tools/bin/../lib/gcc/arm-none-eabi/7.2.1/thumb/v6-m/libgcc.a(_dvmd_tls.o)
                0x0000000000002458                __aeabi_ldiv0
                0x0000000000002458                __aeabi_idiv0
 .text          0x000000000000245c      0xa08 /usr/local/mcuxpressoide-10.2.1_795/ide/tools/bin/../lib/gcc/arm-none-eabi/7.2.1/thumb/v6-m/libgcc.a(unwind-arm.o)
                0x0000000000002718                _Unwind_GetCFA
                0x000000000000271c                __gnu_Unwind_RaiseException
                0x0000000000002770                __gnu_Unwind_ForcedUnwind
                0x0000000000002784                __gnu_Unwind_Resume
                0x00000000000027cc                __gnu_Unwind_Resume_or_Rethrow
                0x00000000000027e8                _Unwind_Complete
                0x00000000000027ec                _Unwind_DeleteException
                0x00000000000027fc                _Unwind_VRS_Get
                0x0000000000002844                _Unwind_VRS_Set
                0x000000000000288c                __gnu_Unwind_Backtrace
                0x0000000000002bdc                __aeabi_unwind_cpp_pr0
                0x0000000000002be8                __aeabi_unwind_cpp_pr1
                0x0000000000002bf4                __aeabi_unwind_cpp_pr2
                0x0000000000002c00                _Unwind_VRS_Pop
 .text          0x0000000000002e64      0x144 /usr/local/mcuxpressoide-10.2.1_795/ide/tools/bin/../lib/gcc/arm-none-eabi/7.2.1/thumb/v6-m/libgcc.a(libunwind.o)
                0x0000000000002e64                __restore_core_regs
                0x0000000000002e64                restore_core_regs
                0x0000000000002e90                __gnu_Unwind_Restore_VFP
                0x0000000000002e94                __gnu_Unwind_Save_VFP
                0x0000000000002e98                __gnu_Unwind_Restore_VFP_D
                0x0000000000002e9c                __gnu_Unwind_Save_VFP_D
                0x0000000000002ea0                __gnu_Unwind_Restore_VFP_D_16_to_31
                0x0000000000002ea4                __gnu_Unwind_Save_VFP_D_16_to_31
                0x0000000000002ea8                __gnu_Unwind_Restore_WMMXD
                0x0000000000002eac                __gnu_Unwind_Save_WMMXD
                0x0000000000002eb0                __gnu_Unwind_Restore_WMMXC
                0x0000000000002eb4                __gnu_Unwind_Save_WMMXC
                0x0000000000002eb8                ___Unwind_RaiseException
                0x0000000000002eb8                _Unwind_RaiseException
                0x0000000000002ee8                ___Unwind_Resume
                0x0000000000002ee8                _Unwind_Resume
                0x0000000000002f18                _Unwind_Resume_or_Rethrow
                0x0000000000002f18                ___Unwind_Resume_or_Rethrow
                0x0000000000002f48                ___Unwind_ForcedUnwind
                0x0000000000002f48                _Unwind_ForcedUnwind
                0x0000000000002f78                _Unwind_Backtrace
                0x0000000000002f78                ___Unwind_Backtrace
 .text          0x0000000000002fa8      0x39c /usr/local/mcuxpressoide-10.2.1_795/ide/tools/bin/../lib/gcc/arm-none-eabi/7.2.1/thumb/v6-m/libgcc.a(pr-support.o)
                0x0000000000002ffc                __gnu_unwind_execute
                0x00000000000032ec                __gnu_unwind_frame
                0x0000000000003314                _Unwind_GetRegionStart
                0x0000000000003320                _Unwind_GetLanguageSpecificData
                0x0000000000003334                _Unwind_GetDataRelBase
                0x000000000000333c                _Unwind_GetTextRelBase
 .text.abort    0x0000000000003344        0xe /usr/local/mcuxpressoide-10.2.1_795/ide/tools/bin/../lib/gcc/arm-none-eabi/7.2.1/../../../../arm-none-eabi/lib/thumb/v6-m/libc_nano.a(lib_a-abort.o)
                0x0000000000003344                abort
 *fill*         0x0000000000003352        0x2 ff
 .text.__libc_init_array
                0x0000000000003354       0x48 /usr/local/mcuxpressoide-10.2.1_795/ide/tools/bin/../lib/gcc/arm-none-eabi/7.2.1/../../../../arm-none-eabi/lib/thumb/v6-m/libc_nano.a(lib_a-init.o)
                0x0000000000003354                __libc_init_array
 .text.memcpy   0x000000000000339c       0x12 /usr/local/mcuxpressoide-10.2.1_795/ide/tools/bin/../lib/gcc/arm-none-eabi/7.2.1/../../../../arm-none-eabi/lib/thumb/v6-m/libc_nano.a(lib_a-memcpy-stub.o)
                0x000000000000339c                memcpy
 .text._raise_r
                0x00000000000033ae       0x54 /usr/local/mcuxpressoide-10.2.1_795/ide/tools/bin/../lib/gcc/arm-none-eabi/7.2.1/../../../../arm-none-eabi/lib/thumb/v6-m/libc_nano.a(lib_a-signal.o)
                0x00000000000033ae                _raise_r
 *fill*         0x0000000000003402        0x2 ff
 .text.raise    0x0000000000003404       0x14 /usr/local/mcuxpressoide-10.2.1_795/ide/tools/bin/../lib/gcc/arm-none-eabi/7.2.1/../../../../arm-none-eabi/lib/thumb/v6-m/libc_nano.a(lib_a-signal.o)
                0x0000000000003404                raise
 .text._kill_r  0x0000000000003418       0x24 /usr/local/mcuxpressoide-10.2.1_795/ide/tools/bin/../lib/gcc/arm-none-eabi/7.2.1/../../../../arm-none-eabi/lib/thumb/v6-m/libc_nano.a(lib_a-signalr.o)
                0x0000000000003418                _kill_r
 .text._getpid_r
                0x000000000000343c        0x8 /usr/local/mcuxpressoide-10.2.1_795/ide/tools/bin/../lib/gcc/arm-none-eabi/7.2.1/../../../../arm-none-eabi/lib/thumb/v6-m/libc_nano.a(lib_a-signalr.o)
                0x000000000000343c                _getpid_r
 .text          0x0000000000003444        0xe /usr/local/mcuxpressoide-10.2.1_795/ide/tools/bin/../lib/gcc/arm-none-eabi/7.2.1/../../../../arm-none-eabi/lib/thumb/v6-m/libc_nano.a(lib_a-strlen.o)
                0x0000000000003444                strlen
 .text.__malloc_lock
                0x0000000000003452        0x2 /usr/local/mcuxpressoide-10.2.1_795/ide/tools/bin/../lib/gcc/arm-none-eabi/7.2.1/../../../../arm-none-eabi/lib/thumb/v6-m/libc_nano.a(lib_a-mlock.o)
                0x0000000000003452                __malloc_lock
 .text.__malloc_unlock
                0x0000000000003454        0x2 /usr/local/mcuxpressoide-10.2.1_795/ide/tools/bin/../lib/gcc/arm-none-eabi/7.2.1/../../../../arm-none-eabi/lib/thumb/v6-m/libc_nano.a(lib_a-mlock.o)
                0x0000000000003454                __malloc_unlock
 *fill*         0x0000000000003456        0x2 ff
 .text._free_r  0x0000000000003458       0x94 /usr/local/mcuxpressoide-10.2.1_795/ide/tools/bin/../lib/gcc/arm-none-eabi/7.2.1/../../../../arm-none-eabi/lib/thumb/v6-m/libc_nano.a(lib_a-nano-freer.o)
                0x0000000000003458                _free_r
 .text._ZN10__cxxabiv1L24__is_gxx_exception_classEPc
                0x00000000000034ec       0x3a /usr/local/mcuxpressoide-10.2.1_795/ide/tools/bin/../lib/gcc/arm-none-eabi/7.2.1/../../../../arm-none-eabi/lib/thumb/v6-m/libstdc++_nano.a(eh_call.o)
 .text.__cxa_call_unexpected
                0x0000000000003526       0x2e /usr/local/mcuxpressoide-10.2.1_795/ide/tools/bin/../lib/gcc/arm-none-eabi/7.2.1/../../../../arm-none-eabi/lib/thumb/v6-m/libstdc++_nano.a(eh_call.o)
                0x0000000000003526                __cxa_call_unexpected
 .text._ZN10__cxxabiv1L24__is_gxx_exception_classEPc
                0x0000000000003554       0x3a /usr/local/mcuxpressoide-10.2.1_795/ide/tools/bin/../lib/gcc/arm-none-eabi/7.2.1/../../../../arm-none-eabi/lib/thumb/v6-m/libstdc++_nano.a(eh_catch.o)
 .text.__cxa_begin_catch
                0x000000000000358e       0x4e /usr/local/mcuxpressoide-10.2.1_795/ide/tools/bin/../lib/gcc/arm-none-eabi/7.2.1/../../../../arm-none-eabi/lib/thumb/v6-m/libstdc++_nano.a(eh_catch.o)
                0x000000000000358e                __cxa_begin_catch
 .text.__cxa_get_globals
                0x00000000000035dc        0x8 /usr/local/mcuxpressoide-10.2.1_795/ide/tools/bin/../lib/gcc/arm-none-eabi/7.2.1/../../../../arm-none-eabi/lib/thumb/v6-m/libstdc++_nano.a(eh_globals.o)
                0x00000000000035dc                __cxa_get_globals
 .text._ZN10__cxxabiv111__terminateEPFvvE
                0x00000000000035e4        0x8 /usr/local/mcuxpressoide-10.2.1_795/ide/tools/bin/../lib/gcc/arm-none-eabi/7.2.1/../../../../arm-none-eabi/lib/thumb/v6-m/libstdc++_nano.a(eh_terminate.o)
                0x00000000000035e4                __cxxabiv1::__terminate(void (*)())
 .text._ZSt9terminatev
                0x00000000000035ec       0x10 /usr/local/mcuxpressoide-10.2.1_795/ide/tools/bin/../lib/gcc/arm-none-eabi/7.2.1/../../../../arm-none-eabi/lib/thumb/v6-m/libstdc++_nano.a(eh_terminate.o)
                0x00000000000035ec                std::terminate()
 .text._ZN10__cxxabiv112__unexpectedEPFvvE
                0x00000000000035fc        0x8 /usr/local/mcuxpressoide-10.2.1_795/ide/tools/bin/../lib/gcc/arm-none-eabi/7.2.1/../../../../arm-none-eabi/lib/thumb/v6-m/libstdc++_nano.a(eh_terminate.o)
                0x00000000000035fc                __cxxabiv1::__unexpected(void (*)())
 .text._ZSt10unexpectedv
                0x0000000000003604       0x10 /usr/local/mcuxpressoide-10.2.1_795/ide/tools/bin/../lib/gcc/arm-none-eabi/7.2.1/../../../../arm-none-eabi/lib/thumb/v6-m/libstdc++_nano.a(eh_terminate.o)
                0x0000000000003604                std::unexpected()
 .text._ZN10__cxxabiv1L24__is_gxx_exception_classEPc
                0x0000000000003614       0x3a /usr/local/mcuxpressoide-10.2.1_795/ide/tools/bin/../lib/gcc/arm-none-eabi/7.2.1/../../../../arm-none-eabi/lib/thumb/v6-m/libstdc++_nano.a(eh_arm.o)
 *fill*         0x000000000000364e        0x2 ff
 .text.__cxa_type_match
                0x0000000000003650       0xb8 /usr/local/mcuxpressoide-10.2.1_795/ide/tools/bin/../lib/gcc/arm-none-eabi/7.2.1/../../../../arm-none-eabi/lib/thumb/v6-m/libstdc++_nano.a(eh_arm.o)
                0x0000000000003650                __cxa_type_match
 .text.__cxa_begin_cleanup
                0x0000000000003708       0x36 /usr/local/mcuxpressoide-10.2.1_795/ide/tools/bin/../lib/gcc/arm-none-eabi/7.2.1/../../../../arm-none-eabi/lib/thumb/v6-m/libstdc++_nano.a(eh_arm.o)
                0x0000000000003708                __cxa_begin_cleanup
 .text._ZdlPvj  0x000000000000373e        0x8 /usr/local/mcuxpressoide-10.2.1_795/ide/tools/bin/../lib/gcc/arm-none-eabi/7.2.1/../../../../arm-none-eabi/lib/thumb/v6-m/libstdc++_nano.a(del_ops.o)
                0x000000000000373e                operator delete(void*, unsigned int)
 *fill*         0x0000000000003746        0x2 ff
 .text._ZN10__cxxabiv120__si_class_type_infoD2Ev
                0x0000000000003748       0x18 /usr/local/mcuxpressoide-10.2.1_795/ide/tools/bin/../lib/gcc/arm-none-eabi/7.2.1/../../../../arm-none-eabi/lib/thumb/v6-m/libstdc++_nano.a(si_class_type_info.o)
                0x0000000000003748                __cxxabiv1::__si_class_type_info::~__si_class_type_info()
                0x0000000000003748                __cxxabiv1::__si_class_type_info::~__si_class_type_info()
 .text._ZN10__cxxabiv120__si_class_type_infoD0Ev
                0x0000000000003760       0x14 /usr/local/mcuxpressoide-10.2.1_795/ide/tools/bin/../lib/gcc/arm-none-eabi/7.2.1/../../../../arm-none-eabi/lib/thumb/v6-m/libstdc++_nano.a(si_class_type_info.o)
                0x0000000000003760                __cxxabiv1::__si_class_type_info::~__si_class_type_info()
 .text._ZNK10__cxxabiv120__si_class_type_info20__do_find_public_srcEiPKvPKNS_17__class_type_infoES2_
                0x0000000000003774       0x32 /usr/local/mcuxpressoide-10.2.1_795/ide/tools/bin/../lib/gcc/arm-none-eabi/7.2.1/../../../../arm-none-eabi/lib/thumb/v6-m/libstdc++_nano.a(si_class_type_info.o)
                0x0000000000003774                __cxxabiv1::__si_class_type_info::__do_find_public_src(int, void const*, __cxxabiv1::__class_type_info const*, void const*) const
 .text._ZNK10__cxxabiv120__si_class_type_info12__do_dyncastEiNS_17__class_type_info10__sub_kindEPKS1_PKvS4_S6_RNS1_16__dyncast_resultE
                0x00000000000037a6       0x84 /usr/local/mcuxpressoide-10.2.1_795/ide/tools/bin/../lib/gcc/arm-none-eabi/7.2.1/../../../../arm-none-eabi/lib/thumb/v6-m/libstdc++_nano.a(si_class_type_info.o)
                0x00000000000037a6                __cxxabiv1::__si_class_type_info::__do_dyncast(int, __cxxabiv1::__class_type_info::__sub_kind, __cxxabiv1::__class_type_info const*, void const*, __cxxabiv1::__class_type_info const*, void const*, __cxxabiv1::__class_type_info::__dyncast_result&) const
 .text._ZNK10__cxxabiv120__si_class_type_info11__do_upcastEPKNS_17__class_type_infoEPKvRNS1_15__upcast_resultE
                0x000000000000382a       0x22 /usr/local/mcuxpressoide-10.2.1_795/ide/tools/bin/../lib/gcc/arm-none-eabi/7.2.1/../../../../arm-none-eabi/lib/thumb/v6-m/libstdc++_nano.a(si_class_type_info.o)
                0x000000000000382a                __cxxabiv1::__si_class_type_info::__do_upcast(__cxxabiv1::__class_type_info const*, void const*, __cxxabiv1::__class_type_info::__upcast_result&) const
 .text._ZNSt9type_infoD2Ev
                0x000000000000384c        0x2 /usr/local/mcuxpressoide-10.2.1_795/ide/tools/bin/../lib/gcc/arm-none-eabi/7.2.1/../../../../arm-none-eabi/lib/thumb/v6-m/libstdc++_nano.a(tinfo.o)
                0x000000000000384c                std::type_info::~type_info()
                0x000000000000384c                std::type_info::~type_info()
 .text._ZNKSt9type_info14__is_pointer_pEv
                0x000000000000384e        0x4 /usr/local/mcuxpressoide-10.2.1_795/ide/tools/bin/../lib/gcc/arm-none-eabi/7.2.1/../../../../arm-none-eabi/lib/thumb/v6-m/libstdc++_nano.a(tinfo.o)
                0x000000000000384e                std::type_info::__is_function_p() const
                0x000000000000384e                std::type_info::__is_pointer_p() const
 .text._ZNKSt9type_infoeqERKS_
                0x0000000000003852       0x2c /usr/local/mcuxpressoide-10.2.1_795/ide/tools/bin/../lib/gcc/arm-none-eabi/7.2.1/../../../../arm-none-eabi/lib/thumb/v6-m/libstdc++_nano.a(tinfo.o)
                0x0000000000003852                std::type_info::operator==(std::type_info const&) const
 .text._ZNK10__cxxabiv117__class_type_info11__do_upcastEPKS0_PPv
                0x000000000000387e       0x34 /usr/local/mcuxpressoide-10.2.1_795/ide/tools/bin/../lib/gcc/arm-none-eabi/7.2.1/../../../../arm-none-eabi/lib/thumb/v6-m/libstdc++_nano.a(class_type_info.o)
                0x000000000000387e                __cxxabiv1::__class_type_info::__do_upcast(__cxxabiv1::__class_type_info const*, void**) const
 .text._ZNK10__cxxabiv117__class_type_info20__do_find_public_srcEiPKvPKS0_S2_
                0x00000000000038b2        0xc /usr/local/mcuxpressoide-10.2.1_795/ide/tools/bin/../lib/gcc/arm-none-eabi/7.2.1/../../../../arm-none-eabi/lib/thumb/v6-m/libstdc++_nano.a(class_type_info.o)
                0x00000000000038b2                __cxxabiv1::__class_type_info::__do_find_public_src(int, void const*, __cxxabiv1::__class_type_info const*, void const*) const
 *fill*         0x00000000000038be        0x2 ff
 .text._ZN10__cxxabiv117__class_type_infoD2Ev
                0x00000000000038c0       0x18 /usr/local/mcuxpressoide-10.2.1_795/ide/tools/bin/../lib/gcc/arm-none-eabi/7.2.1/../../../../arm-none-eabi/lib/thumb/v6-m/libstdc++_nano.a(class_type_info.o)
                0x00000000000038c0                __cxxabiv1::__class_type_info::~__class_type_info()
                0x00000000000038c0                __cxxabiv1::__class_type_info::~__class_type_info()
 .text._ZN10__cxxabiv117__class_type_infoD0Ev
                0x00000000000038d8       0x14 /usr/local/mcuxpressoide-10.2.1_795/ide/tools/bin/../lib/gcc/arm-none-eabi/7.2.1/../../../../arm-none-eabi/lib/thumb/v6-m/libstdc++_nano.a(class_type_info.o)
                0x00000000000038d8                __cxxabiv1::__class_type_info::~__class_type_info()
 .text._ZNK10__cxxabiv117__class_type_info12__do_dyncastEiNS0_10__sub_kindEPKS0_PKvS3_S5_RNS0_16__dyncast_resultE
                0x00000000000038ec       0x3a /usr/local/mcuxpressoide-10.2.1_795/ide/tools/bin/../lib/gcc/arm-none-eabi/7.2.1/../../../../arm-none-eabi/lib/thumb/v6-m/libstdc++_nano.a(class_type_info.o)
                0x00000000000038ec                __cxxabiv1::__class_type_info::__do_dyncast(int, __cxxabiv1::__class_type_info::__sub_kind, __cxxabiv1::__class_type_info const*, void const*, __cxxabiv1::__class_type_info const*, void const*, __cxxabiv1::__class_type_info::__dyncast_result&) const
 .text._ZNK10__cxxabiv117__class_type_info11__do_upcastEPKS0_PKvRNS0_15__upcast_resultE
                0x0000000000003926       0x1a /usr/local/mcuxpressoide-10.2.1_795/ide/tools/bin/../lib/gcc/arm-none-eabi/7.2.1/../../../../arm-none-eabi/lib/thumb/v6-m/libstdc++_nano.a(class_type_info.o)
                0x0000000000003926                __cxxabiv1::__class_type_info::__do_upcast(__cxxabiv1::__class_type_info const*, void const*, __cxxabiv1::__class_type_info::__upcast_result&) const
 .text._ZNK10__cxxabiv117__class_type_info10__do_catchEPKSt9type_infoPPvj
                0x0000000000003940       0x24 /usr/local/mcuxpressoide-10.2.1_795/ide/tools/bin/../lib/gcc/arm-none-eabi/7.2.1/../../../../arm-none-eabi/lib/thumb/v6-m/libstdc++_nano.a(class_type_info.o)
                0x0000000000003940                __cxxabiv1::__class_type_info::__do_catch(std::type_info const*, void**, unsigned int) const
 .text._ZdlPv   0x0000000000003964        0x8 /usr/local/mcuxpressoide-10.2.1_795/ide/tools/bin/../lib/gcc/arm-none-eabi/7.2.1/../../../../arm-none-eabi/lib/thumb/v6-m/libstdc++_nano.a(del_op.o)
                0x0000000000003964                operator delete(void*)
 .text._exit    0x000000000000396c        0x2 /usr/local/mcuxpressoide-10.2.1_795/ide/tools/bin/../lib/gcc/arm-none-eabi/7.2.1/../../../../arm-none-eabi/lib/thumb/v6-m/libcr_newlib_nohost.a(_exit.o)
                0x000000000000396c                _exit
 *fill*         0x000000000000396e        0x2 ff
 .text._getpid  0x0000000000003970       0x10 /usr/local/mcuxpressoide-10.2.1_795/ide/tools/bin/../lib/gcc/arm-none-eabi/7.2.1/../../../../arm-none-eabi/lib/thumb/v6-m/libcr_newlib_nohost.a(getpid.o)
                0x0000000000003970                _getpid
 .text._kill    0x0000000000003980       0x10 /usr/local/mcuxpressoide-10.2.1_795/ide/tools/bin/../lib/gcc/arm-none-eabi/7.2.1/../../../../arm-none-eabi/lib/thumb/v6-m/libcr_newlib_nohost.a(kill.o)
                0x0000000000003980                _kill
 .text          0x0000000000003990       0x48 /usr/local/mcuxpressoide-10.2.1_795/ide/tools/bin/../lib/gcc/arm-none-eabi/7.2.1/thumb/v6-m/crtbegin.o
 .text.free     0x00000000000039d8       0x14 /usr/local/mcuxpressoide-10.2.1_795/ide/tools/bin/../lib/gcc/arm-none-eabi/7.2.1/../../../../arm-none-eabi/lib/thumb/v6-m/libc_nano.a(lib_a-malloc.o)
                0x00000000000039d8                free
 .text          0x00000000000039ec       0x14 /usr/local/mcuxpressoide-10.2.1_795/ide/tools/bin/../lib/gcc/arm-none-eabi/7.2.1/../../../../arm-none-eabi/lib/thumb/v6-m/libc_nano.a(lib_a-strcmp.o)
                0x00000000000039ec                strcmp
 *(.rodata .rodata.* .constdata .constdata.*)
 .rodata        0x0000000000003a00       0x25 ./source/main_Akcelerometer.o
 *fill*         0x0000000000003a25        0x3 ff
 .rodata        0x0000000000003a28       0x47 ./drivers/fsl_clock.o
 *fill*         0x0000000000003a6f        0x1 ff
 .rodata.__func__.5287
                0x0000000000003a70       0x17 ./drivers/fsl_clock.o
 *fill*         0x0000000000003a87        0x1 ff
 .rodata.fllFactorTable.5393
                0x0000000000003a88       0x10 ./drivers/fsl_clock.o
 .rodata.__func__.5408
                0x0000000000003a98       0x12 ./drivers/fsl_clock.o
 *fill*         0x0000000000003aaa        0x2 ff
 .rodata.__func__.5448
                0x0000000000003aac       0x11 ./drivers/fsl_clock.o
 *fill*         0x0000000000003abd        0x3 ff
 .rodata.__func__.5585
                0x0000000000003ac0       0x11 ./drivers/fsl_clock.o
 *fill*         0x0000000000003ad1        0x3 ff
 .rodata.__func__.5652
                0x0000000000003ad4       0x14 ./drivers/fsl_clock.o
 .rodata        0x0000000000003ae8       0x3e ./drivers/fsl_common.o
 *fill*         0x0000000000003b26        0x2 ff
 .rodata        0x0000000000003b28      0x168 ./drivers/fsl_dma.o
 .rodata.__func__.5552
                0x0000000000003c90        0xe ./drivers/fsl_dma.o
 *fill*         0x0000000000003c9e        0x2 ff
 .rodata.__func__.5420
                0x0000000000003ca0       0x1c ./drivers/fsl_dma.o
 .rodata        0x0000000000003cbc       0xb2 ./drivers/fsl_lpsci.o
 *fill*         0x0000000000003d6e        0x2 ff
 .rodata.__func__.5468
                0x0000000000003d70       0x12 ./drivers/fsl_lpsci.o
 *fill*         0x0000000000003d82        0x2 ff
 .rodata.__func__.5504
                0x0000000000003d84        0xb ./drivers/fsl_lpsci.o
 *fill*         0x0000000000003d8f        0x1 ff
 .rodata.__func__.5525
                0x0000000000003d90       0x17 ./drivers/fsl_lpsci.o
 *fill*         0x0000000000003da7        0x1 ff
 .rodata.__func__.5570
                0x0000000000003da8       0x14 ./drivers/fsl_lpsci.o
 .rodata.__func__.5582
                0x0000000000003dbc       0x13 ./drivers/fsl_lpsci.o
 *fill*         0x0000000000003dcf        0x1 ff
 .rodata        0x0000000000003dd0       0x9b ./drivers/fsl_spi.o
 *fill*         0x0000000000003e6b        0x1 ff
 .rodata.__func__.5659
                0x0000000000003e6c       0x16 ./drivers/fsl_spi.o
 *fill*         0x0000000000003e82        0x2 ff
 .rodata.__func__.5663
                0x0000000000003e84       0x16 ./drivers/fsl_spi.o
 *fill*         0x0000000000003e9a        0x2 ff
 .rodata.s_uartBases
                0x0000000000003e9c        0xc ./drivers/fsl_uart.o
 .rodata.s_uartClock
                0x0000000000003ea8        0xc ./drivers/fsl_uart.o
 .rodata        0x0000000000003eb4       0xaa ./drivers/fsl_uart.o
 *fill*         0x0000000000003f5e        0x2 ff
 .rodata.__func__.5471
                0x0000000000003f60       0x11 ./drivers/fsl_uart.o
 *fill*         0x0000000000003f71        0x3 ff
 .rodata.__func__.5487
                0x0000000000003f74        0xa ./drivers/fsl_uart.o
 *fill*         0x0000000000003f7e        0x2 ff
 .rodata.__func__.5500
                0x0000000000003f80       0x16 ./drivers/fsl_uart.o
 *fill*         0x0000000000003f96        0x2 ff
 .rodata.__func__.5558
                0x0000000000003f98       0x12 ./drivers/fsl_uart.o
 *fill*         0x0000000000003faa        0x2 ff
 .rodata.mcgConfig_BOARD_BootClockRUN
                0x0000000000003fac        0xa ./board/clock_config.o
                0x0000000000003fac                mcgConfig_BOARD_BootClockRUN
 *fill*         0x0000000000003fb6        0x2 ff
 .rodata.simConfig_BOARD_BootClockRUN
                0x0000000000003fb8        0x8 ./board/clock_config.o
                0x0000000000003fb8                simConfig_BOARD_BootClockRUN
 .rodata.oscConfig_BOARD_BootClockRUN
                0x0000000000003fc0        0x8 ./board/clock_config.o
                0x0000000000003fc0                oscConfig_BOARD_BootClockRUN
 .rodata._ZTIN10__cxxabiv115__forced_unwindE
                0x0000000000003fc8        0x8 /usr/local/mcuxpressoide-10.2.1_795/ide/tools/bin/../lib/gcc/arm-none-eabi/7.2.1/../../../../arm-none-eabi/lib/thumb/v6-m/libstdc++_nano.a(eh_exception.o)
                0x0000000000003fc8                typeinfo for __cxxabiv1::__forced_unwind
 .rodata._ZTIN10__cxxabiv119__foreign_exceptionE
                0x0000000000003fd0        0x8 /usr/local/mcuxpressoide-10.2.1_795/ide/tools/bin/../lib/gcc/arm-none-eabi/7.2.1/../../../../arm-none-eabi/lib/thumb/v6-m/libstdc++_nano.a(eh_exception.o)
                0x0000000000003fd0                typeinfo for __cxxabiv1::__foreign_exception
 .rodata._ZTSN10__cxxabiv115__forced_unwindE
                0x0000000000003fd8       0x20 /usr/local/mcuxpressoide-10.2.1_795/ide/tools/bin/../lib/gcc/arm-none-eabi/7.2.1/../../../../arm-none-eabi/lib/thumb/v6-m/libstdc++_nano.a(eh_exception.o)
                0x0000000000003fd8                typeinfo name for __cxxabiv1::__forced_unwind
 .rodata._ZTSN10__cxxabiv119__foreign_exceptionE
                0x0000000000003ff8       0x24 /usr/local/mcuxpressoide-10.2.1_795/ide/tools/bin/../lib/gcc/arm-none-eabi/7.2.1/../../../../arm-none-eabi/lib/thumb/v6-m/libstdc++_nano.a(eh_exception.o)
                0x0000000000003ff8                typeinfo name for __cxxabiv1::__foreign_exception
 .rodata._ZTIN10__cxxabiv120__si_class_type_infoE
                0x000000000000401c        0xc /usr/local/mcuxpressoide-10.2.1_795/ide/tools/bin/../lib/gcc/arm-none-eabi/7.2.1/../../../../arm-none-eabi/lib/thumb/v6-m/libstdc++_nano.a(si_class_type_info.o)
                0x000000000000401c                typeinfo for __cxxabiv1::__si_class_type_info
 .rodata._ZTSN10__cxxabiv120__si_class_type_infoE
                0x0000000000004028       0x25 /usr/local/mcuxpressoide-10.2.1_795/ide/tools/bin/../lib/gcc/arm-none-eabi/7.2.1/../../../../arm-none-eabi/lib/thumb/v6-m/libstdc++_nano.a(si_class_type_info.o)
                0x0000000000004028                typeinfo name for __cxxabiv1::__si_class_type_info
 *fill*         0x000000000000404d        0x3 ff
 .rodata._ZTVN10__cxxabiv120__si_class_type_infoE
                0x0000000000004050       0x2c /usr/local/mcuxpressoide-10.2.1_795/ide/tools/bin/../lib/gcc/arm-none-eabi/7.2.1/../../../../arm-none-eabi/lib/thumb/v6-m/libstdc++_nano.a(si_class_type_info.o)
                0x0000000000004050                vtable for __cxxabiv1::__si_class_type_info
 .rodata._ZTISt9type_info
                0x000000000000407c        0x8 /usr/local/mcuxpressoide-10.2.1_795/ide/tools/bin/../lib/gcc/arm-none-eabi/7.2.1/../../../../arm-none-eabi/lib/thumb/v6-m/libstdc++_nano.a(tinfo.o)
                0x000000000000407c                typeinfo for std::type_info
 .rodata._ZTSSt9type_info
                0x0000000000004084        0xd /usr/local/mcuxpressoide-10.2.1_795/ide/tools/bin/../lib/gcc/arm-none-eabi/7.2.1/../../../../arm-none-eabi/lib/thumb/v6-m/libstdc++_nano.a(tinfo.o)
                0x0000000000004084                typeinfo name for std::type_info
 *fill*         0x0000000000004091        0x3 ff
 .rodata._ZTIN10__cxxabiv117__class_type_infoE
                0x0000000000004094        0xc /usr/local/mcuxpressoide-10.2.1_795/ide/tools/bin/../lib/gcc/arm-none-eabi/7.2.1/../../../../arm-none-eabi/lib/thumb/v6-m/libstdc++_nano.a(class_type_info.o)
                0x0000000000004094                typeinfo for __cxxabiv1::__class_type_info
 .rodata._ZTSN10__cxxabiv117__class_type_infoE
                0x00000000000040a0       0x22 /usr/local/mcuxpressoide-10.2.1_795/ide/tools/bin/../lib/gcc/arm-none-eabi/7.2.1/../../../../arm-none-eabi/lib/thumb/v6-m/libstdc++_nano.a(class_type_info.o)
                0x00000000000040a0                typeinfo name for __cxxabiv1::__class_type_info
 *fill*         0x00000000000040c2        0x2 ff
 .rodata._ZTVN10__cxxabiv117__class_type_infoE
                0x00000000000040c4       0x2c /usr/local/mcuxpressoide-10.2.1_795/ide/tools/bin/../lib/gcc/arm-none-eabi/7.2.1/../../../../arm-none-eabi/lib/thumb/v6-m/libstdc++_nano.a(class_type_info.o)
                0x00000000000040c4                vtable for __cxxabiv1::__class_type_info
                0x00000000000040f0                . = ALIGN (0x4)
                0x00000000000040f0                . = ALIGN (0x4)
 *(.init)
 .init          0x00000000000040f0        0x4 /usr/local/mcuxpressoide-10.2.1_795/ide/tools/bin/../lib/gcc/arm-none-eabi/7.2.1/thumb/v6-m/crti.o
                0x00000000000040f0                _init
 .init          0x00000000000040f4        0x8 /usr/local/mcuxpressoide-10.2.1_795/ide/tools/bin/../lib/gcc/arm-none-eabi/7.2.1/thumb/v6-m/crtn.o
                0x00000000000040fc                . = ALIGN (0x4)
                0x00000000000040fc                __preinit_array_start = .
 *(.preinit_array)
                0x00000000000040fc                __preinit_array_end = .
                0x00000000000040fc                . = ALIGN (0x4)
                0x00000000000040fc                __init_array_start = .
 *(SORT_BY_NAME(.init_array.*))
 *(.init_array)
 .init_array    0x00000000000040fc        0x4 /usr/local/mcuxpressoide-10.2.1_795/ide/tools/bin/../lib/gcc/arm-none-eabi/7.2.1/thumb/v6-m/crtbegin.o
                0x0000000000004100                __init_array_end = .
 *(.fini)
 .fini          0x0000000000004100        0x4 /usr/local/mcuxpressoide-10.2.1_795/ide/tools/bin/../lib/gcc/arm-none-eabi/7.2.1/thumb/v6-m/crti.o
                0x0000000000004100                _fini
 .fini          0x0000000000004104        0x8 /usr/local/mcuxpressoide-10.2.1_795/ide/tools/bin/../lib/gcc/arm-none-eabi/7.2.1/thumb/v6-m/crtn.o
                0x000000000000410c                . = ALIGN (0x4)
 *crtbegin.o(.ctors)
 *(EXCLUDE_FILE(*crtend.o) .ctors)
 *(SORT_BY_NAME(.ctors.*))
 *crtend.o(.ctors)
                0x000000000000410c                . = ALIGN (0x4)
 *crtbegin.o(.dtors)
 *(EXCLUDE_FILE(*crtend.o) .dtors)
 *(SORT_BY_NAME(.dtors.*))
 *crtend.o(.dtors)
                0x000000000000410c                . = ALIGN (0x4)

.glue_7         0x000000000000410c        0x0
 .glue_7        0x000000000000410c        0x0 linker stubs

.glue_7t        0x000000000000410c        0x0
 .glue_7t       0x000000000000410c        0x0 linker stubs

.vfp11_veneer   0x000000000000410c        0x0
 .vfp11_veneer  0x000000000000410c        0x0 linker stubs

.v4_bx          0x000000000000410c        0x0
 .v4_bx         0x000000000000410c        0x0 linker stubs

.iplt           0x000000000000410c        0x0
 .iplt          0x000000000000410c        0x0 ./utilities/fsl_debug_console.o

.ARM.extab      0x000000000000410c       0x30
 *(.ARM.extab* .gnu.linkonce.armextab.*)
 .ARM.extab     0x000000000000410c       0x24 /usr/local/mcuxpressoide-10.2.1_795/ide/tools/bin/../lib/gcc/arm-none-eabi/7.2.1/thumb/v6-m/libgcc.a(unwind-arm.o)
 .ARM.extab     0x0000000000004130        0xc /usr/local/mcuxpressoide-10.2.1_795/ide/tools/bin/../lib/gcc/arm-none-eabi/7.2.1/thumb/v6-m/libgcc.a(pr-support.o)
                0x000000000000413c                __exidx_start = .

.eh_frame       0x000000000000413c        0x0
 .eh_frame      0x000000000000413c        0x0 /usr/local/mcuxpressoide-10.2.1_795/ide/tools/bin/../lib/gcc/arm-none-eabi/7.2.1/thumb/v6-m/crtbegin.o

.ARM.exidx      0x000000000000413c       0xf8
 *(.ARM.exidx* .gnu.linkonce.armexidx.*)
 .ARM.exidx.after_vectors.init_data
                0x000000000000413c        0x8 ./startup/startup_mkl25z4.o
 .ARM.exidx.after_vectors.init_bss
                0x0000000000004144        0x0 ./startup/startup_mkl25z4.o
                                          0x8 (size before relaxing)
 .ARM.exidx.after_vectors.reset
                0x0000000000004144        0x8 ./startup/startup_mkl25z4.o
 .ARM.exidx.after_vectors
                0x000000000000414c       0x18 ./startup/startup_mkl25z4.o
                                        0x130 (size before relaxing)
 .ARM.exidx     0x0000000000004164       0x10 ./source/main_Akcelerometer.o
                                          0x8 (size before relaxing)
 .ARM.exidx     0x0000000000004174       0x90 /usr/local/mcuxpressoide-10.2.1_795/ide/tools/bin/../lib/gcc/arm-none-eabi/7.2.1/thumb/v6-m/libgcc.a(unwind-arm.o)
                                         0xd8 (size before relaxing)
 .ARM.exidx     0x0000000000004204       0x30 /usr/local/mcuxpressoide-10.2.1_795/ide/tools/bin/../lib/gcc/arm-none-eabi/7.2.1/thumb/v6-m/libgcc.a(pr-support.o)
                                         0x48 (size before relaxing)
                0x0000000000004234                __exidx_end = .
                0x0000000000004234                _etext = .

.rel.dyn        0x0000000000004234        0x0
 .rel.iplt      0x0000000000004234        0x0 ./utilities/fsl_debug_console.o

.m_usb_data
 *(m_usb_bdt)

.mtb_buffer_default
                0x000000001ffff000       0x80
 *(.mtb*)
 .mtb.$RAM1     0x000000001ffff000       0x80 ./source/mtb.o
                0x000000001ffff000                __mtb_buffer__

.uninit_RESERVED
                0x000000001ffff080        0x0
 *(.bss.$RESERVED*)
                0x000000001ffff080                . = ALIGN (0x4)
                0x000000001ffff080                _end_uninit_RESERVED = .

.data           0x000000001ffff080       0x74 load address 0x0000000000004234
 FILL mask 0xff
                0x000000001ffff080                _data = .
 *(vtable)
 *(.ramfunc*)
 *(.data*)
 .data.s_slowIrcFreq
                0x000000001ffff080        0x4 ./drivers/fsl_clock.o
 .data.SystemCoreClock
                0x000000001ffff084        0x4 ./CMSIS/system_MKL25Z4.o
                0x000000001ffff084                SystemCoreClock
 .data._impure_ptr
                0x000000001ffff088        0x4 /usr/local/mcuxpressoide-10.2.1_795/ide/tools/bin/../lib/gcc/arm-none-eabi/7.2.1/../../../../arm-none-eabi/lib/thumb/v6-m/libc_nano.a(lib_a-impure.o)
                0x000000001ffff088                _impure_ptr
 .data.impure_data
                0x000000001ffff08c       0x60 /usr/local/mcuxpressoide-10.2.1_795/ide/tools/bin/../lib/gcc/arm-none-eabi/7.2.1/../../../../arm-none-eabi/lib/thumb/v6-m/libc_nano.a(lib_a-impure.o)
 .data._ZN10__cxxabiv119__terminate_handlerE
                0x000000001ffff0ec        0x4 /usr/local/mcuxpressoide-10.2.1_795/ide/tools/bin/../lib/gcc/arm-none-eabi/7.2.1/../../../../arm-none-eabi/lib/thumb/v6-m/libstdc++_nano.a(eh_term_handler.o)
                0x000000001ffff0ec                __cxxabiv1::__terminate_handler
 .data._ZN10__cxxabiv120__unexpected_handlerE
                0x000000001ffff0f0        0x4 /usr/local/mcuxpressoide-10.2.1_795/ide/tools/bin/../lib/gcc/arm-none-eabi/7.2.1/../../../../arm-none-eabi/lib/thumb/v6-m/libstdc++_nano.a(eh_unex_handler.o)
                0x000000001ffff0f0                __cxxabiv1::__unexpected_handler
                0x000000001ffff0f4                . = ALIGN (0x4)
                0x000000001ffff0f4                _edata = .

.igot.plt       0x000000001ffff0f4        0x0 load address 0x00000000000042a8
 .igot.plt      0x000000001ffff0f4        0x0 ./utilities/fsl_debug_console.o

.bss            0x000000001ffff0f4       0x90 load address 0x00000000000042a8
                0x000000001ffff0f4                _bss = .
 *(.bss*)
 .bss.s_debugConsole
                0x000000001ffff0f4       0x10 ./utilities/fsl_debug_console.o
 .bss           0x000000001ffff104        0x4 ./source/main_Akcelerometer.o
 .bss.g_xtal0Freq
                0x000000001ffff108        0x4 ./drivers/fsl_clock.o
                0x000000001ffff108                g_xtal0Freq
 .bss.s_DMAHandle
                0x000000001ffff10c       0x10 ./drivers/fsl_dma.o
 .bss.s_i2cHandle
                0x000000001ffff11c        0x8 ./drivers/fsl_i2c.o
 .bss.s_i2cMasterIsr
                0x000000001ffff124        0x4 ./drivers/fsl_i2c.o
 .bss.s_i2cSlaveIsr
                0x000000001ffff128        0x4 ./drivers/fsl_i2c.o
 .bss.s_lpsciHandle
                0x000000001ffff12c        0x4 ./drivers/fsl_lpsci.o
 .bss.s_lpsciIsr
                0x000000001ffff130        0x4 ./drivers/fsl_lpsci.o
 .bss.s_spiHandle
                0x000000001ffff134        0x8 ./drivers/fsl_spi.o
 .bss.s_spiMasterIsr
                0x000000001ffff13c        0x4 ./drivers/fsl_spi.o
 .bss.s_spiSlaveIsr
                0x000000001ffff140        0x4 ./drivers/fsl_spi.o
 .bss.s_uartHandle
                0x000000001ffff144        0xc ./drivers/fsl_uart.o
 .bss.s_uartIsr
                0x000000001ffff150        0x4 ./drivers/fsl_uart.o
 .bss.__malloc_free_list
                0x000000001ffff154        0x4 /usr/local/mcuxpressoide-10.2.1_795/ide/tools/bin/../lib/gcc/arm-none-eabi/7.2.1/../../../../arm-none-eabi/lib/thumb/v6-m/libc_nano.a(lib_a-nano-mallocr.o)
                0x000000001ffff154                __malloc_free_list
 .bss._ZL10eh_globals
                0x000000001ffff158        0xc /usr/local/mcuxpressoide-10.2.1_795/ide/tools/bin/../lib/gcc/arm-none-eabi/7.2.1/../../../../arm-none-eabi/lib/thumb/v6-m/libstdc++_nano.a(eh_globals.o)
 .bss           0x000000001ffff164       0x1c /usr/local/mcuxpressoide-10.2.1_795/ide/tools/bin/../lib/gcc/arm-none-eabi/7.2.1/thumb/v6-m/crtbegin.o
 *(COMMON)
 COMMON         0x000000001ffff180        0x4 /usr/local/mcuxpressoide-10.2.1_795/ide/tools/bin/../lib/gcc/arm-none-eabi/7.2.1/../../../../arm-none-eabi/lib/thumb/v6-m/libc_nano.a(lib_a-reent.o)
                0x000000001ffff180                errno
                0x000000001ffff184                . = ALIGN (0x4)
                0x000000001ffff184                _ebss = .
                [!provide]                        PROVIDE (end, .)

.noinit         0x000000001ffff184        0x0 load address 0x00000000000042a8
                0x000000001ffff184                _noinit = .
 *(.noinit*)
                0x000000001ffff184                . = ALIGN (0x4)
                0x000000001ffff184                _end_noinit = .
                0x0000000000000400                _HeapSize = 0x400

.heap           0x000000001ffff184      0x400 load address 0x00000000000042a8
                0x000000001ffff184                _pvHeapStart = .
                0x000000001ffff584                . = (. + _HeapSize)
 *fill*         0x000000001ffff184      0x400 
                0x000000001ffff584                . = ALIGN (0x4)
                0x000000001ffff584                _pvHeapLimit = .
                0x0000000000000400                _StackSize = 0x400

.heap2stackfill
                0x000000001ffff584      0x400 load address 0x00000000000042a8
                0x000000001ffff984                . = (. + _StackSize)
 *fill*         0x000000001ffff584      0x400 

.stack          0x0000000020002c00        0x0
                0x0000000020002c00                _vStackBase = .
                0x0000000020002c00                . = ALIGN (0x4)
                0x0000000020003000                _vStackTop = (. + _StackSize)
                0x0000000000000000                _image_start = LOADADDR (.text)
                0x00000000000042a8                _image_end = (LOADADDR (.data) + SIZEOF (.data))
                0x00000000000042a8                _image_size = (_image_end - _image_start)
OUTPUT(MKL25Z128xxx4_Akcelerometer.axf elf32-littlearm)

.debug_info     0x0000000000000000    0x11c5b
 .debug_info    0x0000000000000000     0x161c ./utilities/fsl_debug_console.o
 .debug_info    0x000000000000161c      0x49e ./startup/startup_mkl25z4.o
 .debug_info    0x0000000000001aba      0xc04 ./source/main_Akcelerometer.o
 .debug_info    0x00000000000026be       0x52 ./source/mtb.o
 .debug_info    0x0000000000002710       0x3b ./source/semihost_hardfault.o
 .debug_info    0x000000000000274b     0x225e ./drivers/fsl_clock.o
 .debug_info    0x00000000000049a9      0xc3e ./drivers/fsl_common.o
 .debug_info    0x00000000000055e7     0x185f ./drivers/fsl_dma.o
 .debug_info    0x0000000000006e46     0x2355 ./drivers/fsl_i2c.o
 .debug_info    0x000000000000919b     0x1dd2 ./drivers/fsl_lpsci.o
 .debug_info    0x000000000000af6d     0x1cd8 ./drivers/fsl_spi.o
 .debug_info    0x000000000000cc45     0x1d58 ./drivers/fsl_uart.o
 .debug_info    0x000000000000e99d      0xea0 ./board/board.o
 .debug_info    0x000000000000f83d     0x1285 ./board/clock_config.o
 .debug_info    0x0000000000010ac2       0x3b ./board/peripherals.o
 .debug_info    0x0000000000010afd      0xd74 ./board/pin_mux.o
 .debug_info    0x0000000000011871      0x3ea ./CMSIS/system_MKL25Z4.o

.debug_abbrev   0x0000000000000000     0x281a
 .debug_abbrev  0x0000000000000000      0x335 ./utilities/fsl_debug_console.o
 .debug_abbrev  0x0000000000000335      0x163 ./startup/startup_mkl25z4.o
 .debug_abbrev  0x0000000000000498      0x1ee ./source/main_Akcelerometer.o
 .debug_abbrev  0x0000000000000686       0x44 ./source/mtb.o
 .debug_abbrev  0x00000000000006ca       0x2f ./source/semihost_hardfault.o
 .debug_abbrev  0x00000000000006f9      0x3df ./drivers/fsl_clock.o
 .debug_abbrev  0x0000000000000ad8      0x32e ./drivers/fsl_common.o
 .debug_abbrev  0x0000000000000e06      0x340 ./drivers/fsl_dma.o
 .debug_abbrev  0x0000000000001146      0x3d2 ./drivers/fsl_i2c.o
 .debug_abbrev  0x0000000000001518      0x375 ./drivers/fsl_lpsci.o
 .debug_abbrev  0x000000000000188d      0x375 ./drivers/fsl_spi.o
 .debug_abbrev  0x0000000000001c02      0x38d ./drivers/fsl_uart.o
 .debug_abbrev  0x0000000000001f8f      0x228 ./board/board.o
 .debug_abbrev  0x00000000000021b7      0x2b5 ./board/clock_config.o
 .debug_abbrev  0x000000000000246c       0x2f ./board/peripherals.o
 .debug_abbrev  0x000000000000249b      0x269 ./board/pin_mux.o
 .debug_abbrev  0x0000000000002704      0x116 ./CMSIS/system_MKL25Z4.o

.debug_aranges  0x0000000000000000      0xb18
 .debug_aranges
                0x0000000000000000       0x90 ./utilities/fsl_debug_console.o
 .debug_aranges
                0x0000000000000090      0x160 ./startup/startup_mkl25z4.o
 .debug_aranges
                0x00000000000001f0       0x20 ./source/main_Akcelerometer.o
 .debug_aranges
                0x0000000000000210       0x18 ./source/mtb.o
 .debug_aranges
                0x0000000000000228       0x20 ./source/semihost_hardfault.o
 .debug_aranges
                0x0000000000000248      0x1d8 ./drivers/fsl_clock.o
 .debug_aranges
                0x0000000000000420       0x38 ./drivers/fsl_common.o
 .debug_aranges
                0x0000000000000458       0xd0 ./drivers/fsl_dma.o
 .debug_aranges
                0x0000000000000528      0x178 ./drivers/fsl_i2c.o
 .debug_aranges
                0x00000000000006a0      0x118 ./drivers/fsl_lpsci.o
 .debug_aranges
                0x00000000000007b8      0x130 ./drivers/fsl_spi.o
 .debug_aranges
                0x00000000000008e8      0x130 ./drivers/fsl_uart.o
 .debug_aranges
                0x0000000000000a18       0x28 ./board/board.o
 .debug_aranges
                0x0000000000000a40       0x58 ./board/clock_config.o
 .debug_aranges
                0x0000000000000a98       0x20 ./board/peripherals.o
 .debug_aranges
                0x0000000000000ab8       0x38 ./board/pin_mux.o
 .debug_aranges
                0x0000000000000af0       0x28 ./CMSIS/system_MKL25Z4.o

.debug_ranges   0x0000000000000000      0x9f0
 .debug_ranges  0x0000000000000000       0x80 ./utilities/fsl_debug_console.o
 .debug_ranges  0x0000000000000080      0x150 ./startup/startup_mkl25z4.o
 .debug_ranges  0x00000000000001d0       0x10 ./source/semihost_hardfault.o
 .debug_ranges  0x00000000000001e0      0x1c8 ./drivers/fsl_clock.o
 .debug_ranges  0x00000000000003a8       0x28 ./drivers/fsl_common.o
 .debug_ranges  0x00000000000003d0       0xc0 ./drivers/fsl_dma.o
 .debug_ranges  0x0000000000000490      0x168 ./drivers/fsl_i2c.o
 .debug_ranges  0x00000000000005f8      0x108 ./drivers/fsl_lpsci.o
 .debug_ranges  0x0000000000000700      0x120 ./drivers/fsl_spi.o
 .debug_ranges  0x0000000000000820      0x120 ./drivers/fsl_uart.o
 .debug_ranges  0x0000000000000940       0x18 ./board/board.o
 .debug_ranges  0x0000000000000958       0x48 ./board/clock_config.o
 .debug_ranges  0x00000000000009a0       0x10 ./board/peripherals.o
 .debug_ranges  0x00000000000009b0       0x28 ./board/pin_mux.o
 .debug_ranges  0x00000000000009d8       0x18 ./CMSIS/system_MKL25Z4.o

.debug_macro    0x0000000000000000     0xb235
 .debug_macro   0x0000000000000000      0x221 ./utilities/fsl_debug_console.o
 .debug_macro   0x0000000000000221      0xa72 ./utilities/fsl_debug_console.o
 .debug_macro   0x0000000000000c93       0x58 ./utilities/fsl_debug_console.o
 .debug_macro   0x0000000000000ceb       0x17 ./utilities/fsl_debug_console.o
 .debug_macro   0x0000000000000d02       0x22 ./utilities/fsl_debug_console.o
 .debug_macro   0x0000000000000d24       0x52 ./utilities/fsl_debug_console.o
 .debug_macro   0x0000000000000d76       0x8d ./utilities/fsl_debug_console.o
 .debug_macro   0x0000000000000e03       0x35 ./utilities/fsl_debug_console.o
 .debug_macro   0x0000000000000e38       0x9c ./utilities/fsl_debug_console.o
 .debug_macro   0x0000000000000ed4       0x16 ./utilities/fsl_debug_console.o
 .debug_macro   0x0000000000000eea      0x10e ./utilities/fsl_debug_console.o
 .debug_macro   0x0000000000000ff8       0x8d ./utilities/fsl_debug_console.o
 .debug_macro   0x0000000000001085       0x57 ./utilities/fsl_debug_console.o
 .debug_macro   0x00000000000010dc       0x58 ./utilities/fsl_debug_console.o
 .debug_macro   0x0000000000001134       0x1f ./utilities/fsl_debug_console.o
 .debug_macro   0x0000000000001153       0x43 ./utilities/fsl_debug_console.o
 .debug_macro   0x0000000000001196       0x20 ./utilities/fsl_debug_console.o
 .debug_macro   0x00000000000011b6      0x18e ./utilities/fsl_debug_console.o
 .debug_macro   0x0000000000001344      0x330 ./utilities/fsl_debug_console.o
 .debug_macro   0x0000000000001674       0x16 ./utilities/fsl_debug_console.o
 .debug_macro   0x000000000000168a       0x29 ./utilities/fsl_debug_console.o
 .debug_macro   0x00000000000016b3      0x1e1 ./utilities/fsl_debug_console.o
 .debug_macro   0x0000000000001894       0x1c ./utilities/fsl_debug_console.o
 .debug_macro   0x00000000000018b0       0x22 ./utilities/fsl_debug_console.o
 .debug_macro   0x00000000000018d2       0xef ./utilities/fsl_debug_console.o
 .debug_macro   0x00000000000019c1       0x6a ./utilities/fsl_debug_console.o
 .debug_macro   0x0000000000001a2b      0x1df ./utilities/fsl_debug_console.o
 .debug_macro   0x0000000000001c0a       0x16 ./utilities/fsl_debug_console.o
 .debug_macro   0x0000000000001c20       0x35 ./utilities/fsl_debug_console.o
 .debug_macro   0x0000000000001c55       0x10 ./utilities/fsl_debug_console.o
 .debug_macro   0x0000000000001c65       0x3f ./utilities/fsl_debug_console.o
 .debug_macro   0x0000000000001ca4       0x3a ./utilities/fsl_debug_console.o
 .debug_macro   0x0000000000001cde       0x26 ./utilities/fsl_debug_console.o
 .debug_macro   0x0000000000001d04      0x329 ./utilities/fsl_debug_console.o
 .debug_macro   0x000000000000202d       0x30 ./utilities/fsl_debug_console.o
 .debug_macro   0x000000000000205d     0x51e2 ./utilities/fsl_debug_console.o
 .debug_macro   0x000000000000723f     0x1352 ./utilities/fsl_debug_console.o
 .debug_macro   0x0000000000008591       0x3a ./utilities/fsl_debug_console.o
 .debug_macro   0x00000000000085cb       0xf4 ./utilities/fsl_debug_console.o
 .debug_macro   0x00000000000086bf       0x35 ./utilities/fsl_debug_console.o
 .debug_macro   0x00000000000086f4       0x34 ./utilities/fsl_debug_console.o
 .debug_macro   0x0000000000008728       0x10 ./utilities/fsl_debug_console.o
 .debug_macro   0x0000000000008738       0x10 ./utilities/fsl_debug_console.o
 .debug_macro   0x0000000000008748       0x2a ./startup/startup_mkl25z4.o
 .debug_macro   0x0000000000008772      0xb5c ./startup/startup_mkl25z4.o
 .debug_macro   0x00000000000092ce      0x2f2 ./source/main_Akcelerometer.o
 .debug_macro   0x00000000000095c0       0x16 ./source/main_Akcelerometer.o
 .debug_macro   0x00000000000095d6       0x97 ./source/main_Akcelerometer.o
 .debug_macro   0x000000000000966d      0x104 ./source/main_Akcelerometer.o
 .debug_macro   0x0000000000009771       0x10 ./source/main_Akcelerometer.o
 .debug_macro   0x0000000000009781       0x10 ./source/main_Akcelerometer.o
 .debug_macro   0x0000000000009791       0x1c ./source/main_Akcelerometer.o
 .debug_macro   0x00000000000097ad       0x52 ./source/main_Akcelerometer.o
 .debug_macro   0x00000000000097ff       0x40 ./source/main_Akcelerometer.o
 .debug_macro   0x000000000000983f       0x10 ./source/main_Akcelerometer.o
 .debug_macro   0x000000000000984f       0x40 ./source/main_Akcelerometer.o
 .debug_macro   0x000000000000988f       0xd7 ./source/main_Akcelerometer.o
 .debug_macro   0x0000000000009966       0x1c ./source/main_Akcelerometer.o
 .debug_macro   0x0000000000009982       0x3d ./source/main_Akcelerometer.o
 .debug_macro   0x00000000000099bf       0x16 ./source/main_Akcelerometer.o
 .debug_macro   0x00000000000099d5      0x137 ./source/main_Akcelerometer.o
 .debug_macro   0x0000000000009b0c       0x16 ./source/main_Akcelerometer.o
 .debug_macro   0x0000000000009b22       0x10 ./source/main_Akcelerometer.o
 .debug_macro   0x0000000000009b32      0x112 ./source/main_Akcelerometer.o
 .debug_macro   0x0000000000009c44       0x3a ./source/main_Akcelerometer.o
 .debug_macro   0x0000000000009c7e       0x16 ./source/main_Akcelerometer.o
 .debug_macro   0x0000000000009c94       0x2f ./source/mtb.o
 .debug_macro   0x0000000000009cc3       0x82 ./source/mtb.o
 .debug_macro   0x0000000000009d45       0x10 ./source/mtb.o
 .debug_macro   0x0000000000009d55       0x11 ./source/semihost_hardfault.o
 .debug_macro   0x0000000000009d66      0x26a ./drivers/fsl_clock.o
 .debug_macro   0x0000000000009fd0      0x1c3 ./drivers/fsl_common.o
 .debug_macro   0x000000000000a193      0x1c0 ./drivers/fsl_dma.o
 .debug_macro   0x000000000000a353      0x1bf ./drivers/fsl_i2c.o
 .debug_macro   0x000000000000a512      0x1c0 ./drivers/fsl_lpsci.o
 .debug_macro   0x000000000000a6d2      0x1bf ./drivers/fsl_spi.o
 .debug_macro   0x000000000000a891       0x10 ./drivers/fsl_spi.o
 .debug_macro   0x000000000000a8a1      0x1c6 ./drivers/fsl_uart.o
 .debug_macro   0x000000000000aa67      0x1e6 ./board/board.o
 .debug_macro   0x000000000000ac4d       0x87 ./board/board.o
 .debug_macro   0x000000000000acd4       0x51 ./board/board.o
 .debug_macro   0x000000000000ad25       0x58 ./board/board.o
 .debug_macro   0x000000000000ad7d      0x1f7 ./board/clock_config.o
 .debug_macro   0x000000000000af74       0x1b ./board/peripherals.o
 .debug_macro   0x000000000000af8f      0x1db ./board/pin_mux.o
 .debug_macro   0x000000000000b16a       0x10 ./board/pin_mux.o
 .debug_macro   0x000000000000b17a       0xbb ./CMSIS/system_MKL25Z4.o

.debug_line     0x0000000000000000     0x5738
 .debug_line    0x0000000000000000      0x829 ./utilities/fsl_debug_console.o
 .debug_line    0x0000000000000829      0x13a ./startup/startup_mkl25z4.o
 .debug_line    0x0000000000000963      0x4d0 ./source/main_Akcelerometer.o
 .debug_line    0x0000000000000e33       0x9e ./source/mtb.o
 .debug_line    0x0000000000000ed1       0x54 ./source/semihost_hardfault.o
 .debug_line    0x0000000000000f25      0xae1 ./drivers/fsl_clock.o
 .debug_line    0x0000000000001a06      0x3f5 ./drivers/fsl_common.o
 .debug_line    0x0000000000001dfb      0x643 ./drivers/fsl_dma.o
 .debug_line    0x000000000000243e      0xb33 ./drivers/fsl_i2c.o
 .debug_line    0x0000000000002f71      0x890 ./drivers/fsl_lpsci.o
 .debug_line    0x0000000000003801      0x7ec ./drivers/fsl_spi.o
 .debug_line    0x0000000000003fed      0x893 ./drivers/fsl_uart.o
 .debug_line    0x0000000000004880      0x3c0 ./board/board.o
 .debug_line    0x0000000000004c40      0x421 ./board/clock_config.o
 .debug_line    0x0000000000005061       0x58 ./board/peripherals.o
 .debug_line    0x00000000000050b9      0x3bc ./board/pin_mux.o
 .debug_line    0x0000000000005475      0x2c3 ./CMSIS/system_MKL25Z4.o

.debug_str      0x0000000000000000    0x3c211
 .debug_str     0x0000000000000000    0x33e58 ./utilities/fsl_debug_console.o
                                      0x3439d (size before relaxing)
 .debug_str     0x0000000000033e58      0x961 ./startup/startup_mkl25z4.o
                                       0x34da (size before relaxing)
 .debug_str     0x00000000000347b9     0x2a12 ./source/main_Akcelerometer.o
                                      0x35ac8 (size before relaxing)
 .debug_str     0x00000000000371cb      0x532 ./source/mtb.o
                                       0x3202 (size before relaxing)
 .debug_str     0x00000000000376fd       0x1f ./source/semihost_hardfault.o
                                       0x2cef (size before relaxing)
 .debug_str     0x000000000003771c     0x15ae ./drivers/fsl_clock.o
                                      0x349fe (size before relaxing)
 .debug_str     0x0000000000038cca      0x2d6 ./drivers/fsl_common.o
                                      0x32fde (size before relaxing)
 .debug_str     0x0000000000038fa0      0x7e5 ./drivers/fsl_dma.o
                                      0x33cc1 (size before relaxing)
 .debug_str     0x0000000000039785      0xbb9 ./drivers/fsl_i2c.o
                                      0x341d8 (size before relaxing)
 .debug_str     0x000000000003a33e      0x921 ./drivers/fsl_lpsci.o
                                      0x34006 (size before relaxing)
 .debug_str     0x000000000003ac5f      0x7b8 ./drivers/fsl_spi.o
                                      0x33dc8 (size before relaxing)
 .debug_str     0x000000000003b417      0x832 ./drivers/fsl_uart.o
                                      0x34029 (size before relaxing)
 .debug_str     0x000000000003bc49       0x4c ./board/board.o
                                      0x33b3c (size before relaxing)
 .debug_str     0x000000000003bc95      0x300 ./board/clock_config.o
                                      0x3390e (size before relaxing)
 .debug_str     0x000000000003bf95       0x31 ./board/peripherals.o
                                       0x2d00 (size before relaxing)
 .debug_str     0x000000000003bfc6      0x1fc ./board/pin_mux.o
                                      0x33071 (size before relaxing)
 .debug_str     0x000000000003c1c2       0x4f ./CMSIS/system_MKL25Z4.o
                                      0x2f37a (size before relaxing)

.comment        0x0000000000000000       0x7e
 .comment       0x0000000000000000       0x7e ./utilities/fsl_debug_console.o
                                         0x7f (size before relaxing)
 .comment       0x000000000000007e       0x7f ./startup/startup_mkl25z4.o
 .comment       0x000000000000007e       0x7f ./source/main_Akcelerometer.o
 .comment       0x000000000000007e       0x7f ./source/mtb.o
 .comment       0x000000000000007e       0x7f ./source/semihost_hardfault.o
 .comment       0x000000000000007e       0x7f ./drivers/fsl_clock.o
 .comment       0x000000000000007e       0x7f ./drivers/fsl_common.o
 .comment       0x000000000000007e       0x7f ./drivers/fsl_dma.o
 .comment       0x000000000000007e       0x7f ./drivers/fsl_i2c.o
 .comment       0x000000000000007e       0x7f ./drivers/fsl_lpsci.o
 .comment       0x000000000000007e       0x7f ./drivers/fsl_spi.o
 .comment       0x000000000000007e       0x7f ./drivers/fsl_uart.o
 .comment       0x000000000000007e       0x7f ./board/board.o
 .comment       0x000000000000007e       0x7f ./board/clock_config.o
 .comment       0x000000000000007e       0x7f ./board/peripherals.o
 .comment       0x000000000000007e       0x7f ./board/pin_mux.o
 .comment       0x000000000000007e       0x7f ./CMSIS/system_MKL25Z4.o

.ARM.attributes
                0x0000000000000000       0x30
 .ARM.attributes
                0x0000000000000000       0x32 ./utilities/fsl_debug_console.o
 .ARM.attributes
                0x0000000000000032       0x32 ./startup/startup_mkl25z4.o
 .ARM.attributes
                0x0000000000000064       0x32 ./source/main_Akcelerometer.o
 .ARM.attributes
                0x0000000000000096       0x32 ./source/mtb.o
 .ARM.attributes
                0x00000000000000c8       0x32 ./source/semihost_hardfault.o
 .ARM.attributes
                0x00000000000000fa       0x32 ./drivers/fsl_clock.o
 .ARM.attributes
                0x000000000000012c       0x32 ./drivers/fsl_common.o
 .ARM.attributes
                0x000000000000015e       0x32 ./drivers/fsl_dma.o
 .ARM.attributes
                0x0000000000000190       0x32 ./drivers/fsl_i2c.o
 .ARM.attributes
                0x00000000000001c2       0x32 ./drivers/fsl_lpsci.o
 .ARM.attributes
                0x00000000000001f4       0x32 ./drivers/fsl_spi.o
 .ARM.attributes
                0x0000000000000226       0x32 ./drivers/fsl_uart.o
 .ARM.attributes
                0x0000000000000258       0x32 ./board/board.o
 .ARM.attributes
                0x000000000000028a       0x32 ./board/clock_config.o
 .ARM.attributes
                0x00000000000002bc       0x32 ./board/peripherals.o
 .ARM.attributes
                0x00000000000002ee       0x32 ./board/pin_mux.o
 .ARM.attributes
                0x0000000000000320       0x32 ./CMSIS/system_MKL25Z4.o
 .ARM.attributes
                0x0000000000000352       0x1e /usr/local/mcuxpressoide-10.2.1_795/ide/tools/bin/../lib/gcc/arm-none-eabi/7.2.1/thumb/v6-m/libgcc.a(_udivsi3.o)
 .ARM.attributes
                0x0000000000000370       0x1e /usr/local/mcuxpressoide-10.2.1_795/ide/tools/bin/../lib/gcc/arm-none-eabi/7.2.1/thumb/v6-m/libgcc.a(_divsi3.o)
 .ARM.attributes
                0x000000000000038e       0x1e /usr/local/mcuxpressoide-10.2.1_795/ide/tools/bin/../lib/gcc/arm-none-eabi/7.2.1/thumb/v6-m/libgcc.a(_dvmd_tls.o)
 .ARM.attributes
                0x00000000000003ac       0x2c /usr/local/mcuxpressoide-10.2.1_795/ide/tools/bin/../lib/gcc/arm-none-eabi/7.2.1/../../../../arm-none-eabi/lib/thumb/v6-m/libc_nano.a(lib_a-init.o)
 .ARM.attributes
                0x00000000000003d8       0x1c /usr/local/mcuxpressoide-10.2.1_795/ide/tools/bin/../lib/gcc/arm-none-eabi/7.2.1/../../../../arm-none-eabi/lib/thumb/v6-m/libc_nano.a(lib_a-strlen.o)
 .ARM.attributes
                0x00000000000003f4       0x1e /usr/local/mcuxpressoide-10.2.1_795/ide/tools/bin/../lib/gcc/arm-none-eabi/7.2.1/thumb/v6-m/crti.o
 .ARM.attributes
                0x0000000000000412       0x1e /usr/local/mcuxpressoide-10.2.1_795/ide/tools/bin/../lib/gcc/arm-none-eabi/7.2.1/thumb/v6-m/crtn.o
 .ARM.attributes
                0x0000000000000430       0x2c /usr/local/mcuxpressoide-10.2.1_795/ide/tools/bin/../lib/gcc/arm-none-eabi/7.2.1/thumb/v6-m/crtbegin.o

.debug_frame    0x0000000000000000     0x2574
 .debug_frame   0x0000000000000000      0x1f0 ./utilities/fsl_debug_console.o
 .debug_frame   0x00000000000001f0      0x3b0 ./startup/startup_mkl25z4.o
 .debug_frame   0x00000000000005a0       0x2c ./source/main_Akcelerometer.o
 .debug_frame   0x00000000000005cc       0x20 ./source/semihost_hardfault.o
 .debug_frame   0x00000000000005ec      0x6e4 ./drivers/fsl_clock.o
 .debug_frame   0x0000000000000cd0       0x90 ./drivers/fsl_common.o
 .debug_frame   0x0000000000000d60      0x2e0 ./drivers/fsl_dma.o
 .debug_frame   0x0000000000001040      0x588 ./drivers/fsl_i2c.o
 .debug_frame   0x00000000000015c8      0x418 ./drivers/fsl_lpsci.o
 .debug_frame   0x00000000000019e0      0x470 ./drivers/fsl_spi.o
 .debug_frame   0x0000000000001e50      0x468 ./drivers/fsl_uart.o
 .debug_frame   0x00000000000022b8       0x50 ./board/board.o
 .debug_frame   0x0000000000002308      0x100 ./board/clock_config.o
 .debug_frame   0x0000000000002408       0x2c ./board/peripherals.o
 .debug_frame   0x0000000000002434       0x88 ./board/pin_mux.o
 .debug_frame   0x00000000000024bc       0x4c ./CMSIS/system_MKL25Z4.o
 .debug_frame   0x0000000000002508       0x20 /usr/local/mcuxpressoide-10.2.1_795/ide/tools/bin/../lib/gcc/arm-none-eabi/7.2.1/thumb/v6-m/libgcc.a(_udivsi3.o)
 .debug_frame   0x0000000000002528       0x20 /usr/local/mcuxpressoide-10.2.1_795/ide/tools/bin/../lib/gcc/arm-none-eabi/7.2.1/thumb/v6-m/libgcc.a(_divsi3.o)
 .debug_frame   0x0000000000002548       0x2c /usr/local/mcuxpressoide-10.2.1_795/ide/tools/bin/../lib/gcc/arm-none-eabi/7.2.1/../../../../arm-none-eabi/lib/thumb/v6-m/libc_nano.a(lib_a-init.o)
