Archive member included to satisfy reference by file (symbol)

/usr/local/mcuxpressoide-10.2.1_795/ide/tools/bin/../lib/gcc/arm-none-eabi/7.2.1/thumb/v6-m/libgcc.a(_udivsi3.o)
                              ./utilities/fsl_debug_console.o (__aeabi_uidiv)
/usr/local/mcuxpressoide-10.2.1_795/ide/tools/bin/../lib/gcc/arm-none-eabi/7.2.1/thumb/v6-m/libgcc.a(_divsi3.o)
                              ./utilities/fsl_debug_console.o (__aeabi_idiv)
/usr/local/mcuxpressoide-10.2.1_795/ide/tools/bin/../lib/gcc/arm-none-eabi/7.2.1/thumb/v6-m/libgcc.a(_dvmd_tls.o)
                              /usr/local/mcuxpressoide-10.2.1_795/ide/tools/bin/../lib/gcc/arm-none-eabi/7.2.1/thumb/v6-m/libgcc.a(_udivsi3.o) (__aeabi_idiv0)
/usr/local/mcuxpressoide-10.2.1_795/ide/tools/bin/../lib/gcc/arm-none-eabi/7.2.1/thumb/v6-m/libgcc.a(divsf3.o)
                              ./source/MMA8451Q.o (__aeabi_fdiv)
/usr/local/mcuxpressoide-10.2.1_795/ide/tools/bin/../lib/gcc/arm-none-eabi/7.2.1/thumb/v6-m/libgcc.a(floatsisf.o)
                              ./source/MMA8451Q.o (__aeabi_i2f)
/usr/local/mcuxpressoide-10.2.1_795/ide/tools/bin/../lib/gcc/arm-none-eabi/7.2.1/thumb/v6-m/libgcc.a(unwind-arm.o)
                              ./startup/startup_mkl25z4.o (__aeabi_unwind_cpp_pr0)
/usr/local/mcuxpressoide-10.2.1_795/ide/tools/bin/../lib/gcc/arm-none-eabi/7.2.1/thumb/v6-m/libgcc.a(libunwind.o)
                              /usr/local/mcuxpressoide-10.2.1_795/ide/tools/bin/../lib/gcc/arm-none-eabi/7.2.1/thumb/v6-m/libgcc.a(unwind-arm.o) (restore_core_regs)
/usr/local/mcuxpressoide-10.2.1_795/ide/tools/bin/../lib/gcc/arm-none-eabi/7.2.1/thumb/v6-m/libgcc.a(pr-support.o)
                              /usr/local/mcuxpressoide-10.2.1_795/ide/tools/bin/../lib/gcc/arm-none-eabi/7.2.1/thumb/v6-m/libgcc.a(unwind-arm.o) (__gnu_unwind_execute)
/usr/local/mcuxpressoide-10.2.1_795/ide/tools/bin/../lib/gcc/arm-none-eabi/7.2.1/thumb/v6-m/libgcc.a(_clzsi2.o)
                              /usr/local/mcuxpressoide-10.2.1_795/ide/tools/bin/../lib/gcc/arm-none-eabi/7.2.1/thumb/v6-m/libgcc.a(divsf3.o) (__clzsi2)
/usr/local/mcuxpressoide-10.2.1_795/ide/tools/bin/../lib/gcc/arm-none-eabi/7.2.1/../../../../arm-none-eabi/lib/thumb/v6-m/libc_nano.a(lib_a-abort.o)
                              /usr/local/mcuxpressoide-10.2.1_795/ide/tools/bin/../lib/gcc/arm-none-eabi/7.2.1/thumb/v6-m/libgcc.a(unwind-arm.o) (abort)
/usr/local/mcuxpressoide-10.2.1_795/ide/tools/bin/../lib/gcc/arm-none-eabi/7.2.1/../../../../arm-none-eabi/lib/thumb/v6-m/libc_nano.a(lib_a-init.o)
                              ./startup/startup_mkl25z4.o (__libc_init_array)
/usr/local/mcuxpressoide-10.2.1_795/ide/tools/bin/../lib/gcc/arm-none-eabi/7.2.1/../../../../arm-none-eabi/lib/thumb/v6-m/libc_nano.a(lib_a-memcpy-stub.o)
                              ./drivers/fsl_flash.o (memcpy)
/usr/local/mcuxpressoide-10.2.1_795/ide/tools/bin/../lib/gcc/arm-none-eabi/7.2.1/../../../../arm-none-eabi/lib/thumb/v6-m/libc_nano.a(lib_a-memset.o)
                              ./source/I2C.o (memset)
/usr/local/mcuxpressoide-10.2.1_795/ide/tools/bin/../lib/gcc/arm-none-eabi/7.2.1/../../../../arm-none-eabi/lib/thumb/v6-m/libc_nano.a(lib_a-signal.o)
                              /usr/local/mcuxpressoide-10.2.1_795/ide/tools/bin/../lib/gcc/arm-none-eabi/7.2.1/../../../../arm-none-eabi/lib/thumb/v6-m/libc_nano.a(lib_a-abort.o) (raise)
/usr/local/mcuxpressoide-10.2.1_795/ide/tools/bin/../lib/gcc/arm-none-eabi/7.2.1/../../../../arm-none-eabi/lib/thumb/v6-m/libc_nano.a(lib_a-signalr.o)
                              /usr/local/mcuxpressoide-10.2.1_795/ide/tools/bin/../lib/gcc/arm-none-eabi/7.2.1/../../../../arm-none-eabi/lib/thumb/v6-m/libc_nano.a(lib_a-signal.o) (_kill_r)
/usr/local/mcuxpressoide-10.2.1_795/ide/tools/bin/../lib/gcc/arm-none-eabi/7.2.1/../../../../arm-none-eabi/lib/thumb/v6-m/libc_nano.a(lib_a-strlen.o)
                              ./utilities/fsl_debug_console.o (strlen)
/usr/local/mcuxpressoide-10.2.1_795/ide/tools/bin/../lib/gcc/arm-none-eabi/7.2.1/../../../../arm-none-eabi/lib/thumb/v6-m/libc_nano.a(lib_a-impure.o)
                              /usr/local/mcuxpressoide-10.2.1_795/ide/tools/bin/../lib/gcc/arm-none-eabi/7.2.1/../../../../arm-none-eabi/lib/thumb/v6-m/libc_nano.a(lib_a-signal.o) (_impure_ptr)
/usr/local/mcuxpressoide-10.2.1_795/ide/tools/bin/../lib/gcc/arm-none-eabi/7.2.1/../../../../arm-none-eabi/lib/thumb/v6-m/libc_nano.a(lib_a-nano-mallocr.o)
                              /usr/local/mcuxpressoide-10.2.1_795/ide/tools/bin/../lib/gcc/arm-none-eabi/7.2.1/../../../../arm-none-eabi/lib/thumb/v6-m/libc_nano.a(lib_a-signal.o) (_malloc_r)
/usr/local/mcuxpressoide-10.2.1_795/ide/tools/bin/../lib/gcc/arm-none-eabi/7.2.1/../../../../arm-none-eabi/lib/thumb/v6-m/libc_nano.a(lib_a-reent.o)
                              /usr/local/mcuxpressoide-10.2.1_795/ide/tools/bin/../lib/gcc/arm-none-eabi/7.2.1/../../../../arm-none-eabi/lib/thumb/v6-m/libc_nano.a(lib_a-signalr.o) (errno)
[...]
Memory Configuration

Name             Origin             Length             Attributes
PROGRAM_FLASH    0x0000000000000000 0x0000000000020000 xr
SRAM             0x000000001ffff000 0x0000000000004000 xrw
*default*        0x0000000000000000 0xffffffffffffffff

Linker script and memory map

LOAD ./utilities/fsl_debug_console.o
LOAD ./startup/startup_mkl25z4.o
LOAD ./source/I2C.o
LOAD ./source/MMA8451Q.o
LOAD ./source/TPRaIS_Semestralka.o
LOAD ./source/mtb.o
LOAD ./source/semihost_hardfault.o
LOAD ./drivers/fsl_adc16.o
LOAD ./drivers/fsl_clock.o
LOAD ./drivers/fsl_cmp.o
LOAD ./drivers/fsl_common.o
LOAD ./drivers/fsl_cop.o
LOAD ./drivers/fsl_dac.o
LOAD ./drivers/fsl_dma.o
LOAD ./drivers/fsl_dmamux.o
LOAD ./drivers/fsl_flash.o
LOAD ./drivers/fsl_gpio.o
LOAD ./drivers/fsl_i2c.o
LOAD ./drivers/fsl_i2c_dma.o
LOAD ./drivers/fsl_llwu.o
LOAD ./drivers/fsl_lpsci.o
LOAD ./drivers/fsl_lpsci_dma.o
LOAD ./drivers/fsl_lptmr.o
LOAD ./drivers/fsl_pit.o
LOAD ./drivers/fsl_pmc.o
LOAD ./drivers/fsl_rcm.o
LOAD ./drivers/fsl_rtc.o
LOAD ./drivers/fsl_sim.o
LOAD ./drivers/fsl_smc.o
LOAD ./drivers/fsl_spi.o
LOAD ./drivers/fsl_spi_dma.o
LOAD ./drivers/fsl_tpm.o
LOAD ./drivers/fsl_tsi_v4.o
LOAD ./drivers/fsl_uart.o
LOAD ./drivers/fsl_uart_dma.o
LOAD ./board/board.o
LOAD ./board/clock_config.o
LOAD ./board/peripherals.o
LOAD ./board/pin_mux.o
LOAD ./CMSIS/system_MKL25Z4.o
START GROUP
LOAD /usr/local/mcuxpressoide-10.2.1_795/ide/tools/bin/../lib/gcc/arm-none-eabi/7.2.1/thumb/v6-m/libgcc.a
LOAD /usr/local/mcuxpressoide-10.2.1_795/ide/tools/bin/../lib/gcc/arm-none-eabi/7.2.1/../../../../arm-none-eabi/lib/thumb/v6-m/libc_nano.a
LOAD /usr/local/mcuxpressoide-10.2.1_795/ide/tools/bin/../lib/gcc/arm-none-eabi/7.2.1/../../../../arm-none-eabi/lib/thumb/v6-m/libstdc++_nano.a
LOAD /usr/local/mcuxpressoide-10.2.1_795/ide/tools/bin/../lib/gcc/arm-none-eabi/7.2.1/../../../../arm-none-eabi/lib/thumb/v6-m/libm.a
LOAD /usr/local/mcuxpressoide-10.2.1_795/ide/tools/bin/../lib/gcc/arm-none-eabi/7.2.1/../../../../arm-none-eabi/lib/thumb/v6-m/libcr_newlib_nohost.a
LOAD /usr/local/mcuxpressoide-10.2.1_795/ide/tools/bin/../lib/gcc/arm-none-eabi/7.2.1/thumb/v6-m/crti.o
LOAD /usr/local/mcuxpressoide-10.2.1_795/ide/tools/bin/../lib/gcc/arm-none-eabi/7.2.1/thumb/v6-m/crtn.o
LOAD /usr/local/mcuxpressoide-10.2.1_795/ide/tools/bin/../lib/gcc/arm-none-eabi/7.2.1/thumb/v6-m/crtbegin.o
LOAD /usr/local/mcuxpressoide-10.2.1_795/ide/tools/bin/../lib/gcc/arm-none-eabi/7.2.1/thumb/v6-m/crtend.o
END GROUP
                0x0000000000000000                __base_PROGRAM_FLASH = 0x0
                0x0000000000000000                __base_Flash = 0x0
                0x0000000000020000                __top_PROGRAM_FLASH = 0x20000
                0x0000000000020000                __top_Flash = 0x20000
                0x000000001ffff000                __base_SRAM = 0x1ffff000
                0x000000001ffff000                __base_RAM = 0x1ffff000
                0x0000000020003000                __top_SRAM = 0x20003000
                0x0000000020003000                __top_RAM = 0x20003000

.text           0x0000000000000000     0x6728
 FILL mask 0xff
                0x0000000000000000                __vectors_start__ = ABSOLUTE (.)
 *(.isr_vector)
 .isr_vector    0x0000000000000000       0xc0 ./startup/startup_mkl25z4.o
                0x0000000000000000                __Vectors
                0x0000000000000000                g_pfnVectors
                0x00000000000000c0                . = ALIGN (0x4)
                0x00000000000000c0                __section_table_start = .
                0x00000000000000c0                __data_section_table = .
                0x00000000000000c0        0x4 LONG 0x698c LOADADDR (.data)
                0x00000000000000c4        0x4 LONG 0x1ffff080 ADDR (.data)
                0x00000000000000c8        0x4 LONG 0x78 SIZEOF (.data)
                0x00000000000000cc                __data_section_table_end = .
                0x00000000000000cc                __bss_section_table = .
                0x00000000000000cc        0x4 LONG 0x1ffff0f8 ADDR (.bss)
                0x00000000000000d0        0x4 LONG 0x94 SIZEOF (.bss)
                0x00000000000000d4                __bss_section_table_end = .
                0x00000000000000d4                __section_table_end = .
 *(.after_vectors*)
 .after_vectors.init_data
                0x00000000000000d4       0x16 ./startup/startup_mkl25z4.o
                0x00000000000000d4                data_init(unsigned int, unsigned int, unsigned int)
 .after_vectors.init_bss
                0x00000000000000ea       0x12 ./startup/startup_mkl25z4.o
                0x00000000000000ea                bss_init(unsigned int, unsigned int)
 .after_vectors.reset
                0x00000000000000fc       0x50 ./startup/startup_mkl25z4.o
                0x00000000000000fc                ResetISR
 .after_vectors
                0x000000000000014c      0x10c ./startup/startup_mkl25z4.o
                0x000000000000014c                NMI_Handler
                0x0000000000000150                SVC_Handler
                0x0000000000000152                PendSV_Handler
                0x0000000000000154                SysTick_Handler
                0x0000000000000156                PIT_DriverIRQHandler
                0x0000000000000156                Reserved39_DriverIRQHandler
                0x0000000000000156                LPTMR0_DriverIRQHandler
                0x0000000000000156                TPM2_DriverIRQHandler
                0x0000000000000156                TSI0_DriverIRQHandler
                0x0000000000000156                RTC_Seconds_DriverIRQHandler
                0x0000000000000156                LLWU_DriverIRQHandler
                0x0000000000000156                MCG_DriverIRQHandler
                0x0000000000000156                FTFA_DriverIRQHandler
                0x0000000000000156                IntDefaultHandler
                0x0000000000000156                USB0_DriverIRQHandler
                0x0000000000000156                DAC0_DriverIRQHandler
                0x0000000000000156                LVD_LVW_DriverIRQHandler
                0x0000000000000156                TPM0_DriverIRQHandler
                0x0000000000000156                Reserved20_DriverIRQHandler
                0x0000000000000156                Reserved45_DriverIRQHandler
                0x0000000000000156                PORTA_DriverIRQHandler
                0x0000000000000156                TPM1_DriverIRQHandler
                0x0000000000000156                RTC_DriverIRQHandler
                0x0000000000000156                ADC0_DriverIRQHandler
                0x0000000000000156                CMP0_DriverIRQHandler
                0x0000000000000156                PORTD_DriverIRQHandler
                0x0000000000000158                DMA0_IRQHandler
                0x0000000000000160                DMA1_IRQHandler
                0x0000000000000168                DMA2_IRQHandler
                0x0000000000000170                DMA3_IRQHandler
                0x0000000000000178                Reserved20_IRQHandler
                0x0000000000000180                FTFA_IRQHandler
                0x0000000000000188                LVD_LVW_IRQHandler
                0x0000000000000190                LLWU_IRQHandler
                0x0000000000000198                I2C0_IRQHandler
                0x00000000000001a0                I2C1_IRQHandler
                0x00000000000001a8                SPI0_IRQHandler
                0x00000000000001b0                SPI1_IRQHandler
                0x00000000000001b8                UART0_IRQHandler
                0x00000000000001c0                UART1_IRQHandler
                0x00000000000001c8                UART2_IRQHandler
                0x00000000000001d0                ADC0_IRQHandler
                0x00000000000001d8                CMP0_IRQHandler
                0x00000000000001e0                TPM0_IRQHandler
                0x00000000000001e8                TPM1_IRQHandler
                0x00000000000001f0                TPM2_IRQHandler
                0x00000000000001f8                RTC_IRQHandler
                0x0000000000000200                RTC_Seconds_IRQHandler
                0x0000000000000208                PIT_IRQHandler
                0x0000000000000210                Reserved39_IRQHandler
                0x0000000000000218                USB0_IRQHandler
                0x0000000000000220                DAC0_IRQHandler
                0x0000000000000228                TSI0_IRQHandler
                0x0000000000000230                MCG_IRQHandler
                0x0000000000000238                LPTMR0_IRQHandler
                0x0000000000000240                Reserved45_IRQHandler
                0x0000000000000248                PORTA_IRQHandler
                0x0000000000000250                PORTD_IRQHandler
                0x0000000000000400                . = 0x400
 *fill*         0x0000000000000258      0x1a8 ff
                0x0000000000000400                PROVIDE (__FLASH_CONFIG_START__, .)
 *(.FlashConfig)
 .FlashConfig   0x0000000000000400       0x10 ./startup/startup_mkl25z4.o
                0x0000000000000410                PROVIDE (__FLASH_CONFIG_END__, .)
                0x0000000000000001                ASSERT (! ((__FLASH_CONFIG_START__ == __FLASH_CONFIG_END__)), Linker Flash Config Support Enabled, but no .FlashConfig section provided within application)
 *(.text*)
 .text.UART_EnableTx
                0x0000000000000410       0x40 ./utilities/fsl_debug_console.o
 .text.UART_EnableRx
                0x0000000000000450       0x40 ./utilities/fsl_debug_console.o
 .text.LPSCI_EnableTx
                0x0000000000000490       0x40 ./utilities/fsl_debug_console.o
 .text.LPSCI_EnableRx
                0x00000000000004d0       0x40 ./utilities/fsl_debug_console.o
 .text.DbgConsole_Init
                0x0000000000000510       0xf4 ./utilities/fsl_debug_console.o
                0x0000000000000510                DbgConsole_Init
 .text.DbgConsole_Printf
                0x0000000000000604       0x44 ./utilities/fsl_debug_console.o
                0x0000000000000604                DbgConsole_Printf
 .text.DbgConsole_Putchar
                0x0000000000000648       0x34 ./utilities/fsl_debug_console.o
                0x0000000000000648                DbgConsole_Putchar
 .text.DbgConsole_Getchar
                0x000000000000067c       0x40 ./utilities/fsl_debug_console.o
                0x000000000000067c                DbgConsole_Getchar
 .text.DbgConsole_PrintfPaddingCharacter
                0x00000000000006bc       0x46 ./utilities/fsl_debug_console.o
 .text.DbgConsole_ConvertRadixNumToString
                0x0000000000000702      0x114 ./utilities/fsl_debug_console.o
 .text.DbgConsole_PrintfFormattedData
                0x0000000000000816      0x32c ./utilities/fsl_debug_console.o
 *fill*         0x0000000000000b42        0x2 ff
 .text          0x0000000000000b44      0x538 ./source/I2C.o
                0x0000000000000bf4                I2C::I2C(unsigned long)
                0x0000000000000bf4                I2C::I2C(unsigned long)
                0x0000000000000c74                I2C::write(unsigned char, unsigned char, unsigned char, unsigned char, unsigned long)
                0x0000000000000d3c                I2C::read(unsigned char, unsigned char, unsigned char*, unsigned char, unsigned long)
                0x0000000000000e14                I2C::release_bus_delay()
                0x0000000000000e3c                I2C::ReleaseBus()
                0x0000000000000f90                I2C::ConfigurePins()
                0x0000000000001068                I2C::~I2C()
                0x0000000000001068                I2C::~I2C()
 .text          0x000000000000107c      0x340 ./source/MMA8451Q.o
                0x000000000000107c                MMA8451Q::MMA8451Q(int)
                0x000000000000107c                MMA8451Q::MMA8451Q(int)
                0x00000000000010aa                MMA8451Q::~MMA8451Q()
                0x00000000000010aa                MMA8451Q::~MMA8451Q()
                0x00000000000010c6                MMA8451Q::init()
                0x0000000000001174                MMA8451Q::getWhoAmI()
                0x0000000000001218                MMA8451Q::getAccX()
                0x000000000000127a                MMA8451Q::getAccY()
                0x00000000000012aa                MMA8451Q::getAccZ()
                0x00000000000012da                MMA8451Q::getAccAllAxis(float*)
                0x000000000000131c                MMA8451Q::getAccAxis(unsigned char)
                0x000000000000138c                MMA8451Q::readRegs(char, unsigned char*, int)
                0x00000000000013a8                MMA8451Q::writeRegs(unsigned char*, int)
 .text          0x00000000000013bc      0x178 ./source/TPRaIS_Semestralka.o
                0x00000000000013f0                LED_turnOff(color)
                0x0000000000001448                LED_turnOn(color)
                0x00000000000014a0                BOARD_INIT()
                0x00000000000014ba                main
 .text.HardFault_Handler
                0x0000000000001534       0x30 ./source/semihost_hardfault.o
                0x0000000000001534                HardFault_Handler
 .text.CLOCK_SetEr32kClock
                0x0000000000001564       0x34 ./drivers/fsl_clock.o
 .text.CLOCK_SetPllFllSelClock
                0x0000000000001598       0x38 ./drivers/fsl_clock.o
 .text.OSC_SetExtRefClkConfig
                0x00000000000015d0       0x3e ./drivers/fsl_clock.o
 .text.OSC_SetCapLoad
                0x000000000000160e       0x42 ./drivers/fsl_clock.o
 .text.CLOCK_GetMcgExtClkFreq
                0x0000000000001650       0x34 ./drivers/fsl_clock.o
 .text.CLOCK_GetFllExtRefClkFreq
                0x0000000000001684       0xa4 ./drivers/fsl_clock.o
 .text.CLOCK_GetInternalRefClkSelectFreq
                0x0000000000001728       0x40 ./drivers/fsl_clock.o
 .text.CLOCK_GetFllRefClkFreq
                0x0000000000001768       0x2c ./drivers/fsl_clock.o
 .text.CLOCK_GetPll0RefFreq
                0x0000000000001794       0x10 ./drivers/fsl_clock.o
 .text.CLOCK_GetOscRangeFromFreq
                0x00000000000017a4       0x4c ./drivers/fsl_clock.o
 .text.CLOCK_GetOsc0ErClkFreq
                0x00000000000017f0       0x4c ./drivers/fsl_clock.o
                0x00000000000017f0                CLOCK_GetOsc0ErClkFreq
 .text.CLOCK_GetEr32kClkFreq
                0x000000000000183c       0x84 ./drivers/fsl_clock.o
                0x000000000000183c                CLOCK_GetEr32kClkFreq
 .text.CLOCK_GetPllFllSelClkFreq
                0x00000000000018c0       0x4c ./drivers/fsl_clock.o
                0x00000000000018c0                CLOCK_GetPllFllSelClkFreq
 .text.CLOCK_GetFreq
                0x000000000000190c       0xe0 ./drivers/fsl_clock.o
                0x000000000000190c                CLOCK_GetFreq
 .text.CLOCK_SetSimConfig
                0x00000000000019ec       0x38 ./drivers/fsl_clock.o
                0x00000000000019ec                CLOCK_SetSimConfig
 .text.CLOCK_GetOutClkFreq
                0x0000000000001a24       0x60 ./drivers/fsl_clock.o
                0x0000000000001a24                CLOCK_GetOutClkFreq
 .text.CLOCK_GetFllFreq
                0x0000000000001a84       0x84 ./drivers/fsl_clock.o
                0x0000000000001a84                CLOCK_GetFllFreq
 .text.CLOCK_GetInternalRefClkFreq
                0x0000000000001b08       0x28 ./drivers/fsl_clock.o
                0x0000000000001b08                CLOCK_GetInternalRefClkFreq
 .text.CLOCK_GetFixedFreqClkFreq
                0x0000000000001b30       0x30 ./drivers/fsl_clock.o
                0x0000000000001b30                CLOCK_GetFixedFreqClkFreq
 .text.CLOCK_GetPll0Freq
                0x0000000000001b60       0x80 ./drivers/fsl_clock.o
                0x0000000000001b60                CLOCK_GetPll0Freq
 .text.CLOCK_SetExternalRefClkConfig
                0x0000000000001be0       0x16 ./drivers/fsl_clock.o
                0x0000000000001be0                CLOCK_SetExternalRefClkConfig
 *fill*         0x0000000000001bf6        0x2 ff
 .text.CLOCK_SetInternalRefClkConfig
                0x0000000000001bf8      0x128 ./drivers/fsl_clock.o
                0x0000000000001bf8                CLOCK_SetInternalRefClkConfig
 .text.CLOCK_EnablePll0
                0x0000000000001d20       0xa0 ./drivers/fsl_clock.o
                0x0000000000001d20                CLOCK_EnablePll0
 .text.CLOCK_InitOsc0
                0x0000000000001dc0       0x94 ./drivers/fsl_clock.o
                0x0000000000001dc0                CLOCK_InitOsc0
 .text.CLOCK_SetPbeMode
                0x0000000000001e54       0xc0 ./drivers/fsl_clock.o
                0x0000000000001e54                CLOCK_SetPbeMode
 .text.CLOCK_BootToPeeMode
                0x0000000000001f14       0x80 ./drivers/fsl_clock.o
                0x0000000000001f14                CLOCK_BootToPeeMode
 .text.__assert_func
                0x0000000000001f94       0x28 ./drivers/fsl_common.o
                0x0000000000001f94                __assert_func
 .text.DMA_ClearChannelStatusFlags
                0x0000000000001fbc       0x64 ./drivers/fsl_dma.o
 .text.DMA_HandleIRQ
                0x0000000000002020       0x60 ./drivers/fsl_dma.o
                0x0000000000002020                DMA_HandleIRQ
 .text.DMA0_DriverIRQHandler
                0x0000000000002080       0x18 ./drivers/fsl_dma.o
                0x0000000000002080                DMA0_DriverIRQHandler
 .text.DMA1_DriverIRQHandler
                0x0000000000002098       0x18 ./drivers/fsl_dma.o
                0x0000000000002098                DMA1_DriverIRQHandler
 .text.DMA2_DriverIRQHandler
                0x00000000000020b0       0x18 ./drivers/fsl_dma.o
                0x00000000000020b0                DMA2_DriverIRQHandler
 .text.DMA3_DriverIRQHandler
                0x00000000000020c8       0x18 ./drivers/fsl_dma.o
                0x00000000000020c8                DMA3_DriverIRQHandler
 .text.GPIO_WritePinOutput
                0x00000000000020e0       0x34 ./drivers/fsl_gpio.o
 .text.GPIO_PinInit
                0x0000000000002114       0x70 ./drivers/fsl_gpio.o
                0x0000000000002114                GPIO_PinInit
 .text.NVIC_EnableIRQ
                0x0000000000002184       0x2c ./drivers/fsl_i2c.o
 .text.CLOCK_EnableClock
                0x00000000000021b0       0x34 ./drivers/fsl_i2c.o
 .text.EnableIRQ
                0x00000000000021e4       0x2c ./drivers/fsl_i2c.o
 .text.I2C_MasterClearStatusFlags
                0x0000000000002210       0x38 ./drivers/fsl_i2c.o
 .text.I2C_GetInstance
                0x0000000000002248       0x58 ./drivers/fsl_i2c.o
                0x0000000000002248                I2C_GetInstance
 .text.I2C_InitTransferStateMachine
                0x00000000000022a0       0xa0 ./drivers/fsl_i2c.o
 .text.I2C_CheckAndClearError
                0x0000000000002340       0x40 ./drivers/fsl_i2c.o
 .text.I2C_MasterTransferRunStateMachine
                0x0000000000002380      0x268 ./drivers/fsl_i2c.o
 .text.I2C_TransferCommonIRQHandler
                0x00000000000025e8       0x54 ./drivers/fsl_i2c.o
 .text.I2C_MasterInit
                0x000000000000263c      0x10c ./drivers/fsl_i2c.o
                0x000000000000263c                I2C_MasterInit
 .text.I2C_MasterGetDefaultConfig
                0x0000000000002748       0x50 ./drivers/fsl_i2c.o
                0x0000000000002748                I2C_MasterGetDefaultConfig
 .text.I2C_EnableInterrupts
                0x0000000000002798       0x5c ./drivers/fsl_i2c.o
                0x0000000000002798                I2C_EnableInterrupts
 .text.I2C_DisableInterrupts
                0x00000000000027f4       0x42 ./drivers/fsl_i2c.o
                0x00000000000027f4                I2C_DisableInterrupts
 *fill*         0x0000000000002836        0x2 ff
 .text.I2C_MasterSetBaudRate
                0x0000000000002838       0xf0 ./drivers/fsl_i2c.o
                0x0000000000002838                I2C_MasterSetBaudRate
 .text.I2C_MasterStart
                0x0000000000002928       0x74 ./drivers/fsl_i2c.o
                0x0000000000002928                I2C_MasterStart
 .text.I2C_MasterRepeatedStart
                0x000000000000299c       0xbc ./drivers/fsl_i2c.o
                0x000000000000299c                I2C_MasterRepeatedStart
 .text.I2C_MasterStop
                0x0000000000002a58       0x64 ./drivers/fsl_i2c.o
                0x0000000000002a58                I2C_MasterStop
 .text.I2C_MasterGetStatusFlags
                0x0000000000002abc       0x32 ./drivers/fsl_i2c.o
                0x0000000000002abc                I2C_MasterGetStatusFlags
 *fill*         0x0000000000002aee        0x2 ff
 .text.I2C_MasterTransferCreateHandle
                0x0000000000002af0       0x8c ./drivers/fsl_i2c.o
                0x0000000000002af0                I2C_MasterTransferCreateHandle
 .text.I2C_MasterTransferNonBlocking
                0x0000000000002b7c       0x88 ./drivers/fsl_i2c.o
                0x0000000000002b7c                I2C_MasterTransferNonBlocking
 .text.I2C_MasterTransferHandleIRQ
                0x0000000000002c04       0xcc ./drivers/fsl_i2c.o
                0x0000000000002c04                I2C_MasterTransferHandleIRQ
 .text.I2C0_DriverIRQHandler
                0x0000000000002cd0       0x20 ./drivers/fsl_i2c.o
                0x0000000000002cd0                I2C0_DriverIRQHandler
 .text.I2C1_DriverIRQHandler
                0x0000000000002cf0       0x20 ./drivers/fsl_i2c.o
                0x0000000000002cf0                I2C1_DriverIRQHandler
 .text.CLOCK_EnableClock
                0x0000000000002d10       0x34 ./drivers/fsl_lpsci.o
 .text.LPSCI_GetInstance
                0x0000000000002d44       0x54 ./drivers/fsl_lpsci.o
                0x0000000000002d44                LPSCI_GetInstance
 .text.LPSCI_Init
                0x0000000000002d98      0x270 ./drivers/fsl_lpsci.o
                0x0000000000002d98                LPSCI_Init
 .text.LPSCI_GetDefaultConfig
                0x0000000000003008       0x54 ./drivers/fsl_lpsci.o
                0x0000000000003008                LPSCI_GetDefaultConfig
 .text.LPSCI_GetStatusFlags
                0x000000000000305c       0x26 ./drivers/fsl_lpsci.o
                0x000000000000305c                LPSCI_GetStatusFlags
 *fill*         0x0000000000003082        0x2 ff
 .text.LPSCI_ClearStatusFlags
                0x0000000000003084       0x94 ./drivers/fsl_lpsci.o
                0x0000000000003084                LPSCI_ClearStatusFlags
 .text.LPSCI_WriteBlocking
                0x0000000000003118       0x5c ./drivers/fsl_lpsci.o
                0x0000000000003118                LPSCI_WriteBlocking
 .text.LPSCI_ReadBlocking
                0x0000000000003174       0xd0 ./drivers/fsl_lpsci.o
                0x0000000000003174                LPSCI_ReadBlocking
 .text.UART0_DriverIRQHandler
                0x0000000000003244       0x24 ./drivers/fsl_lpsci.o
                0x0000000000003244                UART0_DriverIRQHandler
 .text.SPI_CommonIRQHandler
                0x0000000000003268       0x54 ./drivers/fsl_spi.o
 .text.SPI0_DriverIRQHandler
                0x00000000000032bc       0x40 ./drivers/fsl_spi.o
                0x00000000000032bc                SPI0_DriverIRQHandler
 .text.SPI1_DriverIRQHandler
                0x00000000000032fc       0x40 ./drivers/fsl_spi.o
                0x00000000000032fc                SPI1_DriverIRQHandler
 .text.CLOCK_EnableClock
                0x000000000000333c       0x34 ./drivers/fsl_uart.o
 .text.UART_GetInstance
                0x0000000000003370       0x60 ./drivers/fsl_uart.o
                0x0000000000003370                UART_GetInstance
 .text.UART_Init
                0x00000000000033d0      0x1f8 ./drivers/fsl_uart.o
                0x00000000000033d0                UART_Init
 .text.UART_GetDefaultConfig
                0x00000000000035c8       0x54 ./drivers/fsl_uart.o
                0x00000000000035c8                UART_GetDefaultConfig
 .text.UART_GetStatusFlags
                0x000000000000361c       0x26 ./drivers/fsl_uart.o
                0x000000000000361c                UART_GetStatusFlags
 .text.UART_WriteBlocking
                0x0000000000003642       0x3a ./drivers/fsl_uart.o
                0x0000000000003642                UART_WriteBlocking
 .text.UART_ReadBlocking
                0x000000000000367c       0xa8 ./drivers/fsl_uart.o
                0x000000000000367c                UART_ReadBlocking
 .text.UART1_DriverIRQHandler
                0x0000000000003724       0x24 ./drivers/fsl_uart.o
                0x0000000000003724                UART1_DriverIRQHandler
 .text.UART2_DriverIRQHandler
                0x0000000000003748       0x24 ./drivers/fsl_uart.o
                0x0000000000003748                UART2_DriverIRQHandler
 .text.CLOCK_SetLpsci0Clock
                0x000000000000376c       0x38 ./board/board.o
 .text.BOARD_InitDebugConsole
                0x00000000000037a4       0x30 ./board/board.o
                0x00000000000037a4                BOARD_InitDebugConsole
 .text.CLOCK_SetSimSafeDivs
                0x00000000000037d4       0x20 ./board/clock_config.o
 .text.CLOCK_SetXtal0Freq
                0x00000000000037f4       0x1c ./board/clock_config.o
 .text.CLOCK_CONFIG_SetFllExtRefDiv
                0x0000000000003810       0x3c ./board/clock_config.o
 .text.BOARD_InitBootClocks
                0x000000000000384c        0xe ./board/clock_config.o
                0x000000000000384c                BOARD_InitBootClocks
 *fill*         0x000000000000385a        0x2 ff
 .text.BOARD_BootClockRUN
                0x000000000000385c       0x64 ./board/clock_config.o
                0x000000000000385c                BOARD_BootClockRUN
 .text.BOARD_InitBootPeripherals
                0x00000000000038c0        0xa ./board/peripherals.o
                0x00000000000038c0                BOARD_InitBootPeripherals
 *fill*         0x00000000000038ca        0x2 ff
 .text.CLOCK_EnableClock
                0x00000000000038cc       0x34 ./board/pin_mux.o
 .text.PORT_SetPinMux
                0x0000000000003900       0x40 ./board/pin_mux.o
 .text.BOARD_InitBootPins
                0x0000000000003940        0xe ./board/pin_mux.o
                0x0000000000003940                BOARD_InitBootPins
 *fill*         0x000000000000394e        0x2 ff
 .text.BOARD_InitPins
                0x0000000000003950      0x108 ./board/pin_mux.o
                0x0000000000003950                BOARD_InitPins
 .text.SystemInit
                0x0000000000003a58       0x18 ./CMSIS/system_MKL25Z4.o
                0x0000000000003a58                SystemInit
 .text          0x0000000000003a70      0x114 /usr/local/mcuxpressoide-10.2.1_795/ide/tools/bin/../lib/gcc/arm-none-eabi/7.2.1/thumb/v6-m/libgcc.a(_udivsi3.o)
                0x0000000000003a70                __udivsi3
                0x0000000000003a70                __aeabi_uidiv
                0x0000000000003b7c                __aeabi_uidivmod
 .text          0x0000000000003b84      0x1d4 /usr/local/mcuxpressoide-10.2.1_795/ide/tools/bin/../lib/gcc/arm-none-eabi/7.2.1/thumb/v6-m/libgcc.a(_divsi3.o)
                0x0000000000003b84                __aeabi_idiv
                0x0000000000003b84                __divsi3
                0x0000000000003d50                __aeabi_idivmod
 .text          0x0000000000003d58        0x4 /usr/local/mcuxpressoide-10.2.1_795/ide/tools/bin/../lib/gcc/arm-none-eabi/7.2.1/thumb/v6-m/libgcc.a(_dvmd_tls.o)
                0x0000000000003d58                __aeabi_ldiv0
                0x0000000000003d58                __aeabi_idiv0
 .text          0x0000000000003d5c      0x224 /usr/local/mcuxpressoide-10.2.1_795/ide/tools/bin/../lib/gcc/arm-none-eabi/7.2.1/thumb/v6-m/libgcc.a(divsf3.o)
                0x0000000000003d5c                __aeabi_fdiv
 .text          0x0000000000003f80       0x94 /usr/local/mcuxpressoide-10.2.1_795/ide/tools/bin/../lib/gcc/arm-none-eabi/7.2.1/thumb/v6-m/libgcc.a(floatsisf.o)
                0x0000000000003f80                __aeabi_i2f
 .text          0x0000000000004014      0xa08 /usr/local/mcuxpressoide-10.2.1_795/ide/tools/bin/../lib/gcc/arm-none-eabi/7.2.1/thumb/v6-m/libgcc.a(unwind-arm.o)
                0x00000000000042d0                _Unwind_GetCFA
                0x00000000000042d4                __gnu_Unwind_RaiseException
                0x0000000000004328                __gnu_Unwind_ForcedUnwind
                0x000000000000433c                __gnu_Unwind_Resume
                0x0000000000004384                __gnu_Unwind_Resume_or_Rethrow
                0x00000000000043a0                _Unwind_Complete
                0x00000000000043a4                _Unwind_DeleteException
                0x00000000000043b4                _Unwind_VRS_Get
                0x00000000000043fc                _Unwind_VRS_Set
                0x0000000000004444                __gnu_Unwind_Backtrace
                0x0000000000004794                __aeabi_unwind_cpp_pr0
                0x00000000000047a0                __aeabi_unwind_cpp_pr1
                0x00000000000047ac                __aeabi_unwind_cpp_pr2
                0x00000000000047b8                _Unwind_VRS_Pop
 .text          0x0000000000004a1c      0x144 /usr/local/mcuxpressoide-10.2.1_795/ide/tools/bin/../lib/gcc/arm-none-eabi/7.2.1/thumb/v6-m/libgcc.a(libunwind.o)
                0x0000000000004a1c                __restore_core_regs
                0x0000000000004a1c                restore_core_regs
                0x0000000000004a48                __gnu_Unwind_Restore_VFP
                0x0000000000004a4c                __gnu_Unwind_Save_VFP
                0x0000000000004a50                __gnu_Unwind_Restore_VFP_D
                0x0000000000004a54                __gnu_Unwind_Save_VFP_D
                0x0000000000004a58                __gnu_Unwind_Restore_VFP_D_16_to_31
                0x0000000000004a5c                __gnu_Unwind_Save_VFP_D_16_to_31
                0x0000000000004a60                __gnu_Unwind_Restore_WMMXD
                0x0000000000004a64                __gnu_Unwind_Save_WMMXD
                0x0000000000004a68                __gnu_Unwind_Restore_WMMXC
                0x0000000000004a6c                __gnu_Unwind_Save_WMMXC
                0x0000000000004a70                ___Unwind_RaiseException
                0x0000000000004a70                _Unwind_RaiseException
                0x0000000000004aa0                ___Unwind_Resume
                0x0000000000004aa0                _Unwind_Resume
                0x0000000000004ad0                _Unwind_Resume_or_Rethrow
                0x0000000000004ad0                ___Unwind_Resume_or_Rethrow
                0x0000000000004b00                ___Unwind_ForcedUnwind
                0x0000000000004b00                _Unwind_ForcedUnwind
                0x0000000000004b30                _Unwind_Backtrace
                0x0000000000004b30                ___Unwind_Backtrace
 .text          0x0000000000004b60      0x39c /usr/local/mcuxpressoide-10.2.1_795/ide/tools/bin/../lib/gcc/arm-none-eabi/7.2.1/thumb/v6-m/libgcc.a(pr-support.o)
                0x0000000000004bb4                __gnu_unwind_execute
                0x0000000000004ea4                __gnu_unwind_frame
                0x0000000000004ecc                _Unwind_GetRegionStart
                0x0000000000004ed8                _Unwind_GetLanguageSpecificData
                0x0000000000004eec                _Unwind_GetDataRelBase
                0x0000000000004ef4                _Unwind_GetTextRelBase
 .text          0x0000000000004efc       0x3c /usr/local/mcuxpressoide-10.2.1_795/ide/tools/bin/../lib/gcc/arm-none-eabi/7.2.1/thumb/v6-m/libgcc.a(_clzsi2.o)
                0x0000000000004efc                __clzsi2
 .text.abort    0x0000000000004f38        0xe /usr/local/mcuxpressoide-10.2.1_795/ide/tools/bin/../lib/gcc/arm-none-eabi/7.2.1/../../../../arm-none-eabi/lib/thumb/v6-m/libc_nano.a(lib_a-abort.o)
                0x0000000000004f38                abort
 *fill*         0x0000000000004f46        0x2 ff
 .text.__libc_init_array
                0x0000000000004f48       0x48 /usr/local/mcuxpressoide-10.2.1_795/ide/tools/bin/../lib/gcc/arm-none-eabi/7.2.1/../../../../arm-none-eabi/lib/thumb/v6-m/libc_nano.a(lib_a-init.o)
                0x0000000000004f48                __libc_init_array
 .text.memcpy   0x0000000000004f90       0x12 /usr/local/mcuxpressoide-10.2.1_795/ide/tools/bin/../lib/gcc/arm-none-eabi/7.2.1/../../../../arm-none-eabi/lib/thumb/v6-m/libc_nano.a(lib_a-memcpy-stub.o)
                0x0000000000004f90                memcpy
 .text.memset   0x0000000000004fa2       0x10 /usr/local/mcuxpressoide-10.2.1_795/ide/tools/bin/../lib/gcc/arm-none-eabi/7.2.1/../../../../arm-none-eabi/lib/thumb/v6-m/libc_nano.a(lib_a-memset.o)
                0x0000000000004fa2                memset
 .text._raise_r
                0x0000000000004fb2       0x54 /usr/local/mcuxpressoide-10.2.1_795/ide/tools/bin/../lib/gcc/arm-none-eabi/7.2.1/../../../../arm-none-eabi/lib/thumb/v6-m/libc_nano.a(lib_a-signal.o)
                0x0000000000004fb2                _raise_r
 *fill*         0x0000000000005006        0x2 ff
 .text.raise    0x0000000000005008       0x14 /usr/local/mcuxpressoide-10.2.1_795/ide/tools/bin/../lib/gcc/arm-none-eabi/7.2.1/../../../../arm-none-eabi/lib/thumb/v6-m/libc_nano.a(lib_a-signal.o)
                0x0000000000005008                raise
 .text._kill_r  0x000000000000501c       0x24 /usr/local/mcuxpressoide-10.2.1_795/ide/tools/bin/../lib/gcc/arm-none-eabi/7.2.1/../../../../arm-none-eabi/lib/thumb/v6-m/libc_nano.a(lib_a-signalr.o)
                0x000000000000501c                _kill_r
 .text._getpid_r
                0x0000000000005040        0x8 /usr/local/mcuxpressoide-10.2.1_795/ide/tools/bin/../lib/gcc/arm-none-eabi/7.2.1/../../../../arm-none-eabi/lib/thumb/v6-m/libc_nano.a(lib_a-signalr.o)
                0x0000000000005040                _getpid_r
 .text          0x0000000000005048        0xe /usr/local/mcuxpressoide-10.2.1_795/ide/tools/bin/../lib/gcc/arm-none-eabi/7.2.1/../../../../arm-none-eabi/lib/thumb/v6-m/libc_nano.a(lib_a-strlen.o)
                0x0000000000005048                strlen
 .text.__malloc_lock
                0x0000000000005056        0x2 /usr/local/mcuxpressoide-10.2.1_795/ide/tools/bin/../lib/gcc/arm-none-eabi/7.2.1/../../../../arm-none-eabi/lib/thumb/v6-m/libc_nano.a(lib_a-mlock.o)
                0x0000000000005056                __malloc_lock
 .text.__malloc_unlock
                0x0000000000005058        0x2 /usr/local/mcuxpressoide-10.2.1_795/ide/tools/bin/../lib/gcc/arm-none-eabi/7.2.1/../../../../arm-none-eabi/lib/thumb/v6-m/libc_nano.a(lib_a-mlock.o)
                0x0000000000005058                __malloc_unlock
 *fill*         0x000000000000505a        0x2 ff
 .text._free_r  0x000000000000505c       0x94 /usr/local/mcuxpressoide-10.2.1_795/ide/tools/bin/../lib/gcc/arm-none-eabi/7.2.1/../../../../arm-none-eabi/lib/thumb/v6-m/libc_nano.a(lib_a-nano-freer.o)
                0x000000000000505c                _free_r
 .text._ZL12read_uleb128PKhPm
                0x00000000000050f0       0x2c /usr/local/mcuxpressoide-10.2.1_795/ide/tools/bin/../lib/gcc/arm-none-eabi/7.2.1/../../../../arm-none-eabi/lib/thumb/v6-m/libstdc++_nano.a(eh_personality.o)
 .text._ZL12read_sleb128PKhPl
                0x000000000000511c       0x34 /usr/local/mcuxpressoide-10.2.1_795/ide/tools/bin/../lib/gcc/arm-none-eabi/7.2.1/../../../../arm-none-eabi/lib/thumb/v6-m/libstdc++_nano.a(eh_personality.o)
 .text._ZL28read_encoded_value_with_basehjPKhPj
                0x0000000000005150       0xb2 /usr/local/mcuxpressoide-10.2.1_795/ide/tools/bin/../lib/gcc/arm-none-eabi/7.2.1/../../../../arm-none-eabi/lib/thumb/v6-m/libstdc++_nano.a(eh_personality.o)
 .text._Unwind_GetGR
                0x0000000000005202       0x16 /usr/local/mcuxpressoide-10.2.1_795/ide/tools/bin/../lib/gcc/arm-none-eabi/7.2.1/../../../../arm-none-eabi/lib/thumb/v6-m/libstdc++_nano.a(eh_personality.o)
 .text._ZL21base_of_encoded_valuehP15_Unwind_Context.part.3
                0x0000000000005218       0x3e /usr/local/mcuxpressoide-10.2.1_795/ide/tools/bin/../lib/gcc/arm-none-eabi/7.2.1/../../../../arm-none-eabi/lib/thumb/v6-m/libstdc++_nano.a(eh_personality.o)
 .text._ZL18read_encoded_valueP15_Unwind_ContexthPKhPj
                0x0000000000005256       0x24 /usr/local/mcuxpressoide-10.2.1_795/ide/tools/bin/../lib/gcc/arm-none-eabi/7.2.1/../../../../arm-none-eabi/lib/thumb/v6-m/libstdc++_nano.a(eh_personality.o)
 .text._ZL17parse_lsda_headerP15_Unwind_ContextPKhP16lsda_header_info
                0x000000000000527a       0x62 /usr/local/mcuxpressoide-10.2.1_795/ide/tools/bin/../lib/gcc/arm-none-eabi/7.2.1/../../../../arm-none-eabi/lib/thumb/v6-m/libstdc++_nano.a(eh_personality.o)
 .text.__gxx_personality_v0
                0x00000000000052dc      0x370 /usr/local/mcuxpressoide-10.2.1_795/ide/tools/bin/../lib/gcc/arm-none-eabi/7.2.1/../../../../arm-none-eabi/lib/thumb/v6-m/libstdc++_nano.a(eh_personality.o)
                0x00000000000052dc                __gxx_personality_v0
 .text._ZN10__cxxabiv1L24__is_gxx_exception_classEPc
                0x000000000000564c       0x3a /usr/local/mcuxpressoide-10.2.1_795/ide/tools/bin/../lib/gcc/arm-none-eabi/7.2.1/../../../../arm-none-eabi/lib/thumb/v6-m/libstdc++_nano.a(eh_call.o)
 .text.__cxa_call_terminate
                0x0000000000005686       0x20 /usr/local/mcuxpressoide-10.2.1_795/ide/tools/bin/../lib/gcc/arm-none-eabi/7.2.1/../../../../arm-none-eabi/lib/thumb/v6-m/libstdc++_nano.a(eh_call.o)
                0x0000000000005686                __cxa_call_terminate
 .text.__cxa_call_unexpected
                0x00000000000056a6       0x2e /usr/local/mcuxpressoide-10.2.1_795/ide/tools/bin/../lib/gcc/arm-none-eabi/7.2.1/../../../../arm-none-eabi/lib/thumb/v6-m/libstdc++_nano.a(eh_call.o)
                0x00000000000056a6                __cxa_call_unexpected
 .text._ZN10__cxxabiv1L24__is_gxx_exception_classEPc
                0x00000000000056d4       0x3a /usr/local/mcuxpressoide-10.2.1_795/ide/tools/bin/../lib/gcc/arm-none-eabi/7.2.1/../../../../arm-none-eabi/lib/thumb/v6-m/libstdc++_nano.a(eh_catch.o)
 .text.__cxa_begin_catch
                0x000000000000570e       0x4e /usr/local/mcuxpressoide-10.2.1_795/ide/tools/bin/../lib/gcc/arm-none-eabi/7.2.1/../../../../arm-none-eabi/lib/thumb/v6-m/libstdc++_nano.a(eh_catch.o)
                0x000000000000570e                __cxa_begin_catch
 .text.__cxa_get_globals
                0x000000000000575c        0x8 /usr/local/mcuxpressoide-10.2.1_795/ide/tools/bin/../lib/gcc/arm-none-eabi/7.2.1/../../../../arm-none-eabi/lib/thumb/v6-m/libstdc++_nano.a(eh_globals.o)
                0x000000000000575c                __cxa_get_globals
 .text._ZN10__cxxabiv111__terminateEPFvvE
                0x0000000000005764        0x8 /usr/local/mcuxpressoide-10.2.1_795/ide/tools/bin/../lib/gcc/arm-none-eabi/7.2.1/../../../../arm-none-eabi/lib/thumb/v6-m/libstdc++_nano.a(eh_terminate.o)
                0x0000000000005764                __cxxabiv1::__terminate(void (*)())
 .text._ZSt9terminatev
                0x000000000000576c       0x10 /usr/local/mcuxpressoide-10.2.1_795/ide/tools/bin/../lib/gcc/arm-none-eabi/7.2.1/../../../../arm-none-eabi/lib/thumb/v6-m/libstdc++_nano.a(eh_terminate.o)
                0x000000000000576c                std::terminate()
 .text._ZN10__cxxabiv112__unexpectedEPFvvE
                0x000000000000577c        0x8 /usr/local/mcuxpressoide-10.2.1_795/ide/tools/bin/../lib/gcc/arm-none-eabi/7.2.1/../../../../arm-none-eabi/lib/thumb/v6-m/libstdc++_nano.a(eh_terminate.o)
                0x000000000000577c                __cxxabiv1::__unexpected(void (*)())
 .text._ZSt10unexpectedv
                0x0000000000005784       0x10 /usr/local/mcuxpressoide-10.2.1_795/ide/tools/bin/../lib/gcc/arm-none-eabi/7.2.1/../../../../arm-none-eabi/lib/thumb/v6-m/libstdc++_nano.a(eh_terminate.o)
                0x0000000000005784                std::unexpected()
 .text.__cxa_end_cleanup
                0x0000000000005794        0xc /usr/local/mcuxpressoide-10.2.1_795/ide/tools/bin/../lib/gcc/arm-none-eabi/7.2.1/../../../../arm-none-eabi/lib/thumb/v6-m/libstdc++_nano.a(eh_arm.o)
                0x0000000000005794                __cxa_end_cleanup
 .text._ZN10__cxxabiv1L24__is_gxx_exception_classEPc
                0x00000000000057a0       0x3a /usr/local/mcuxpressoide-10.2.1_795/ide/tools/bin/../lib/gcc/arm-none-eabi/7.2.1/../../../../arm-none-eabi/lib/thumb/v6-m/libstdc++_nano.a(eh_arm.o)
 *fill*         0x00000000000057da        0x2 ff
 .text.__cxa_type_match
                0x00000000000057dc       0xb8 /usr/local/mcuxpressoide-10.2.1_795/ide/tools/bin/../lib/gcc/arm-none-eabi/7.2.1/../../../../arm-none-eabi/lib/thumb/v6-m/libstdc++_nano.a(eh_arm.o)
                0x00000000000057dc                __cxa_type_match
 .text.__cxa_begin_cleanup
                0x0000000000005894       0x36 /usr/local/mcuxpressoide-10.2.1_795/ide/tools/bin/../lib/gcc/arm-none-eabi/7.2.1/../../../../arm-none-eabi/lib/thumb/v6-m/libstdc++_nano.a(eh_arm.o)
                0x0000000000005894                __cxa_begin_cleanup
 .text.__gnu_end_cleanup
                0x00000000000058ca       0x38 /usr/local/mcuxpressoide-10.2.1_795/ide/tools/bin/../lib/gcc/arm-none-eabi/7.2.1/../../../../arm-none-eabi/lib/thumb/v6-m/libstdc++_nano.a(eh_arm.o)
                0x00000000000058ca                __gnu_end_cleanup
 .text._ZdlPvj  0x0000000000005902        0x8 /usr/local/mcuxpressoide-10.2.1_795/ide/tools/bin/../lib/gcc/arm-none-eabi/7.2.1/../../../../arm-none-eabi/lib/thumb/v6-m/libstdc++_nano.a(del_ops.o)
                0x0000000000005902                operator delete(void*, unsigned int)
 *fill*         0x000000000000590a        0x2 ff
 .text._ZN10__cxxabiv120__si_class_type_infoD2Ev
                0x000000000000590c       0x18 /usr/local/mcuxpressoide-10.2.1_795/ide/tools/bin/../lib/gcc/arm-none-eabi/7.2.1/../../../../arm-none-eabi/lib/thumb/v6-m/libstdc++_nano.a(si_class_type_info.o)
                0x000000000000590c                __cxxabiv1::__si_class_type_info::~__si_class_type_info()
                0x000000000000590c                __cxxabiv1::__si_class_type_info::~__si_class_type_info()
 .text._ZN10__cxxabiv120__si_class_type_infoD0Ev
                0x0000000000005924       0x14 /usr/local/mcuxpressoide-10.2.1_795/ide/tools/bin/../lib/gcc/arm-none-eabi/7.2.1/../../../../arm-none-eabi/lib/thumb/v6-m/libstdc++_nano.a(si_class_type_info.o)
                0x0000000000005924                __cxxabiv1::__si_class_type_info::~__si_class_type_info()
 .text._ZNK10__cxxabiv120__si_class_type_info20__do_find_public_srcEiPKvPKNS_17__class_type_infoES2_
                0x0000000000005938       0x32 /usr/local/mcuxpressoide-10.2.1_795/ide/tools/bin/../lib/gcc/arm-none-eabi/7.2.1/../../../../arm-none-eabi/lib/thumb/v6-m/libstdc++_nano.a(si_class_type_info.o)
                0x0000000000005938                __cxxabiv1::__si_class_type_info::__do_find_public_src(int, void const*, __cxxabiv1::__class_type_info const*, void const*) const
 .text._ZNK10__cxxabiv120__si_class_type_info12__do_dyncastEiNS_17__class_type_info10__sub_kindEPKS1_PKvS4_S6_RNS1_16__dyncast_resultE
                0x000000000000596a       0x84 /usr/local/mcuxpressoide-10.2.1_795/ide/tools/bin/../lib/gcc/arm-none-eabi/7.2.1/../../../../arm-none-eabi/lib/thumb/v6-m/libstdc++_nano.a(si_class_type_info.o)
                0x000000000000596a                __cxxabiv1::__si_class_type_info::__do_dyncast(int, __cxxabiv1::__class_type_info::__sub_kind, __cxxabiv1::__class_type_info const*, void const*, __cxxabiv1::__class_type_info const*, void const*, __cxxabiv1::__class_type_info::__dyncast_result&) const
 .text._ZNK10__cxxabiv120__si_class_type_info11__do_upcastEPKNS_17__class_type_infoEPKvRNS1_15__upcast_resultE
                0x00000000000059ee       0x22 /usr/local/mcuxpressoide-10.2.1_795/ide/tools/bin/../lib/gcc/arm-none-eabi/7.2.1/../../../../arm-none-eabi/lib/thumb/v6-m/libstdc++_nano.a(si_class_type_info.o)
                0x00000000000059ee                __cxxabiv1::__si_class_type_info::__do_upcast(__cxxabiv1::__class_type_info const*, void const*, __cxxabiv1::__class_type_info::__upcast_result&) const
 .text._ZNSt9type_infoD2Ev
                0x0000000000005a10        0x2 /usr/local/mcuxpressoide-10.2.1_795/ide/tools/bin/../lib/gcc/arm-none-eabi/7.2.1/../../../../arm-none-eabi/lib/thumb/v6-m/libstdc++_nano.a(tinfo.o)
                0x0000000000005a10                std::type_info::~type_info()
                0x0000000000005a10                std::type_info::~type_info()
 .text._ZNKSt9type_info14__is_pointer_pEv
                0x0000000000005a12        0x4 /usr/local/mcuxpressoide-10.2.1_795/ide/tools/bin/../lib/gcc/arm-none-eabi/7.2.1/../../../../arm-none-eabi/lib/thumb/v6-m/libstdc++_nano.a(tinfo.o)
                0x0000000000005a12                std::type_info::__is_function_p() const
                0x0000000000005a12                std::type_info::__is_pointer_p() const
 .text._ZNKSt9type_infoeqERKS_
                0x0000000000005a16       0x2c /usr/local/mcuxpressoide-10.2.1_795/ide/tools/bin/../lib/gcc/arm-none-eabi/7.2.1/../../../../arm-none-eabi/lib/thumb/v6-m/libstdc++_nano.a(tinfo.o)
                0x0000000000005a16                std::type_info::operator==(std::type_info const&) const
 .text._ZNK10__cxxabiv117__class_type_info11__do_upcastEPKS0_PPv
                0x0000000000005a42       0x34 /usr/local/mcuxpressoide-10.2.1_795/ide/tools/bin/../lib/gcc/arm-none-eabi/7.2.1/../../../../arm-none-eabi/lib/thumb/v6-m/libstdc++_nano.a(class_type_info.o)
                0x0000000000005a42                __cxxabiv1::__class_type_info::__do_upcast(__cxxabiv1::__class_type_info const*, void**) const
 .text._ZNK10__cxxabiv117__class_type_info20__do_find_public_srcEiPKvPKS0_S2_
                0x0000000000005a76        0xc /usr/local/mcuxpressoide-10.2.1_795/ide/tools/bin/../lib/gcc/arm-none-eabi/7.2.1/../../../../arm-none-eabi/lib/thumb/v6-m/libstdc++_nano.a(class_type_info.o)
                0x0000000000005a76                __cxxabiv1::__class_type_info::__do_find_public_src(int, void const*, __cxxabiv1::__class_type_info const*, void const*) const
 *fill*         0x0000000000005a82        0x2 ff
 .text._ZN10__cxxabiv117__class_type_infoD2Ev
                0x0000000000005a84       0x18 /usr/local/mcuxpressoide-10.2.1_795/ide/tools/bin/../lib/gcc/arm-none-eabi/7.2.1/../../../../arm-none-eabi/lib/thumb/v6-m/libstdc++_nano.a(class_type_info.o)
                0x0000000000005a84                __cxxabiv1::__class_type_info::~__class_type_info()
                0x0000000000005a84                __cxxabiv1::__class_type_info::~__class_type_info()
 .text._ZN10__cxxabiv117__class_type_infoD0Ev
                0x0000000000005a9c       0x14 /usr/local/mcuxpressoide-10.2.1_795/ide/tools/bin/../lib/gcc/arm-none-eabi/7.2.1/../../../../arm-none-eabi/lib/thumb/v6-m/libstdc++_nano.a(class_type_info.o)
                0x0000000000005a9c                __cxxabiv1::__class_type_info::~__class_type_info()
 .text._ZNK10__cxxabiv117__class_type_info12__do_dyncastEiNS0_10__sub_kindEPKS0_PKvS3_S5_RNS0_16__dyncast_resultE
                0x0000000000005ab0       0x3a /usr/local/mcuxpressoide-10.2.1_795/ide/tools/bin/../lib/gcc/arm-none-eabi/7.2.1/../../../../arm-none-eabi/lib/thumb/v6-m/libstdc++_nano.a(class_type_info.o)
                0x0000000000005ab0                __cxxabiv1::__class_type_info::__do_dyncast(int, __cxxabiv1::__class_type_info::__sub_kind, __cxxabiv1::__class_type_info const*, void const*, __cxxabiv1::__class_type_info const*, void const*, __cxxabiv1::__class_type_info::__dyncast_result&) const
 .text._ZNK10__cxxabiv117__class_type_info11__do_upcastEPKS0_PKvRNS0_15__upcast_resultE
                0x0000000000005aea       0x1a /usr/local/mcuxpressoide-10.2.1_795/ide/tools/bin/../lib/gcc/arm-none-eabi/7.2.1/../../../../arm-none-eabi/lib/thumb/v6-m/libstdc++_nano.a(class_type_info.o)
                0x0000000000005aea                __cxxabiv1::__class_type_info::__do_upcast(__cxxabiv1::__class_type_info const*, void const*, __cxxabiv1::__class_type_info::__upcast_result&) const
 .text._ZNK10__cxxabiv117__class_type_info10__do_catchEPKSt9type_infoPPvj
                0x0000000000005b04       0x24 /usr/local/mcuxpressoide-10.2.1_795/ide/tools/bin/../lib/gcc/arm-none-eabi/7.2.1/../../../../arm-none-eabi/lib/thumb/v6-m/libstdc++_nano.a(class_type_info.o)
                0x0000000000005b04                __cxxabiv1::__class_type_info::__do_catch(std::type_info const*, void**, unsigned int) const
 .text._ZdlPv   0x0000000000005b28        0x8 /usr/local/mcuxpressoide-10.2.1_795/ide/tools/bin/../lib/gcc/arm-none-eabi/7.2.1/../../../../arm-none-eabi/lib/thumb/v6-m/libstdc++_nano.a(del_op.o)
                0x0000000000005b28                operator delete(void*)
 .text._exit    0x0000000000005b30        0x2 /usr/local/mcuxpressoide-10.2.1_795/ide/tools/bin/../lib/gcc/arm-none-eabi/7.2.1/../../../../arm-none-eabi/lib/thumb/v6-m/libcr_newlib_nohost.a(_exit.o)
                0x0000000000005b30                _exit
 *fill*         0x0000000000005b32        0x2 ff
 .text._getpid  0x0000000000005b34       0x10 /usr/local/mcuxpressoide-10.2.1_795/ide/tools/bin/../lib/gcc/arm-none-eabi/7.2.1/../../../../arm-none-eabi/lib/thumb/v6-m/libcr_newlib_nohost.a(getpid.o)
                0x0000000000005b34                _getpid
 .text._kill    0x0000000000005b44       0x10 /usr/local/mcuxpressoide-10.2.1_795/ide/tools/bin/../lib/gcc/arm-none-eabi/7.2.1/../../../../arm-none-eabi/lib/thumb/v6-m/libcr_newlib_nohost.a(kill.o)
                0x0000000000005b44                _kill
 .text          0x0000000000005b54       0x48 /usr/local/mcuxpressoide-10.2.1_795/ide/tools/bin/../lib/gcc/arm-none-eabi/7.2.1/thumb/v6-m/crtbegin.o
 .text          0x0000000000005b9c       0x14 /usr/local/mcuxpressoide-10.2.1_795/ide/tools/bin/../lib/gcc/arm-none-eabi/7.2.1/thumb/v6-m/libgcc.a(_thumb1_case_uqi.o)
                0x0000000000005b9c                __gnu_thumb1_case_uqi
 .text          0x0000000000005bb0       0x14 /usr/local/mcuxpressoide-10.2.1_795/ide/tools/bin/../lib/gcc/arm-none-eabi/7.2.1/thumb/v6-m/libgcc.a(_thumb1_case_shi.o)
                0x0000000000005bb0                __gnu_thumb1_case_shi
 .text.free     0x0000000000005bc4       0x14 /usr/local/mcuxpressoide-10.2.1_795/ide/tools/bin/../lib/gcc/arm-none-eabi/7.2.1/../../../../arm-none-eabi/lib/thumb/v6-m/libc_nano.a(lib_a-malloc.o)
                0x0000000000005bc4                free
 .text          0x0000000000005bd8       0x14 /usr/local/mcuxpressoide-10.2.1_795/ide/tools/bin/../lib/gcc/arm-none-eabi/7.2.1/../../../../arm-none-eabi/lib/thumb/v6-m/libc_nano.a(lib_a-strcmp.o)
                0x0000000000005bd8                strcmp
 *(.rodata .rodata.* .constdata .constdata.*)
 .rodata        0x0000000000005bec       0x67 ./source/I2C.o
 *fill*         0x0000000000005c53        0x1 ff
 .rodata        0x0000000000005c54       0xab ./source/MMA8451Q.o
 *fill*         0x0000000000005cff        0x1 ff
 .rodata        0x0000000000005d00        0xe ./source/TPRaIS_Semestralka.o
 *fill*         0x0000000000005d0e        0x2 ff
 .rodata        0x0000000000005d10       0x47 ./drivers/fsl_clock.o
 *fill*         0x0000000000005d57        0x1 ff
 .rodata.CLOCK_GetFreq
                0x0000000000005d58       0x38 ./drivers/fsl_clock.o
 .rodata.__func__.5287
                0x0000000000005d90       0x17 ./drivers/fsl_clock.o
 *fill*         0x0000000000005da7        0x1 ff
 .rodata.__func__.5320
                0x0000000000005da8       0x17 ./drivers/fsl_clock.o
 *fill*         0x0000000000005dbf        0x1 ff
 .rodata.__func__.5328
                0x0000000000005dc0       0x16 ./drivers/fsl_clock.o
 *fill*         0x0000000000005dd6        0x2 ff
 .rodata.fllFactorTable.5393
                0x0000000000005dd8       0x10 ./drivers/fsl_clock.o
 .rodata.__func__.5408
                0x0000000000005de8       0x12 ./drivers/fsl_clock.o
 *fill*         0x0000000000005dfa        0x2 ff
 .rodata.__func__.5448
                0x0000000000005dfc       0x11 ./drivers/fsl_clock.o
 *fill*         0x0000000000005e0d        0x3 ff
 .rodata.__func__.5585
                0x0000000000005e10       0x11 ./drivers/fsl_clock.o
 *fill*         0x0000000000005e21        0x3 ff
 .rodata.__func__.5652
                0x0000000000005e24       0x14 ./drivers/fsl_clock.o
 .rodata        0x0000000000005e38       0x3e ./drivers/fsl_common.o
 *fill*         0x0000000000005e76        0x2 ff
 .rodata        0x0000000000005e78      0x168 ./drivers/fsl_dma.o
 .rodata.__func__.5552
                0x0000000000005fe0        0xe ./drivers/fsl_dma.o
 *fill*         0x0000000000005fee        0x2 ff
 .rodata.__func__.5420
                0x0000000000005ff0       0x1c ./drivers/fsl_dma.o
 .rodata        0x000000000000600c       0x43 ./drivers/fsl_gpio.o
 *fill*         0x000000000000604f        0x1 ff
 .rodata.__func__.5308
                0x0000000000006050        0xd ./drivers/fsl_gpio.o
 *fill*         0x000000000000605d        0x3 ff
 .rodata.s_i2cDividerTable
                0x0000000000006060       0x80 ./drivers/fsl_i2c.o
 .rodata.s_i2cBases
                0x00000000000060e0        0x8 ./drivers/fsl_i2c.o
 .rodata.s_i2cIrqs
                0x00000000000060e8        0x2 ./drivers/fsl_i2c.o
 *fill*         0x00000000000060ea        0x2 ff
 .rodata.s_i2cClocks
                0x00000000000060ec        0x8 ./drivers/fsl_i2c.o
 .rodata        0x00000000000060f4       0xc6 ./drivers/fsl_i2c.o
 *fill*         0x00000000000061ba        0x2 ff
 .rodata.__func__.5516
                0x00000000000061bc       0x10 ./drivers/fsl_i2c.o
 .rodata.__func__.5572
                0x00000000000061cc        0xf ./drivers/fsl_i2c.o
 *fill*         0x00000000000061db        0x1 ff
 .rodata.__func__.5580
                0x00000000000061dc       0x1b ./drivers/fsl_i2c.o
 *fill*         0x00000000000061f7        0x1 ff
 .rodata.__func__.5701
                0x00000000000061f8       0x1f ./drivers/fsl_i2c.o
 *fill*         0x0000000000006217        0x1 ff
 .rodata.__func__.5708
                0x0000000000006218       0x1e ./drivers/fsl_i2c.o
 *fill*         0x0000000000006236        0x2 ff
 .rodata.__func__.5732
                0x0000000000006238       0x1c ./drivers/fsl_i2c.o
 .rodata        0x0000000000006254       0xb2 ./drivers/fsl_lpsci.o
 *fill*         0x0000000000006306        0x2 ff
 .rodata.__func__.5468
                0x0000000000006308       0x12 ./drivers/fsl_lpsci.o
 *fill*         0x000000000000631a        0x2 ff
 .rodata.__func__.5504
                0x000000000000631c        0xb ./drivers/fsl_lpsci.o
 *fill*         0x0000000000006327        0x1 ff
 .rodata.__func__.5525
                0x0000000000006328       0x17 ./drivers/fsl_lpsci.o
 *fill*         0x000000000000633f        0x1 ff
 .rodata.__func__.5570
                0x0000000000006340       0x14 ./drivers/fsl_lpsci.o
 .rodata.__func__.5582
                0x0000000000006354       0x13 ./drivers/fsl_lpsci.o
 *fill*         0x0000000000006367        0x1 ff
 .rodata        0x0000000000006368       0x9b ./drivers/fsl_spi.o
 *fill*         0x0000000000006403        0x1 ff
 .rodata.__func__.5659
                0x0000000000006404       0x16 ./drivers/fsl_spi.o
 *fill*         0x000000000000641a        0x2 ff
 .rodata.__func__.5663
                0x000000000000641c       0x16 ./drivers/fsl_spi.o
 *fill*         0x0000000000006432        0x2 ff
 .rodata.s_uartBases
                0x0000000000006434        0xc ./drivers/fsl_uart.o
 .rodata.s_uartClock
                0x0000000000006440        0xc ./drivers/fsl_uart.o
 .rodata        0x000000000000644c       0xaa ./drivers/fsl_uart.o
 *fill*         0x00000000000064f6        0x2 ff
 .rodata.__func__.5471
                0x00000000000064f8       0x11 ./drivers/fsl_uart.o
 *fill*         0x0000000000006509        0x3 ff
 .rodata.__func__.5487
                0x000000000000650c        0xa ./drivers/fsl_uart.o
 *fill*         0x0000000000006516        0x2 ff
 .rodata.__func__.5500
                0x0000000000006518       0x16 ./drivers/fsl_uart.o
 *fill*         0x000000000000652e        0x2 ff
 .rodata.__func__.5558
                0x0000000000006530       0x12 ./drivers/fsl_uart.o
 *fill*         0x0000000000006542        0x2 ff
 .rodata.mcgConfig_BOARD_BootClockRUN
                0x0000000000006544        0xa ./board/clock_config.o
                0x0000000000006544                mcgConfig_BOARD_BootClockRUN
 *fill*         0x000000000000654e        0x2 ff
 .rodata.simConfig_BOARD_BootClockRUN
                0x0000000000006550        0x8 ./board/clock_config.o
                0x0000000000006550                simConfig_BOARD_BootClockRUN
 .rodata.oscConfig_BOARD_BootClockRUN
                0x0000000000006558        0x8 ./board/clock_config.o
                0x0000000000006558                oscConfig_BOARD_BootClockRUN
 .rodata        0x0000000000006560        0x2 ./board/pin_mux.o
 *fill*         0x0000000000006562        0x2 ff
 .rodata        0x0000000000006564       0x80 /usr/local/mcuxpressoide-10.2.1_795/ide/tools/bin/../lib/gcc/arm-none-eabi/7.2.1/thumb/v6-m/libgcc.a(divsf3.o)
 .rodata._ZTIN10__cxxabiv115__forced_unwindE
                0x00000000000065e4        0x8 /usr/local/mcuxpressoide-10.2.1_795/ide/tools/bin/../lib/gcc/arm-none-eabi/7.2.1/../../../../arm-none-eabi/lib/thumb/v6-m/libstdc++_nano.a(eh_exception.o)
                0x00000000000065e4                typeinfo for __cxxabiv1::__forced_unwind
 .rodata._ZTIN10__cxxabiv119__foreign_exceptionE
                0x00000000000065ec        0x8 /usr/local/mcuxpressoide-10.2.1_795/ide/tools/bin/../lib/gcc/arm-none-eabi/7.2.1/../../../../arm-none-eabi/lib/thumb/v6-m/libstdc++_nano.a(eh_exception.o)
                0x00000000000065ec                typeinfo for __cxxabiv1::__foreign_exception
 .rodata._ZTSN10__cxxabiv115__forced_unwindE
                0x00000000000065f4       0x20 /usr/local/mcuxpressoide-10.2.1_795/ide/tools/bin/../lib/gcc/arm-none-eabi/7.2.1/../../../../arm-none-eabi/lib/thumb/v6-m/libstdc++_nano.a(eh_exception.o)
                0x00000000000065f4                typeinfo name for __cxxabiv1::__forced_unwind
 .rodata._ZTSN10__cxxabiv119__foreign_exceptionE
                0x0000000000006614       0x24 /usr/local/mcuxpressoide-10.2.1_795/ide/tools/bin/../lib/gcc/arm-none-eabi/7.2.1/../../../../arm-none-eabi/lib/thumb/v6-m/libstdc++_nano.a(eh_exception.o)
                0x0000000000006614                typeinfo name for __cxxabiv1::__foreign_exception
 .rodata._ZTIN10__cxxabiv120__si_class_type_infoE
                0x0000000000006638        0xc /usr/local/mcuxpressoide-10.2.1_795/ide/tools/bin/../lib/gcc/arm-none-eabi/7.2.1/../../../../arm-none-eabi/lib/thumb/v6-m/libstdc++_nano.a(si_class_type_info.o)
                0x0000000000006638                typeinfo for __cxxabiv1::__si_class_type_info
 .rodata._ZTSN10__cxxabiv120__si_class_type_infoE
                0x0000000000006644       0x25 /usr/local/mcuxpressoide-10.2.1_795/ide/tools/bin/../lib/gcc/arm-none-eabi/7.2.1/../../../../arm-none-eabi/lib/thumb/v6-m/libstdc++_nano.a(si_class_type_info.o)
                0x0000000000006644                typeinfo name for __cxxabiv1::__si_class_type_info
 *fill*         0x0000000000006669        0x3 ff
 .rodata._ZTVN10__cxxabiv120__si_class_type_infoE
                0x000000000000666c       0x2c /usr/local/mcuxpressoide-10.2.1_795/ide/tools/bin/../lib/gcc/arm-none-eabi/7.2.1/../../../../arm-none-eabi/lib/thumb/v6-m/libstdc++_nano.a(si_class_type_info.o)
                0x000000000000666c                vtable for __cxxabiv1::__si_class_type_info
 .rodata._ZTISt9type_info
                0x0000000000006698        0x8 /usr/local/mcuxpressoide-10.2.1_795/ide/tools/bin/../lib/gcc/arm-none-eabi/7.2.1/../../../../arm-none-eabi/lib/thumb/v6-m/libstdc++_nano.a(tinfo.o)
                0x0000000000006698                typeinfo for std::type_info
 .rodata._ZTSSt9type_info
                0x00000000000066a0        0xd /usr/local/mcuxpressoide-10.2.1_795/ide/tools/bin/../lib/gcc/arm-none-eabi/7.2.1/../../../../arm-none-eabi/lib/thumb/v6-m/libstdc++_nano.a(tinfo.o)
                0x00000000000066a0                typeinfo name for std::type_info
 *fill*         0x00000000000066ad        0x3 ff
 .rodata._ZTIN10__cxxabiv117__class_type_infoE
                0x00000000000066b0        0xc /usr/local/mcuxpressoide-10.2.1_795/ide/tools/bin/../lib/gcc/arm-none-eabi/7.2.1/../../../../arm-none-eabi/lib/thumb/v6-m/libstdc++_nano.a(class_type_info.o)
                0x00000000000066b0                typeinfo for __cxxabiv1::__class_type_info
 .rodata._ZTSN10__cxxabiv117__class_type_infoE
                0x00000000000066bc       0x22 /usr/local/mcuxpressoide-10.2.1_795/ide/tools/bin/../lib/gcc/arm-none-eabi/7.2.1/../../../../arm-none-eabi/lib/thumb/v6-m/libstdc++_nano.a(class_type_info.o)
                0x00000000000066bc                typeinfo name for __cxxabiv1::__class_type_info
 *fill*         0x00000000000066de        0x2 ff
 .rodata._ZTVN10__cxxabiv117__class_type_infoE
                0x00000000000066e0       0x2c /usr/local/mcuxpressoide-10.2.1_795/ide/tools/bin/../lib/gcc/arm-none-eabi/7.2.1/../../../../arm-none-eabi/lib/thumb/v6-m/libstdc++_nano.a(class_type_info.o)
                0x00000000000066e0                vtable for __cxxabiv1::__class_type_info
                0x000000000000670c                . = ALIGN (0x4)
                0x000000000000670c                . = ALIGN (0x4)
 *(.init)
 .init          0x000000000000670c        0x4 /usr/local/mcuxpressoide-10.2.1_795/ide/tools/bin/../lib/gcc/arm-none-eabi/7.2.1/thumb/v6-m/crti.o
                0x000000000000670c                _init
 .init          0x0000000000006710        0x8 /usr/local/mcuxpressoide-10.2.1_795/ide/tools/bin/../lib/gcc/arm-none-eabi/7.2.1/thumb/v6-m/crtn.o
                0x0000000000006718                . = ALIGN (0x4)
                0x0000000000006718                __preinit_array_start = .
 *(.preinit_array)
                0x0000000000006718                __preinit_array_end = .
                0x0000000000006718                . = ALIGN (0x4)
                0x0000000000006718                __init_array_start = .
 *(SORT_BY_NAME(.init_array.*))
 *(.init_array)
 .init_array    0x0000000000006718        0x4 /usr/local/mcuxpressoide-10.2.1_795/ide/tools/bin/../lib/gcc/arm-none-eabi/7.2.1/thumb/v6-m/crtbegin.o
                0x000000000000671c                __init_array_end = .
 *(.fini)
 .fini          0x000000000000671c        0x4 /usr/local/mcuxpressoide-10.2.1_795/ide/tools/bin/../lib/gcc/arm-none-eabi/7.2.1/thumb/v6-m/crti.o
                0x000000000000671c                _fini
 .fini          0x0000000000006720        0x8 /usr/local/mcuxpressoide-10.2.1_795/ide/tools/bin/../lib/gcc/arm-none-eabi/7.2.1/thumb/v6-m/crtn.o
                0x0000000000006728                . = ALIGN (0x4)
 *crtbegin.o(.ctors)
 *(EXCLUDE_FILE(*crtend.o) .ctors)
 *(SORT_BY_NAME(.ctors.*))
 *crtend.o(.ctors)
                0x0000000000006728                . = ALIGN (0x4)
 *crtbegin.o(.dtors)
 *(EXCLUDE_FILE(*crtend.o) .dtors)
 *(SORT_BY_NAME(.dtors.*))
 *crtend.o(.dtors)
                0x0000000000006728                . = ALIGN (0x4)

.glue_7         0x0000000000006728        0x0
 .glue_7        0x0000000000006728        0x0 linker stubs

.glue_7t        0x0000000000006728        0x0
 .glue_7t       0x0000000000006728        0x0 linker stubs

.vfp11_veneer   0x0000000000006728        0x0
 .vfp11_veneer  0x0000000000006728        0x0 linker stubs

.v4_bx          0x0000000000006728        0x0
 .v4_bx         0x0000000000006728        0x0 linker stubs

.iplt           0x0000000000006728        0x0
 .iplt          0x0000000000006728        0x0 ./utilities/fsl_debug_console.o

.ARM.extab      0x0000000000006728       0xdc
 *(.ARM.extab* .gnu.linkonce.armextab.*)
 .ARM.extab     0x0000000000006728       0x3c ./source/I2C.o
 .ARM.extab     0x0000000000006764       0x54 ./source/MMA8451Q.o
 .ARM.extab     0x00000000000067b8       0x1c ./source/TPRaIS_Semestralka.o
 .ARM.extab     0x00000000000067d4       0x24 /usr/local/mcuxpressoide-10.2.1_795/ide/tools/bin/../lib/gcc/arm-none-eabi/7.2.1/thumb/v6-m/libgcc.a(unwind-arm.o)
 .ARM.extab     0x00000000000067f8        0xc /usr/local/mcuxpressoide-10.2.1_795/ide/tools/bin/../lib/gcc/arm-none-eabi/7.2.1/thumb/v6-m/libgcc.a(pr-support.o)
                0x0000000000006804                __exidx_start = .

.eh_frame       0x0000000000006804        0x0
 .eh_frame      0x0000000000006804        0x0 /usr/local/mcuxpressoide-10.2.1_795/ide/tools/bin/../lib/gcc/arm-none-eabi/7.2.1/thumb/v6-m/crtbegin.o

.ARM.exidx      0x0000000000006804      0x188
 *(.ARM.exidx* .gnu.linkonce.armexidx.*)
 .ARM.exidx.after_vectors.init_data
                0x0000000000006804        0x8 ./startup/startup_mkl25z4.o
 .ARM.exidx.after_vectors.init_bss
                0x000000000000680c        0x0 ./startup/startup_mkl25z4.o
                                          0x8 (size before relaxing)
 .ARM.exidx.after_vectors.reset
                0x000000000000680c        0x8 ./startup/startup_mkl25z4.o
 .ARM.exidx.after_vectors
                0x0000000000006814       0x18 ./startup/startup_mkl25z4.o
                                        0x130 (size before relaxing)
 .ARM.exidx     0x000000000000682c       0x40 ./source/I2C.o
                                         0x58 (size before relaxing)
 .ARM.exidx     0x000000000000686c       0x48 ./source/MMA8451Q.o
                                         0x58 (size before relaxing)
 .ARM.exidx     0x00000000000068b4       0x18 ./source/TPRaIS_Semestralka.o
                                         0x28 (size before relaxing)
 .ARM.exidx     0x00000000000068cc       0x90 /usr/local/mcuxpressoide-10.2.1_795/ide/tools/bin/../lib/gcc/arm-none-eabi/7.2.1/thumb/v6-m/libgcc.a(unwind-arm.o)
                                         0xd8 (size before relaxing)
 .ARM.exidx     0x000000000000695c       0x30 /usr/local/mcuxpressoide-10.2.1_795/ide/tools/bin/../lib/gcc/arm-none-eabi/7.2.1/thumb/v6-m/libgcc.a(pr-support.o)
                                         0x48 (size before relaxing)
                0x000000000000698c                __exidx_end = .
                0x000000000000698c                _etext = .

.rel.dyn        0x000000000000698c        0x0
 .rel.iplt      0x000000000000698c        0x0 ./utilities/fsl_debug_console.o

.m_usb_data
 *(m_usb_bdt)

.mtb_buffer_default
                0x000000001ffff000       0x80
 *(.mtb*)
 .mtb.$RAM1     0x000000001ffff000       0x80 ./source/mtb.o
                0x000000001ffff000                __mtb_buffer__

.uninit_RESERVED
                0x000000001ffff080        0x0
 *(.bss.$RESERVED*)
                0x000000001ffff080                . = ALIGN (0x4)
                0x000000001ffff080                _end_uninit_RESERVED = .

.data           0x000000001ffff080       0x78 load address 0x000000000000698c
 FILL mask 0xff
                0x000000001ffff080                _data = .
 *(vtable)
 *(.ramfunc*)
 *(.data*)
 .data.s_slowIrcFreq
                0x000000001ffff080        0x4 ./drivers/fsl_clock.o
 .data.s_fastIrcFreq
                0x000000001ffff084        0x4 ./drivers/fsl_clock.o
 .data.SystemCoreClock
                0x000000001ffff088        0x4 ./CMSIS/system_MKL25Z4.o
                0x000000001ffff088                SystemCoreClock
 .data._impure_ptr
                0x000000001ffff08c        0x4 /usr/local/mcuxpressoide-10.2.1_795/ide/tools/bin/../lib/gcc/arm-none-eabi/7.2.1/../../../../arm-none-eabi/lib/thumb/v6-m/libc_nano.a(lib_a-impure.o)
                0x000000001ffff08c                _impure_ptr
 .data.impure_data
                0x000000001ffff090       0x60 /usr/local/mcuxpressoide-10.2.1_795/ide/tools/bin/../lib/gcc/arm-none-eabi/7.2.1/../../../../arm-none-eabi/lib/thumb/v6-m/libc_nano.a(lib_a-impure.o)
 .data._ZN10__cxxabiv119__terminate_handlerE
                0x000000001ffff0f0        0x4 /usr/local/mcuxpressoide-10.2.1_795/ide/tools/bin/../lib/gcc/arm-none-eabi/7.2.1/../../../../arm-none-eabi/lib/thumb/v6-m/libstdc++_nano.a(eh_term_handler.o)
                0x000000001ffff0f0                __cxxabiv1::__terminate_handler
 .data._ZN10__cxxabiv120__unexpected_handlerE
                0x000000001ffff0f4        0x4 /usr/local/mcuxpressoide-10.2.1_795/ide/tools/bin/../lib/gcc/arm-none-eabi/7.2.1/../../../../arm-none-eabi/lib/thumb/v6-m/libstdc++_nano.a(eh_unex_handler.o)
                0x000000001ffff0f4                __cxxabiv1::__unexpected_handler
                0x000000001ffff0f8                . = ALIGN (0x4)
                0x000000001ffff0f8                _edata = .

.igot.plt       0x000000001ffff0f8        0x0 load address 0x0000000000006a04
 .igot.plt      0x000000001ffff0f8        0x0 ./utilities/fsl_debug_console.o

.bss            0x000000001ffff0f8       0x94 load address 0x0000000000006a04
                0x000000001ffff0f8                _bss = .
 *(.bss*)
 .bss.s_debugConsole
                0x000000001ffff0f8       0x10 ./utilities/fsl_debug_console.o
 .bss           0x000000001ffff108        0x2 ./source/I2C.o
 *fill*         0x000000001ffff10a        0x2 
 .bss.g_xtal0Freq
                0x000000001ffff10c        0x4 ./drivers/fsl_clock.o
                0x000000001ffff10c                g_xtal0Freq
 .bss.g_xtal32Freq
                0x000000001ffff110        0x4 ./drivers/fsl_clock.o
                0x000000001ffff110                g_xtal32Freq
 .bss.s_DMAHandle
                0x000000001ffff114       0x10 ./drivers/fsl_dma.o
 .bss.s_i2cHandle
                0x000000001ffff124        0x8 ./drivers/fsl_i2c.o
 .bss.s_i2cMasterIsr
                0x000000001ffff12c        0x4 ./drivers/fsl_i2c.o
 .bss.s_i2cSlaveIsr
                0x000000001ffff130        0x4 ./drivers/fsl_i2c.o
 .bss.s_lpsciHandle
                0x000000001ffff134        0x4 ./drivers/fsl_lpsci.o
 .bss.s_lpsciIsr
                0x000000001ffff138        0x4 ./drivers/fsl_lpsci.o
 .bss.s_spiHandle
                0x000000001ffff13c        0x8 ./drivers/fsl_spi.o
 .bss.s_spiMasterIsr
                0x000000001ffff144        0x4 ./drivers/fsl_spi.o
 .bss.s_spiSlaveIsr
                0x000000001ffff148        0x4 ./drivers/fsl_spi.o
 .bss.s_uartHandle
                0x000000001ffff14c        0xc ./drivers/fsl_uart.o
 .bss.s_uartIsr
                0x000000001ffff158        0x4 ./drivers/fsl_uart.o
 .bss.__malloc_free_list
                0x000000001ffff15c        0x4 /usr/local/mcuxpressoide-10.2.1_795/ide/tools/bin/../lib/gcc/arm-none-eabi/7.2.1/../../../../arm-none-eabi/lib/thumb/v6-m/libc_nano.a(lib_a-nano-mallocr.o)
                0x000000001ffff15c                __malloc_free_list
 .bss._ZL10eh_globals
                0x000000001ffff160        0xc /usr/local/mcuxpressoide-10.2.1_795/ide/tools/bin/../lib/gcc/arm-none-eabi/7.2.1/../../../../arm-none-eabi/lib/thumb/v6-m/libstdc++_nano.a(eh_globals.o)
 .bss           0x000000001ffff16c       0x1c /usr/local/mcuxpressoide-10.2.1_795/ide/tools/bin/../lib/gcc/arm-none-eabi/7.2.1/thumb/v6-m/crtbegin.o
 *(COMMON)
 COMMON         0x000000001ffff188        0x4 /usr/local/mcuxpressoide-10.2.1_795/ide/tools/bin/../lib/gcc/arm-none-eabi/7.2.1/../../../../arm-none-eabi/lib/thumb/v6-m/libc_nano.a(lib_a-reent.o)
                0x000000001ffff188                errno
                0x000000001ffff18c                . = ALIGN (0x4)
                0x000000001ffff18c                _ebss = .
                [!provide]                        PROVIDE (end, .)

.noinit         0x000000001ffff18c        0x0 load address 0x0000000000006a04
                0x000000001ffff18c                _noinit = .
 *(.noinit*)
                0x000000001ffff18c                . = ALIGN (0x4)
                0x000000001ffff18c                _end_noinit = .
                0x0000000000000400                _HeapSize = 0x400

.heap           0x000000001ffff18c      0x400 load address 0x0000000000006a04
                0x000000001ffff18c                _pvHeapStart = .
                0x000000001ffff58c                . = (. + _HeapSize)
 *fill*         0x000000001ffff18c      0x400 
                0x000000001ffff58c                . = ALIGN (0x4)
                0x000000001ffff58c                _pvHeapLimit = .
                0x0000000000000400                _StackSize = 0x400

.heap2stackfill
                0x000000001ffff58c      0x400 load address 0x0000000000006a04
                0x000000001ffff98c                . = (. + _StackSize)
 *fill*         0x000000001ffff58c      0x400 

.stack          0x0000000020002c00        0x0
                0x0000000020002c00                _vStackBase = .
                0x0000000020002c00                . = ALIGN (0x4)
                0x0000000020003000                _vStackTop = (. + _StackSize)
                0x0000000000000000                _image_start = LOADADDR (.text)
                0x0000000000006a04                _image_end = (LOADADDR (.data) + SIZEOF (.data))
                0x0000000000006a04                _image_size = (_image_end - _image_start)
OUTPUT(TPRaIS_Semestralka.axf elf32-littlearm)

.debug_info     0x0000000000000000    0x16ee0
 .debug_info    0x0000000000000000     0x161c ./utilities/fsl_debug_console.o
 .debug_info    0x000000000000161c      0x49e ./startup/startup_mkl25z4.o
 .debug_info    0x0000000000001aba     0x163d ./source/I2C.o
 .debug_info    0x00000000000030f7     0x1304 ./source/MMA8451Q.o
 .debug_info    0x00000000000043fb     0x1463 ./source/TPRaIS_Semestralka.o
 .debug_info    0x000000000000585e       0x52 ./source/mtb.o
 .debug_info    0x00000000000058b0       0x3b ./source/semihost_hardfault.o
 .debug_info    0x00000000000058eb     0x225e ./drivers/fsl_clock.o
 .debug_info    0x0000000000007b49      0xc3e ./drivers/fsl_common.o
 .debug_info    0x0000000000008787     0x185f ./drivers/fsl_dma.o
 .debug_info    0x0000000000009fe6      0xd84 ./drivers/fsl_gpio.o
 .debug_info    0x000000000000ad6a     0x2355 ./drivers/fsl_i2c.o
 .debug_info    0x000000000000d0bf     0x1dd2 ./drivers/fsl_lpsci.o
 .debug_info    0x000000000000ee91     0x1cd8 ./drivers/fsl_spi.o
 .debug_info    0x0000000000010b69     0x1d58 ./drivers/fsl_uart.o
 .debug_info    0x00000000000128c1      0xea0 ./board/board.o
 .debug_info    0x0000000000013761     0x1283 ./board/clock_config.o
 .debug_info    0x00000000000149e4       0x3b ./board/peripherals.o
 .debug_info    0x0000000000014a1f      0xe60 ./board/pin_mux.o
 .debug_info    0x000000000001587f      0x3ea ./CMSIS/system_MKL25Z4.o
 .debug_info    0x0000000000015c69       0x9a /usr/local/mcuxpressoide-10.2.1_795/ide/tools/bin/../lib/gcc/arm-none-eabi/7.2.1/../../../../arm-none-eabi/lib/thumb/v6-m/libcr_newlib_nohost.a(_exit.o)
 .debug_info    0x0000000000015d03      0x8e0 /usr/local/mcuxpressoide-10.2.1_795/ide/tools/bin/../lib/gcc/arm-none-eabi/7.2.1/../../../../arm-none-eabi/lib/thumb/v6-m/libcr_newlib_nohost.a(getpid.o)
 .debug_info    0x00000000000165e3      0x8fd /usr/local/mcuxpressoide-10.2.1_795/ide/tools/bin/../lib/gcc/arm-none-eabi/7.2.1/../../../../arm-none-eabi/lib/thumb/v6-m/libcr_newlib_nohost.a(kill.o)

.debug_abbrev   0x0000000000000000     0x372f
 .debug_abbrev  0x0000000000000000      0x335 ./utilities/fsl_debug_console.o
 .debug_abbrev  0x0000000000000335      0x163 ./startup/startup_mkl25z4.o
 .debug_abbrev  0x0000000000000498      0x40e ./source/I2C.o
 .debug_abbrev  0x00000000000008a6      0x360 ./source/MMA8451Q.o
 .debug_abbrev  0x0000000000000c06      0x33d ./source/TPRaIS_Semestralka.o
 .debug_abbrev  0x0000000000000f43       0x44 ./source/mtb.o
 .debug_abbrev  0x0000000000000f87       0x2f ./source/semihost_hardfault.o
 .debug_abbrev  0x0000000000000fb6      0x3df ./drivers/fsl_clock.o
 .debug_abbrev  0x0000000000001395      0x32e ./drivers/fsl_common.o
 .debug_abbrev  0x00000000000016c3      0x340 ./drivers/fsl_dma.o
 .debug_abbrev  0x0000000000001a03      0x264 ./drivers/fsl_gpio.o
 .debug_abbrev  0x0000000000001c67      0x3d2 ./drivers/fsl_i2c.o
 .debug_abbrev  0x0000000000002039      0x375 ./drivers/fsl_lpsci.o
 .debug_abbrev  0x00000000000023ae      0x375 ./drivers/fsl_spi.o
 .debug_abbrev  0x0000000000002723      0x38d ./drivers/fsl_uart.o
 .debug_abbrev  0x0000000000002ab0      0x228 ./board/board.o
 .debug_abbrev  0x0000000000002cd8      0x2a8 ./board/clock_config.o
 .debug_abbrev  0x0000000000002f80       0x2f ./board/peripherals.o
 .debug_abbrev  0x0000000000002faf      0x292 ./board/pin_mux.o
 .debug_abbrev  0x0000000000003241      0x116 ./CMSIS/system_MKL25Z4.o
 .debug_abbrev  0x0000000000003357       0x5e /usr/local/mcuxpressoide-10.2.1_795/ide/tools/bin/../lib/gcc/arm-none-eabi/7.2.1/../../../../arm-none-eabi/lib/thumb/v6-m/libcr_newlib_nohost.a(_exit.o)
 .debug_abbrev  0x00000000000033b5      0x1ae /usr/local/mcuxpressoide-10.2.1_795/ide/tools/bin/../lib/gcc/arm-none-eabi/7.2.1/../../../../arm-none-eabi/lib/thumb/v6-m/libcr_newlib_nohost.a(getpid.o)
 .debug_abbrev  0x0000000000003563      0x1cc /usr/local/mcuxpressoide-10.2.1_795/ide/tools/bin/../lib/gcc/arm-none-eabi/7.2.1/../../../../arm-none-eabi/lib/thumb/v6-m/libcr_newlib_nohost.a(kill.o)

.debug_aranges  0x0000000000000000      0xbf8
 .debug_aranges
                0x0000000000000000       0x90 ./utilities/fsl_debug_console.o
 .debug_aranges
                0x0000000000000090      0x160 ./startup/startup_mkl25z4.o
 .debug_aranges
                0x00000000000001f0       0x20 ./source/I2C.o
 .debug_aranges
                0x0000000000000210       0x20 ./source/MMA8451Q.o
 .debug_aranges
                0x0000000000000230       0x20 ./source/TPRaIS_Semestralka.o
 .debug_aranges
                0x0000000000000250       0x18 ./source/mtb.o
 .debug_aranges
                0x0000000000000268       0x20 ./source/semihost_hardfault.o
 .debug_aranges
                0x0000000000000288      0x1d8 ./drivers/fsl_clock.o
 .debug_aranges
                0x0000000000000460       0x38 ./drivers/fsl_common.o
 .debug_aranges
                0x0000000000000498       0xd0 ./drivers/fsl_dma.o
 .debug_aranges
                0x0000000000000568       0x40 ./drivers/fsl_gpio.o
 .debug_aranges
                0x00000000000005a8      0x178 ./drivers/fsl_i2c.o
 .debug_aranges
                0x0000000000000720      0x118 ./drivers/fsl_lpsci.o
 .debug_aranges
                0x0000000000000838      0x130 ./drivers/fsl_spi.o
 .debug_aranges
                0x0000000000000968      0x130 ./drivers/fsl_uart.o
 .debug_aranges
                0x0000000000000a98       0x28 ./board/board.o
 .debug_aranges
                0x0000000000000ac0       0x58 ./board/clock_config.o
 .debug_aranges
                0x0000000000000b18       0x20 ./board/peripherals.o
 .debug_aranges
                0x0000000000000b38       0x38 ./board/pin_mux.o
 .debug_aranges
                0x0000000000000b70       0x28 ./CMSIS/system_MKL25Z4.o
 .debug_aranges
                0x0000000000000b98       0x20 /usr/local/mcuxpressoide-10.2.1_795/ide/tools/bin/../lib/gcc/arm-none-eabi/7.2.1/../../../../arm-none-eabi/lib/thumb/v6-m/libcr_newlib_nohost.a(_exit.o)
 .debug_aranges
                0x0000000000000bb8       0x20 /usr/local/mcuxpressoide-10.2.1_795/ide/tools/bin/../lib/gcc/arm-none-eabi/7.2.1/../../../../arm-none-eabi/lib/thumb/v6-m/libcr_newlib_nohost.a(getpid.o)
 .debug_aranges
                0x0000000000000bd8       0x20 /usr/local/mcuxpressoide-10.2.1_795/ide/tools/bin/../lib/gcc/arm-none-eabi/7.2.1/../../../../arm-none-eabi/lib/thumb/v6-m/libcr_newlib_nohost.a(kill.o)

.debug_ranges   0x0000000000000000      0xa50
 .debug_ranges  0x0000000000000000       0x80 ./utilities/fsl_debug_console.o
 .debug_ranges  0x0000000000000080      0x150 ./startup/startup_mkl25z4.o
 .debug_ranges  0x00000000000001d0       0x10 ./source/semihost_hardfault.o
 .debug_ranges  0x00000000000001e0      0x1c8 ./drivers/fsl_clock.o
 .debug_ranges  0x00000000000003a8       0x28 ./drivers/fsl_common.o
 .debug_ranges  0x00000000000003d0       0xc0 ./drivers/fsl_dma.o
 .debug_ranges  0x0000000000000490       0x30 ./drivers/fsl_gpio.o
 .debug_ranges  0x00000000000004c0      0x168 ./drivers/fsl_i2c.o
 .debug_ranges  0x0000000000000628      0x108 ./drivers/fsl_lpsci.o
 .debug_ranges  0x0000000000000730      0x120 ./drivers/fsl_spi.o
 .debug_ranges  0x0000000000000850      0x120 ./drivers/fsl_uart.o
 .debug_ranges  0x0000000000000970       0x18 ./board/board.o
 .debug_ranges  0x0000000000000988       0x48 ./board/clock_config.o
 .debug_ranges  0x00000000000009d0       0x10 ./board/peripherals.o
 .debug_ranges  0x00000000000009e0       0x28 ./board/pin_mux.o
 .debug_ranges  0x0000000000000a08       0x18 ./CMSIS/system_MKL25Z4.o
 .debug_ranges  0x0000000000000a20       0x10 /usr/local/mcuxpressoide-10.2.1_795/ide/tools/bin/../lib/gcc/arm-none-eabi/7.2.1/../../../../arm-none-eabi/lib/thumb/v6-m/libcr_newlib_nohost.a(_exit.o)
 .debug_ranges  0x0000000000000a30       0x10 /usr/local/mcuxpressoide-10.2.1_795/ide/tools/bin/../lib/gcc/arm-none-eabi/7.2.1/../../../../arm-none-eabi/lib/thumb/v6-m/libcr_newlib_nohost.a(getpid.o)
 .debug_ranges  0x0000000000000a40       0x10 /usr/local/mcuxpressoide-10.2.1_795/ide/tools/bin/../lib/gcc/arm-none-eabi/7.2.1/../../../../arm-none-eabi/lib/thumb/v6-m/libcr_newlib_nohost.a(kill.o)

.debug_macro    0x0000000000000000     0xc745
 .debug_macro   0x0000000000000000      0x221 ./utilities/fsl_debug_console.o
 .debug_macro   0x0000000000000221      0xa72 ./utilities/fsl_debug_console.o
 .debug_macro   0x0000000000000c93       0x58 ./utilities/fsl_debug_console.o
 .debug_macro   0x0000000000000ceb       0x17 ./utilities/fsl_debug_console.o
 .debug_macro   0x0000000000000d02       0x22 ./utilities/fsl_debug_console.o
 .debug_macro   0x0000000000000d24       0x52 ./utilities/fsl_debug_console.o
 .debug_macro   0x0000000000000d76       0x8d ./utilities/fsl_debug_console.o
 .debug_macro   0x0000000000000e03       0x35 ./utilities/fsl_debug_console.o
 .debug_macro   0x0000000000000e38       0x9c ./utilities/fsl_debug_console.o
 .debug_macro   0x0000000000000ed4       0x16 ./utilities/fsl_debug_console.o
 .debug_macro   0x0000000000000eea      0x10e ./utilities/fsl_debug_console.o
 .debug_macro   0x0000000000000ff8       0x8d ./utilities/fsl_debug_console.o
 .debug_macro   0x0000000000001085       0x57 ./utilities/fsl_debug_console.o
 .debug_macro   0x00000000000010dc       0x58 ./utilities/fsl_debug_console.o
 .debug_macro   0x0000000000001134       0x1f ./utilities/fsl_debug_console.o
 .debug_macro   0x0000000000001153       0x43 ./utilities/fsl_debug_console.o
 .debug_macro   0x0000000000001196       0x20 ./utilities/fsl_debug_console.o
 .debug_macro   0x00000000000011b6      0x18e ./utilities/fsl_debug_console.o
 .debug_macro   0x0000000000001344      0x330 ./utilities/fsl_debug_console.o
 .debug_macro   0x0000000000001674       0x16 ./utilities/fsl_debug_console.o
 .debug_macro   0x000000000000168a       0x29 ./utilities/fsl_debug_console.o
 .debug_macro   0x00000000000016b3      0x1e1 ./utilities/fsl_debug_console.o
 .debug_macro   0x0000000000001894       0x1c ./utilities/fsl_debug_console.o
 .debug_macro   0x00000000000018b0       0x22 ./utilities/fsl_debug_console.o
 .debug_macro   0x00000000000018d2       0xef ./utilities/fsl_debug_console.o
 .debug_macro   0x00000000000019c1       0x6a ./utilities/fsl_debug_console.o
 .debug_macro   0x0000000000001a2b      0x1df ./utilities/fsl_debug_console.o
 .debug_macro   0x0000000000001c0a       0x16 ./utilities/fsl_debug_console.o
 .debug_macro   0x0000000000001c20       0x35 ./utilities/fsl_debug_console.o
 .debug_macro   0x0000000000001c55       0x10 ./utilities/fsl_debug_console.o
 .debug_macro   0x0000000000001c65       0x3f ./utilities/fsl_debug_console.o
 .debug_macro   0x0000000000001ca4       0x3a ./utilities/fsl_debug_console.o
 .debug_macro   0x0000000000001cde       0x26 ./utilities/fsl_debug_console.o
 .debug_macro   0x0000000000001d04      0x329 ./utilities/fsl_debug_console.o
 .debug_macro   0x000000000000202d       0x30 ./utilities/fsl_debug_console.o
 .debug_macro   0x000000000000205d     0x51e2 ./utilities/fsl_debug_console.o
 .debug_macro   0x000000000000723f     0x1352 ./utilities/fsl_debug_console.o
 .debug_macro   0x0000000000008591       0x3a ./utilities/fsl_debug_console.o
 .debug_macro   0x00000000000085cb       0xf4 ./utilities/fsl_debug_console.o
 .debug_macro   0x00000000000086bf       0x35 ./utilities/fsl_debug_console.o
 .debug_macro   0x00000000000086f4       0x34 ./utilities/fsl_debug_console.o
 .debug_macro   0x0000000000008728       0x10 ./utilities/fsl_debug_console.o
 .debug_macro   0x0000000000008738       0x10 ./utilities/fsl_debug_console.o
 .debug_macro   0x0000000000008748       0x2a ./startup/startup_mkl25z4.o
 .debug_macro   0x0000000000008772      0xb5c ./startup/startup_mkl25z4.o
 .debug_macro   0x00000000000092ce      0x21f ./source/I2C.o
 .debug_macro   0x00000000000094ed       0x9c ./source/I2C.o
 .debug_macro   0x0000000000009589       0x16 ./source/I2C.o
 .debug_macro   0x000000000000959f       0x16 ./source/I2C.o
 .debug_macro   0x00000000000095b5       0x1c ./source/I2C.o
 .debug_macro   0x00000000000095d1      0x17b ./source/I2C.o
 .debug_macro   0x000000000000974c       0x43 ./source/I2C.o
 .debug_macro   0x000000000000978f      0x353 ./source/I2C.o
 .debug_macro   0x0000000000009ae2       0x10 ./source/I2C.o
 .debug_macro   0x0000000000009af2       0x35 ./source/I2C.o
 .debug_macro   0x0000000000009b27      0x329 ./source/I2C.o
 .debug_macro   0x0000000000009e50       0x10 ./source/I2C.o
 .debug_macro   0x0000000000009e60       0x10 ./source/I2C.o
 .debug_macro   0x0000000000009e70       0x10 ./source/I2C.o
 .debug_macro   0x0000000000009e80       0x7c ./source/I2C.o
 .debug_macro   0x0000000000009efc      0x22a ./source/MMA8451Q.o
 .debug_macro   0x000000000000a126      0x34e ./source/MMA8451Q.o
 .debug_macro   0x000000000000a474      0x1d1 ./source/MMA8451Q.o
 .debug_macro   0x000000000000a645      0x2fb ./source/TPRaIS_Semestralka.o
 .debug_macro   0x000000000000a940       0x16 ./source/TPRaIS_Semestralka.o
 .debug_macro   0x000000000000a956       0x97 ./source/TPRaIS_Semestralka.o
 .debug_macro   0x000000000000a9ed      0x104 ./source/TPRaIS_Semestralka.o
 .debug_macro   0x000000000000aaf1       0x10 ./source/TPRaIS_Semestralka.o
 .debug_macro   0x000000000000ab01       0x10 ./source/TPRaIS_Semestralka.o
 .debug_macro   0x000000000000ab11       0x1c ./source/TPRaIS_Semestralka.o
 .debug_macro   0x000000000000ab2d       0x52 ./source/TPRaIS_Semestralka.o
 .debug_macro   0x000000000000ab7f       0x40 ./source/TPRaIS_Semestralka.o
 .debug_macro   0x000000000000abbf       0x10 ./source/TPRaIS_Semestralka.o
 .debug_macro   0x000000000000abcf       0x40 ./source/TPRaIS_Semestralka.o
 .debug_macro   0x000000000000ac0f       0xd7 ./source/TPRaIS_Semestralka.o
 .debug_macro   0x000000000000ace6       0x1c ./source/TPRaIS_Semestralka.o
 .debug_macro   0x000000000000ad02       0x3d ./source/TPRaIS_Semestralka.o
 .debug_macro   0x000000000000ad3f       0x16 ./source/TPRaIS_Semestralka.o
 .debug_macro   0x000000000000ad55      0x137 ./source/TPRaIS_Semestralka.o
 .debug_macro   0x000000000000ae8c       0x16 ./source/TPRaIS_Semestralka.o
 .debug_macro   0x000000000000aea2      0x112 ./source/TPRaIS_Semestralka.o
 .debug_macro   0x000000000000afb4       0x3a ./source/TPRaIS_Semestralka.o
 .debug_macro   0x000000000000afee       0x16 ./source/TPRaIS_Semestralka.o
 .debug_macro   0x000000000000b004       0x2f ./source/mtb.o
 .debug_macro   0x000000000000b033       0x82 ./source/mtb.o
 .debug_macro   0x000000000000b0b5       0x10 ./source/mtb.o
 .debug_macro   0x000000000000b0c5       0x11 ./source/semihost_hardfault.o
 .debug_macro   0x000000000000b0d6      0x26a ./drivers/fsl_clock.o
 .debug_macro   0x000000000000b340      0x1c3 ./drivers/fsl_common.o
 .debug_macro   0x000000000000b503      0x1c0 ./drivers/fsl_dma.o
 .debug_macro   0x000000000000b6c3      0x1c0 ./drivers/fsl_gpio.o
 .debug_macro   0x000000000000b883      0x1bf ./drivers/fsl_i2c.o
 .debug_macro   0x000000000000ba42      0x1c0 ./drivers/fsl_lpsci.o
 .debug_macro   0x000000000000bc02      0x1bf ./drivers/fsl_spi.o
 .debug_macro   0x000000000000bdc1       0x10 ./drivers/fsl_spi.o
 .debug_macro   0x000000000000bdd1      0x1c6 ./drivers/fsl_uart.o
 .debug_macro   0x000000000000bf97      0x1e6 ./board/board.o
 .debug_macro   0x000000000000c17d       0x87 ./board/board.o
 .debug_macro   0x000000000000c204       0x51 ./board/board.o
 .debug_macro   0x000000000000c255       0x58 ./board/board.o
 .debug_macro   0x000000000000c2ad      0x1f7 ./board/clock_config.o
 .debug_macro   0x000000000000c4a4       0x1b ./board/peripherals.o
 .debug_macro   0x000000000000c4bf      0x1cb ./board/pin_mux.o
 .debug_macro   0x000000000000c68a       0xbb ./CMSIS/system_MKL25Z4.o

.debug_line     0x0000000000000000     0x667c
 .debug_line    0x0000000000000000      0x829 ./utilities/fsl_debug_console.o
 .debug_line    0x0000000000000829      0x13a ./startup/startup_mkl25z4.o
 .debug_line    0x0000000000000963      0x4a5 ./source/I2C.o
 .debug_line    0x0000000000000e08      0x3f9 ./source/MMA8451Q.o
 .debug_line    0x0000000000001201      0x511 ./source/TPRaIS_Semestralka.o
 .debug_line    0x0000000000001712       0x9e ./source/mtb.o
 .debug_line    0x00000000000017b0       0x54 ./source/semihost_hardfault.o
 .debug_line    0x0000000000001804      0xae1 ./drivers/fsl_clock.o
 .debug_line    0x00000000000022e5      0x3f5 ./drivers/fsl_common.o
 .debug_line    0x00000000000026da      0x643 ./drivers/fsl_dma.o
 .debug_line    0x0000000000002d1d      0x3dd ./drivers/fsl_gpio.o
 .debug_line    0x00000000000030fa      0xb33 ./drivers/fsl_i2c.o
 .debug_line    0x0000000000003c2d      0x890 ./drivers/fsl_lpsci.o
 .debug_line    0x00000000000044bd      0x7ec ./drivers/fsl_spi.o
 .debug_line    0x0000000000004ca9      0x893 ./drivers/fsl_uart.o
 .debug_line    0x000000000000553c      0x3c0 ./board/board.o
 .debug_line    0x00000000000058fc      0x421 ./board/clock_config.o
 .debug_line    0x0000000000005d1d       0x58 ./board/peripherals.o
 .debug_line    0x0000000000005d75      0x3da ./board/pin_mux.o
 .debug_line    0x000000000000614f      0x2c3 ./CMSIS/system_MKL25Z4.o
 .debug_line    0x0000000000006412       0x3e /usr/local/mcuxpressoide-10.2.1_795/ide/tools/bin/../lib/gcc/arm-none-eabi/7.2.1/../../../../arm-none-eabi/lib/thumb/v6-m/libcr_newlib_nohost.a(_exit.o)
 .debug_line    0x0000000000006450      0x117 /usr/local/mcuxpressoide-10.2.1_795/ide/tools/bin/../lib/gcc/arm-none-eabi/7.2.1/../../../../arm-none-eabi/lib/thumb/v6-m/libcr_newlib_nohost.a(getpid.o)
 .debug_line    0x0000000000006567      0x115 /usr/local/mcuxpressoide-10.2.1_795/ide/tools/bin/../lib/gcc/arm-none-eabi/7.2.1/../../../../arm-none-eabi/lib/thumb/v6-m/libcr_newlib_nohost.a(kill.o)

.debug_str      0x0000000000000000    0x3ce4b
 .debug_str     0x0000000000000000    0x33e4f ./utilities/fsl_debug_console.o
                                      0x34394 (size before relaxing)
 .debug_str     0x0000000000033e4f      0x961 ./startup/startup_mkl25z4.o
                                       0x34d1 (size before relaxing)
 .debug_str     0x00000000000347b0      0xf9a ./source/I2C.o
                                      0x34419 (size before relaxing)
 .debug_str     0x000000000003574a      0xc3c ./source/MMA8451Q.o
                                      0x346d5 (size before relaxing)
 .debug_str     0x0000000000036386     0x1efe ./source/TPRaIS_Semestralka.o
                                      0x36789 (size before relaxing)
 .debug_str     0x0000000000038284      0x532 ./source/mtb.o
                                       0x31f9 (size before relaxing)
 .debug_str     0x00000000000387b6       0x1f ./source/semihost_hardfault.o
                                       0x2ce6 (size before relaxing)
 .debug_str     0x00000000000387d5     0x1401 ./drivers/fsl_clock.o
                                      0x349f5 (size before relaxing)
 .debug_str     0x0000000000039bd6      0x2d6 ./drivers/fsl_common.o
                                      0x32fd5 (size before relaxing)
 .debug_str     0x0000000000039eac      0x7cf ./drivers/fsl_dma.o
                                      0x33cb8 (size before relaxing)
 .debug_str     0x000000000003a67b       0x8d ./drivers/fsl_gpio.o
                                      0x33245 (size before relaxing)
 .debug_str     0x000000000003a708      0x88c ./drivers/fsl_i2c.o
                                      0x341cf (size before relaxing)
 .debug_str     0x000000000003af94      0x921 ./drivers/fsl_lpsci.o
                                      0x33ffd (size before relaxing)
 .debug_str     0x000000000003b8b5      0x7b8 ./drivers/fsl_spi.o
                                      0x33dbf (size before relaxing)
 .debug_str     0x000000000003c06d      0x832 ./drivers/fsl_uart.o
                                      0x34020 (size before relaxing)
 .debug_str     0x000000000003c89f       0x4c ./board/board.o
                                      0x33b33 (size before relaxing)
 .debug_str     0x000000000003c8eb      0x300 ./board/clock_config.o
                                      0x33905 (size before relaxing)
 .debug_str     0x000000000003cbeb       0x31 ./board/peripherals.o
                                       0x2cf7 (size before relaxing)
 .debug_str     0x000000000003cc1c       0x7f ./board/pin_mux.o
                                      0x333c5 (size before relaxing)
 .debug_str     0x000000000003cc9b       0x4f ./CMSIS/system_MKL25Z4.o
                                      0x2f371 (size before relaxing)
 .debug_str     0x000000000003ccea      0x11e /usr/local/mcuxpressoide-10.2.1_795/ide/tools/bin/../lib/gcc/arm-none-eabi/7.2.1/../../../../arm-none-eabi/lib/thumb/v6-m/libcr_newlib_nohost.a(_exit.o)
                                        0x1ae (size before relaxing)
 .debug_str     0x000000000003ce08       0x2f /usr/local/mcuxpressoide-10.2.1_795/ide/tools/bin/../lib/gcc/arm-none-eabi/7.2.1/../../../../arm-none-eabi/lib/thumb/v6-m/libcr_newlib_nohost.a(getpid.o)
                                        0x5af (size before relaxing)